Archive member included because of file (symbol)

c:/program files (x86)/atollic/truestudio for arm 5.4.1/armtools/bin/../lib/gcc/arm-atollic-eabi/4.8.3/../../../../arm-atollic-eabi/lib/armv7e-m/fpu\libc_s.a(lib_a-init.o)
                              src\startup_stm32f40xx.o (__libc_init_array)
c:/program files (x86)/atollic/truestudio for arm 5.4.1/armtools/bin/../lib/gcc/arm-atollic-eabi/4.8.3/../../../../arm-atollic-eabi/lib/armv7e-m/fpu\libc_s.a(lib_a-memcmp.o)
                              Libraries\FreeRTOS\tasks.o (memcmp)
c:/program files (x86)/atollic/truestudio for arm 5.4.1/armtools/bin/../lib/gcc/arm-atollic-eabi/4.8.3/../../../../arm-atollic-eabi/lib/armv7e-m/fpu\libc_s.a(lib_a-memcpy-stub.o)
                              Libraries\FreeRTOS\queue.o (memcpy)
c:/program files (x86)/atollic/truestudio for arm 5.4.1/armtools/bin/../lib/gcc/arm-atollic-eabi/4.8.3/../../../../arm-atollic-eabi/lib/armv7e-m/fpu\libc_s.a(lib_a-memset.o)
                              Libraries\FreeRTOS\tasks.o (memset)
c:/program files (x86)/atollic/truestudio for arm 5.4.1/armtools/bin/../lib/gcc/arm-atollic-eabi/4.8.3/../../../../arm-atollic-eabi/lib/armv7e-m/fpu\libc_s.a(lib_a-strlen.o)
                              src\tiny_printf.o (strlen)
c:/program files (x86)/atollic/truestudio for arm 5.4.1/armtools/bin/../lib/gcc/arm-atollic-eabi/4.8.3/../../../../arm-atollic-eabi/lib/armv7e-m/fpu\libc_s.a(lib_a-syscalls.o)
                              src\tiny_printf.o (_write)
c:/program files (x86)/atollic/truestudio for arm 5.4.1/armtools/bin/../lib/gcc/arm-atollic-eabi/4.8.3/../../../../arm-atollic-eabi/lib/armv7e-m/fpu\libc_s.a(lib_a-reent.o)
                              c:/program files (x86)/atollic/truestudio for arm 5.4.1/armtools/bin/../lib/gcc/arm-atollic-eabi/4.8.3/../../../../arm-atollic-eabi/lib/armv7e-m/fpu\libc_s.a(lib_a-syscalls.o) (errno)
c:/program files (x86)/atollic/truestudio for arm 5.4.1/armtools/bin/../lib/gcc/arm-atollic-eabi/4.8.3/../../../../arm-atollic-eabi/lib/armv7e-m/fpu\libc_s.a(lib_a-impure.o)
                              c:/program files (x86)/atollic/truestudio for arm 5.4.1/armtools/bin/../lib/gcc/arm-atollic-eabi/4.8.3/../../../../arm-atollic-eabi/lib/armv7e-m/fpu\libc_s.a(lib_a-reent.o) (_impure_ptr)
c:/program files (x86)/atollic/truestudio for arm 5.4.1/armtools/bin/../lib/gcc/arm-atollic-eabi/4.8.3/../../../../arm-atollic-eabi/lib/armv7e-m/fpu\libc_s.a(lib_a-nano-freer.o)
                              c:/program files (x86)/atollic/truestudio for arm 5.4.1/armtools/bin/../lib/gcc/arm-atollic-eabi/4.8.3/../../../../arm-atollic-eabi/lib/armv7e-m/fpu\libc_s.a(lib_a-reent.o) (_free_r)
c:/program files (x86)/atollic/truestudio for arm 5.4.1/armtools/bin/../lib/gcc/arm-atollic-eabi/4.8.3/../../../../arm-atollic-eabi/lib/armv7e-m/fpu\libc_s.a(lib_a-nano-mallocr.o)
                              c:/program files (x86)/atollic/truestudio for arm 5.4.1/armtools/bin/../lib/gcc/arm-atollic-eabi/4.8.3/../../../../arm-atollic-eabi/lib/armv7e-m/fpu\libc_s.a(lib_a-nano-freer.o) (__malloc_free_list)
c:/program files (x86)/atollic/truestudio for arm 5.4.1/armtools/bin/../lib/gcc/arm-atollic-eabi/4.8.3/../../../../arm-atollic-eabi/lib/armv7e-m/fpu\libc_s.a(lib_a-sbrkr.o)
                              c:/program files (x86)/atollic/truestudio for arm 5.4.1/armtools/bin/../lib/gcc/arm-atollic-eabi/4.8.3/../../../../arm-atollic-eabi/lib/armv7e-m/fpu\libc_s.a(lib_a-nano-mallocr.o) (_sbrk_r)

Allocating common symbols
Common symbol       size              file

set_motor           0x4               src\trafficLight.o
adcPin              0xc               src\trafficLight.o
power_total         0x4               src\trafficLight.o
errno               0x4               c:/program files (x86)/atollic/truestudio for arm 5.4.1/armtools/bin/../lib/gcc/arm-atollic-eabi/4.8.3/../../../../arm-atollic-eabi/lib/armv7e-m/fpu\libc_s.a(lib_a-reent.o)
process_packet      0x1               src\power.o
traffic_future_state
                    0x1               src\trafficLight.o
blinkTrafficLight   0x4               src\trafficLight.o
xPacketQueue        0x4               src\power.o
read_photo          0x4               src\trafficLight.o
power_time          0x2               src\trafficLight.o
delay_done          0x1               src\trafficLight.o
read_power          0x4               src\trafficLight.o
traffic_current_state
                    0x1               src\trafficLight.o
adcClk              0x18              src\trafficLight.o
adcPort             0x18              src\trafficLight.o
traffic_time        0x2               src\trafficLight.o
my_mode             0x1               src\trafficLight.o
received_string     0x10              src\power.o

Discarded input sections

 .text          0x00000000        0x0 c:/program files (x86)/atollic/truestudio for arm 5.4.1/armtools/bin/../lib/gcc/arm-atollic-eabi/4.8.3/armv7e-m/fpu/crti.o
[...]
Memory Configuration

Name             Origin             Length             Attributes
FLASH            0x08000000         0x00100000         xr
RAM              0x20000000         0x00020000         xrw
MEMORY_B1        0x60000000         0x00000000         xr
CCMRAM           0x10000000         0x00010000         rw
*default*        0x00000000         0xffffffff

Linker script and memory map

LOAD c:/program files (x86)/atollic/truestudio for arm 5.4.1/armtools/bin/../lib/gcc/arm-atollic-eabi/4.8.3/armv7e-m/fpu/crti.o
LOAD c:/program files (x86)/atollic/truestudio for arm 5.4.1/armtools/bin/../lib/gcc/arm-atollic-eabi/4.8.3/armv7e-m/fpu/crtbegin.o
LOAD src\trafficLight.o
LOAD src\tiny_printf.o
LOAD src\system_stm32f4xx.o
LOAD src\swTimer.o
LOAD src\stm32f4xx_it.o
LOAD src\startup_stm32f40xx.o
LOAD src\power.o
LOAD src\photo.o
LOAD src\packet.o
LOAD src\motor.o
LOAD src\main.o
LOAD src\hardware.o
LOAD Libraries\STM32F4xx_StdPeriph_Driver\src\stm32f4xx_wwdg.o
LOAD Libraries\STM32F4xx_StdPeriph_Driver\src\stm32f4xx_usart.o
LOAD Libraries\STM32F4xx_StdPeriph_Driver\src\stm32f4xx_tim.o
LOAD Libraries\STM32F4xx_StdPeriph_Driver\src\stm32f4xx_syscfg.o
LOAD Libraries\STM32F4xx_StdPeriph_Driver\src\stm32f4xx_spi.o
LOAD Libraries\STM32F4xx_StdPeriph_Driver\src\stm32f4xx_sdio.o
LOAD Libraries\STM32F4xx_StdPeriph_Driver\src\stm32f4xx_rtc.o
LOAD Libraries\STM32F4xx_StdPeriph_Driver\src\stm32f4xx_rng.o
LOAD Libraries\STM32F4xx_StdPeriph_Driver\src\stm32f4xx_rcc.o
LOAD Libraries\STM32F4xx_StdPeriph_Driver\src\stm32f4xx_pwr.o
LOAD Libraries\STM32F4xx_StdPeriph_Driver\src\stm32f4xx_iwdg.o
LOAD Libraries\STM32F4xx_StdPeriph_Driver\src\stm32f4xx_i2c.o
LOAD Libraries\STM32F4xx_StdPeriph_Driver\src\stm32f4xx_hash_sha1.o
LOAD Libraries\STM32F4xx_StdPeriph_Driver\src\stm32f4xx_hash_md5.o
LOAD Libraries\STM32F4xx_StdPeriph_Driver\src\stm32f4xx_hash.o
LOAD Libraries\STM32F4xx_StdPeriph_Driver\src\stm32f4xx_gpio.o
LOAD Libraries\STM32F4xx_StdPeriph_Driver\src\stm32f4xx_fsmc.o
LOAD Libraries\STM32F4xx_StdPeriph_Driver\src\stm32f4xx_flash.o
LOAD Libraries\STM32F4xx_StdPeriph_Driver\src\stm32f4xx_exti.o
LOAD Libraries\STM32F4xx_StdPeriph_Driver\src\stm32f4xx_dma.o
LOAD Libraries\STM32F4xx_StdPeriph_Driver\src\stm32f4xx_dcmi.o
LOAD Libraries\STM32F4xx_StdPeriph_Driver\src\stm32f4xx_dbgmcu.o
LOAD Libraries\STM32F4xx_StdPeriph_Driver\src\stm32f4xx_dac.o
LOAD Libraries\STM32F4xx_StdPeriph_Driver\src\stm32f4xx_cryp_tdes.o
LOAD Libraries\STM32F4xx_StdPeriph_Driver\src\stm32f4xx_cryp_des.o
LOAD Libraries\STM32F4xx_StdPeriph_Driver\src\stm32f4xx_cryp_aes.o
LOAD Libraries\STM32F4xx_StdPeriph_Driver\src\stm32f4xx_cryp.o
LOAD Libraries\STM32F4xx_StdPeriph_Driver\src\stm32f4xx_crc.o
LOAD Libraries\STM32F4xx_StdPeriph_Driver\src\stm32f4xx_can.o
LOAD Libraries\STM32F4xx_StdPeriph_Driver\src\stm32f4xx_adc.o
LOAD Libraries\STM32F4xx_StdPeriph_Driver\src\misc.o
LOAD Libraries\FreeRTOS\timers.o
LOAD Libraries\FreeRTOS\tasks.o
LOAD Libraries\FreeRTOS\queue.o
LOAD Libraries\FreeRTOS\list.o
LOAD Libraries\FreeRTOS\event_groups.o
LOAD Libraries\FreeRTOS\croutine.o
LOAD Libraries\FreeRTOS\Portable\port.o
LOAD Libraries\FreeRTOS\Portable\heap_4.o
START GROUP
LOAD c:/program files (x86)/atollic/truestudio for arm 5.4.1/armtools/bin/../lib/gcc/arm-atollic-eabi/4.8.3/../../../../arm-atollic-eabi/lib/armv7e-m/fpu\libc_s.a
LOAD c:/program files (x86)/atollic/truestudio for arm 5.4.1/armtools/bin/../lib/gcc/arm-atollic-eabi/4.8.3/../../../../arm-atollic-eabi/lib/armv7e-m/fpu\libm.a
END GROUP
                0x00001000                malloc_getpagesize_P = 0x1000
START GROUP
LOAD c:/program files (x86)/atollic/truestudio for arm 5.4.1/armtools/bin/../lib/gcc/arm-atollic-eabi/4.8.3/armv7e-m/fpu\libgcc.a
LOAD c:/program files (x86)/atollic/truestudio for arm 5.4.1/armtools/bin/../lib/gcc/arm-atollic-eabi/4.8.3/../../../../arm-atollic-eabi/lib/armv7e-m/fpu\libc.a
END GROUP
LOAD c:/program files (x86)/atollic/truestudio for arm 5.4.1/armtools/bin/../lib/gcc/arm-atollic-eabi/4.8.3/armv7e-m/fpu/crtend.o
LOAD c:/program files (x86)/atollic/truestudio for arm 5.4.1/armtools/bin/../lib/gcc/arm-atollic-eabi/4.8.3/armv7e-m/fpu/crtn.o
                0x20020000                _estack = 0x20020000
                0x00000000                _Min_Heap_Size = 0x0
                0x00000400                _Min_Stack_Size = 0x400

.isr_vector     0x08000000      0x188
                0x08000000                . = ALIGN (0x4)
 *(.isr_vector)
 .isr_vector    0x08000000      0x188 src\startup_stm32f40xx.o
                0x08000000                g_pfnVectors
                0x08000188                . = ALIGN (0x4)

.text           0x08000188     0x8bc8
                0x08000188                . = ALIGN (0x4)
 *(.text)
 .text          0x08000188       0x40 c:/program files (x86)/atollic/truestudio for arm 5.4.1/armtools/bin/../lib/gcc/arm-atollic-eabi/4.8.3/armv7e-m/fpu/crtbegin.o
 .text          0x080001c8       0x88 src\trafficLight.o
                0x080001c8                prvblinkTrafficLightCallback
 .text          0x08000250      0x254 src\system_stm32f4xx.o
                0x08000250                SystemInit
                0x080002b8                SystemCoreClockUpdate
 .text          0x080004a4      0x13c src\swTimer.o
                0x080004a4                swTimerInit
                0x080004d8                swTimerStart
                0x0800051c                swTimerStop
                0x08000554                swIsTimerActive
                0x08000578                prvDelayCallback
                0x08000594                swDelay
 .text          0x080005e0       0x38 src\stm32f4xx_it.o
                0x080005e0                NMI_Handler
                0x080005ec                HardFault_Handler
                0x080005f4                MemManage_Handler
                0x080005fc                BusFault_Handler
                0x08000604                UsageFault_Handler
                0x0800060c                DebugMon_Handler
 .text          0x08000618       0xbc src\power.o
                0x08000618                prvReadPowerCallback
 .text          0x080006d4      0x168 src\photo.o
                0x080006d4                prvReadPhotoCallback
 .text          0x0800083c      0x6f0 src\packet.o
                0x0800083c                sendPacket
                0x080008e0                sendAck
                0x08000960                sendPing
                0x080009bc                sendSetMode
                0x08000a18                sendPowerConsumption
                0x08000aac                handlePacket
                0x08000bb8                handleAck
                0x08000bf4                handlePing
                0x08000c50                handleTrafficLightCurrent
                0x08000cb0                handleTrafficLightFuture
                0x08000d54                handleChangeMode
                0x08000db4                pack
                0x08000df8                unpack
                0x08000e5c                USART3_IRQHandler
                0x08000eec                copyString
 .text          0x08000f2c      0x13c src\motor.o
                0x08000f2c                setMotor
                0x08000fb0                pwmSet
                0x08001048                prvSetMotorCallback
 .text          0x08001068      0x418 src\main.o
                0x08001068                main
                0x080010a0                prvSetupTask
                0x08001244                prvConnectTask
                0x08001320                prvModeOfOperationTask
                0x080013ec                prvTrafficLightTask
                0x08001454                vApplicationMallocFailedHook
                0x0800145c                vApplicationStackOverflowHook
                0x08001468                vApplicationIdleHook
 .text          0x08001480      0x3c0 src\hardware.o
                0x08001480                ledInit
                0x08001518                wifiInit
                0x08001568                wifiConfig
                0x080015d4                pwmInit
                0x08001658                pwmTimerConfig
                0x08001698                photoResistorInit
                0x080016e4                adcConfig
                0x0800172c                measuredPowerInit
                0x08001774                ultrasonicInit
                0x080017b4                extiConfig
                0x080017fc                ultrasonicTimerConfig
 .text          0x08001840      0x958 Libraries\STM32F4xx_StdPeriph_Driver\src\stm32f4xx_usart.o
                0x08001840                USART_DeInit
                0x08001954                USART_Init
                0x08001ac8                USART_StructInit
                0x08001b00                USART_ClockInit
                0x08001b54                USART_ClockStructInit
                0x08001b80                USART_Cmd
                0x08001bc0                USART_SetPrescaler
                0x08001bf8                USART_OverSampling8Cmd
                0x08001c3c                USART_OneBitMethodCmd
                0x08001c7c                USART_SendData
                0x08001ca0                USART_ReceiveData
                0x08001cc0                USART_SetAddress
                0x08001cf8                USART_ReceiverWakeUpCmd
                0x08001d38                USART_WakeUpConfig
                0x08001d70                USART_LINBreakDetectLengthConfig
                0x08001da8                USART_LINCmd
                0x08001de8                USART_SendBreak
                0x08001e0c                USART_HalfDuplexCmd
                0x08001e4c                USART_SetGuardTime
                0x08001e88                USART_SmartCardCmd
                0x08001ec8                USART_SmartCardNACKCmd
                0x08001f08                USART_IrDAConfig
                0x08001f40                USART_IrDACmd
                0x08001f80                USART_DMACmd
                0x08001fc8                USART_ITConfig
                0x08002058                USART_GetFlagStatus
                0x08002090                USART_ClearFlag
                0x080020b0                USART_GetITStatus
                0x08002160                USART_ClearITPendingBit
 .text          0x08002198     0x1b80 Libraries\STM32F4xx_StdPeriph_Driver\src\stm32f4xx_tim.o
                0x08002198                TIM_DeInit
                0x08002354                TIM_TimeBaseInit
                0x08002428                TIM_TimeBaseStructInit
                0x0800245c                TIM_PrescalerConfig
                0x08002484                TIM_CounterModeConfig
                0x080024bc                TIM_SetCounter
                0x080024d8                TIM_SetAutoreload
                0x080024f4                TIM_GetCounter
                0x0800250c                TIM_GetPrescaler
                0x08002528                TIM_UpdateDisableConfig
                0x08002568                TIM_UpdateRequestConfig
                0x080025a8                TIM_ARRPreloadConfig
                0x080025e8                TIM_SelectOnePulseMode
                0x08002620                TIM_SetClockDivision
                0x08002658                TIM_Cmd
                0x08002698                TIM_OC1Init
                0x0800278c                TIM_OC2Init
                0x0800289c                TIM_OC3Init
                0x080029a8                TIM_OC4Init
                0x08002a74                TIM_OCStructInit
                0x08002ab8                TIM_SelectOCxM
                0x08002b64                TIM_SetCompare1
                0x08002b80                TIM_SetCompare2
                0x08002b9c                TIM_SetCompare3
                0x08002bb8                TIM_SetCompare4
                0x08002bd4                TIM_ForcedOC1Config
                0x08002c0c                TIM_ForcedOC2Config
                0x08002c48                TIM_ForcedOC3Config
                0x08002c80                TIM_ForcedOC4Config
                0x08002cbc                TIM_OC1PreloadConfig
                0x08002cf4                TIM_OC2PreloadConfig
                0x08002d30                TIM_OC3PreloadConfig
                0x08002d68                TIM_OC4PreloadConfig
                0x08002da4                TIM_OC1FastConfig
                0x08002ddc                TIM_OC2FastConfig
                0x08002e18                TIM_OC3FastConfig
                0x08002e50                TIM_OC4FastConfig
                0x08002e8c                TIM_ClearOC1Ref
                0x08002ec4                TIM_ClearOC2Ref
                0x08002f00                TIM_ClearOC3Ref
                0x08002f38                TIM_ClearOC4Ref
                0x08002f74                TIM_OC1PolarityConfig
                0x08002fac                TIM_OC1NPolarityConfig
                0x08002fe4                TIM_OC2PolarityConfig
                0x08003020                TIM_OC2NPolarityConfig
                0x0800305c                TIM_OC3PolarityConfig
                0x08003098                TIM_OC3NPolarityConfig
                0x080030d4                TIM_OC4PolarityConfig
                0x08003110                TIM_CCxCmd
                0x08003164                TIM_CCxNCmd
                0x080031b8                TIM_ICInit
                0x08003260                TIM_ICStructInit
                0x08003290                TIM_PWMIConfig
                0x08003348                TIM_GetCapture1
                0x08003360                TIM_GetCapture2
                0x08003378                TIM_GetCapture3
                0x08003390                TIM_GetCapture4
                0x080033a8                TIM_SetIC1Prescaler
                0x080033e0                TIM_SetIC2Prescaler
                0x0800341c                TIM_SetIC3Prescaler
                0x08003454                TIM_SetIC4Prescaler
                0x08003490                TIM_BDTRConfig
                0x080034e0                TIM_BDTRStructInit
                0x0800351c                TIM_CtrlPWMOutputs
                0x08003568                TIM_SelectCOM
                0x080035a8                TIM_CCPreloadControl
                0x080035e8                TIM_ITConfig
                0x08003630                TIM_GenerateEvent
                0x0800364c                TIM_GetFlagStatus
                0x08003684                TIM_ClearFlag
                0x080036a4                TIM_GetITStatus
                0x080036f8                TIM_ClearITPendingBit
                0x08003718                TIM_DMAConfig
                0x08003740                TIM_DMACmd
                0x08003788                TIM_SelectCCDMA
                0x080037c8                TIM_InternalClockConfig
                0x080037ec                TIM_ITRxExternalClockConfig
                0x08003818                TIM_TIxExternalClockConfig
                0x0800386c                TIM_ETRClockMode1Config
                0x080038bc                TIM_ETRClockMode2Config
                0x080038ec                TIM_SelectInputTrigger
                0x08003924                TIM_SelectOutputTrigger
                0x0800395c                TIM_SelectSlaveMode
                0x08003994                TIM_SelectMasterSlaveMode
                0x080039cc                TIM_ETRConfig
                0x08003a14                TIM_EncoderInterfaceConfig
                0x08003aa0                TIM_SelectHallSensor
                0x08003ae0                TIM_RemapConfig
 .text          0x08003d18      0x128 Libraries\STM32F4xx_StdPeriph_Driver\src\stm32f4xx_syscfg.o
                0x08003d18                SYSCFG_DeInit
                0x08003d34                SYSCFG_MemoryRemapConfig
                0x08003d54                SYSCFG_EXTILineConfig
                0x08003dd0                SYSCFG_ETH_MediaInterfaceConfig
                0x08003dec                SYSCFG_CompensationCellCmd
                0x08003e0c                SYSCFG_GetCompensationCellStatus
 .text          0x08003e40      0xaa4 Libraries\STM32F4xx_StdPeriph_Driver\src\stm32f4xx_rcc.o
                0x08003e40                RCC_DeInit
                0x08003e9c                RCC_HSEConfig
                0x08003ec0                RCC_WaitForHSEStartUp
                0x08003f10                RCC_AdjustHSICalibrationValue
                0x08003f4c                RCC_HSICmd
                0x08003f6c                RCC_LSEConfig
                0x08003fac                RCC_LSICmd
                0x08003fcc                RCC_PLLConfig
                0x08004008                RCC_PLLCmd
                0x08004028                RCC_PLLI2SConfig
                0x08004050                RCC_PLLI2SCmd
                0x08004070                RCC_ClockSecuritySystemCmd
                0x08004090                RCC_MCO1Config
                0x080040cc                RCC_MCO2Config
                0x08004108                RCC_SYSCLKConfig
                0x08004140                RCC_GetSYSCLKSource
                0x08004160                RCC_HCLKConfig
                0x08004198                RCC_PCLK1Config
                0x080041d0                RCC_PCLK2Config
                0x08004208                RCC_GetClocksFreq
                0x0800435c                RCC_RTCCLKConfig
                0x080043b8                RCC_RTCCLKCmd
                0x080043d8                RCC_BackupResetCmd
                0x080043f8                RCC_I2SCLKConfig
                0x08004414                RCC_TIMCLKPresConfig
                0x08004430                RCC_AHB1PeriphClockCmd
                0x0800446c                RCC_AHB2PeriphClockCmd
                0x080044a8                RCC_AHB3PeriphClockCmd
                0x080044e4                RCC_APB1PeriphClockCmd
                0x08004520                RCC_APB2PeriphClockCmd
                0x0800455c                RCC_AHB1PeriphResetCmd
                0x08004598                RCC_AHB2PeriphResetCmd
                0x080045d4                RCC_AHB3PeriphResetCmd
                0x08004610                RCC_APB1PeriphResetCmd
                0x0800464c                RCC_APB2PeriphResetCmd
                0x08004688                RCC_AHB1PeriphClockLPModeCmd
                0x080046c4                RCC_AHB2PeriphClockLPModeCmd
                0x08004700                RCC_AHB3PeriphClockLPModeCmd
                0x0800473c                RCC_APB1PeriphClockLPModeCmd
                0x08004778                RCC_APB2PeriphClockLPModeCmd
                0x080047b4                RCC_ITConfig
                0x080047fc                RCC_GetFlagStatus
                0x08004870                RCC_ClearFlag
                0x0800488c                RCC_GetITStatus
                0x080048c4                RCC_ClearITPendingBit
 .text          0x080048e4      0x488 Libraries\STM32F4xx_StdPeriph_Driver\src\stm32f4xx_gpio.o
                0x080048e4                GPIO_DeInit
                0x08004a04                GPIO_Init
                0x08004b20                GPIO_StructInit
                0x08004b54                GPIO_PinLockConfig
                0x08004b98                GPIO_ReadInputDataBit
                0x08004bcc                GPIO_ReadInputData
                0x08004be8                GPIO_ReadOutputDataBit
                0x08004c1c                GPIO_ReadOutputData
                0x08004c38                GPIO_SetBits
                0x08004c54                GPIO_ResetBits
                0x08004c70                GPIO_WriteBit
                0x08004ca0                GPIO_Write
                0x08004cbc                GPIO_ToggleBits
                0x08004ce0                GPIO_PinAFConfig
 .text          0x08004d6c      0x214 Libraries\STM32F4xx_StdPeriph_Driver\src\stm32f4xx_exti.o
                0x08004d6c                EXTI_DeInit
                0x08004da0                EXTI_Init
                0x08004e7c                EXTI_StructInit
                0x08004ea8                EXTI_GenerateSWInterrupt
                0x08004ecc                EXTI_GetFlagStatus
                0x08004f00                EXTI_ClearFlag
                0x08004f1c                EXTI_GetITStatus
                0x08004f64                EXTI_ClearITPendingBit
 .text          0x08004f80      0xa68 Libraries\STM32F4xx_StdPeriph_Driver\src\stm32f4xx_adc.o
                0x08004f80                ADC_DeInit
                0x08004f9c                ADC_Init
                0x08005044                ADC_StructInit
                0x08005080                ADC_CommonInit
                0x080050d0                ADC_CommonStructInit
                0x080050fc                ADC_Cmd
                0x08005134                ADC_AnalogWatchdogCmd
                0x0800516c                ADC_AnalogWatchdogThresholdsConfig
                0x08005194                ADC_AnalogWatchdogSingleChannelConfig
                0x080051cc                ADC_TempSensorVrefintCmd
                0x08005204                ADC_VBATCmd
                0x0800523c                ADC_RegularChannelConfig
                0x080053c4                ADC_SoftwareStartConv
                0x080053e4                ADC_GetSoftwareStartConvStatus
                0x08005414                ADC_EOCOnEachRegularChannelCmd
                0x0800544c                ADC_ContinuousModeCmd
                0x08005484                ADC_DiscModeChannelCountConfig
                0x080054c8                ADC_DiscModeCmd
                0x08005500                ADC_GetConversionValue
                0x0800551c                ADC_GetMultiModeConversionValue
                0x08005534                ADC_DMACmd
                0x0800556c                ADC_DMARequestAfterLastTransferCmd
                0x080055a4                ADC_MultiModeDMARequestAfterLastTransferCmd
                0x080055dc                ADC_InjectedChannelConfig
                0x080056f0                ADC_InjectedSequencerLengthConfig
                0x08005734                ADC_SetInjectedOffset
                0x08005764                ADC_ExternalTrigInjectedConvConfig
                0x08005798                ADC_ExternalTrigInjectedConvEdgeConfig
                0x080057cc                ADC_SoftwareStartInjectedConv
                0x080057ec                ADC_GetSoftwareStartInjectedConvCmdStatus
                0x0800581c                ADC_AutoInjectedConvCmd
                0x08005854                ADC_InjectedDiscModeCmd
                0x0800588c                ADC_GetInjectedConversionValue
                0x080058bc                ADC_ITConfig
                0x0800590c                ADC_GetFlagStatus
                0x08005940                ADC_ClearFlag
                0x08005960                ADC_GetITStatus
                0x080059bc                ADC_ClearITPendingBit
 .text          0x080059e8      0x184 Libraries\STM32F4xx_StdPeriph_Driver\src\misc.o
                0x080059e8                NVIC_PriorityGroupConfig
                0x08005a0c                NVIC_Init
                0x08005ac8                NVIC_SetVectorTable
                0x08005af4                NVIC_SystemLPConfig
                0x08005b34                SysTick_CLKSourceConfig
 .text          0x08005b6c      0x59c Libraries\FreeRTOS\timers.o
                0x08005b6c                xTimerCreateTimerTask
                0x08005bb8                xTimerCreate
                0x08005c18                xTimerGenericCommand
                0x08005ca4                pcTimerGetTimerName
                0x080060bc                xTimerIsTimerActive
                0x080060ec                pvTimerGetTimerID
 .text          0x08006108     0x1a24 Libraries\FreeRTOS\tasks.o
                0x08006108                xTaskGenericCreate
                0x0800624c                vTaskDelete
                0x08006330                vTaskDelayUntil
                0x080063f8                vTaskDelay
                0x0800647c                uxTaskPriorityGet
                0x080064b0                uxTaskPriorityGetFromISR
                0x08006508                vTaskPrioritySet
                0x08006648                vTaskSuspend
                0x08006794                vTaskResume
                0x08006830                xTaskResumeFromISR
                0x080068f0                vTaskStartScheduler
                0x08006960                vTaskEndScheduler
                0x0800698c                vTaskSuspendAll
                0x080069a8                xTaskResumeAll
                0x08006ab4                xTaskGetTickCount
                0x08006ad4                xTaskGetTickCountFromISR
                0x08006af8                uxTaskGetNumberOfTasks
                0x08006b10                xTaskIncrementTick
                0x08006c6c                vTaskSwitchContext
                0x08006d40                vTaskPlaceOnEventList
                0x08006dc0                vTaskPlaceOnUnorderedEventList
                0x08006e50                vTaskPlaceOnEventListRestricted
                0x08006eb4                xTaskRemoveFromEventList
                0x08006f5c                xTaskRemoveFromUnorderedEventList
                0x08006fec                vTaskSetTimeOutState
                0x08007018                xTaskCheckForTimeOut
                0x080070a0                vTaskMissedYield
                0x080073c4                xTaskGetCurrentTaskHandle
                0x080073e4                xTaskGetSchedulerState
                0x08007420                vTaskPriorityInherit
                0x0800750c                xTaskPriorityDisinherit
                0x080075d4                uxTaskResetEventItemValue
                0x08007604                pvTaskIncrementMutexHeldCount
                0x0800762c                ulTaskNotifyTake
                0x08007714                xTaskNotifyWait
                0x08007820                xTaskNotify
                0x0800791c                xTaskNotifyFromISR
                0x08007a54                vTaskNotifyGiveFromISR
 .text          0x08007b2c      0xa18 Libraries\FreeRTOS\queue.o
                0x08007b2c                xQueueGenericReset
                0x08007be0                xQueueGenericCreate
                0x08007c5c                xQueueCreateMutex
                0x08007cd8                xQueueGenericSend
                0x08007e24                xQueueGenericSendFromISR
                0x08007ec8                xQueueGiveFromISR
                0x08007f60                xQueueGenericReceive
                0x080080f8                xQueueReceiveFromISR
                0x08008198                xQueuePeekFromISR
                0x080081fc                uxQueueMessagesWaiting
                0x0800821c                uxQueueSpacesAvailable
                0x08008248                uxQueueMessagesWaitingFromISR
                0x08008264                vQueueDelete
                0x08008468                xQueueIsQueueEmptyFromISR
                0x080084c0                xQueueIsQueueFullFromISR
                0x080084ec                vQueueWaitForMessageRestricted
 .text          0x08008544      0x164 Libraries\FreeRTOS\list.o
                0x08008544                vListInitialise
                0x08008584                vListInitialiseItem
                0x0800859c                vListInsertEnd
                0x080085e4                vListInsert
                0x08008654                uxListRemove
 .text          0x080086a8      0x258 Libraries\FreeRTOS\Portable\port.o
                0x080086a8                pxPortInitialiseStack
                0x08008728                SVC_Handler
                0x08008764                xPortStartScheduler
                0x080087b4                vPortEndScheduler
                0x080087c0                vPortEnterCritical
                0x080087f0                vPortExitCritical
                0x08008820                PendSV_Handler
                0x08008880                SysTick_Handler
                0x080088c4                vPortSetupTimerInterrupt
 .text          0x08008900      0x350 Libraries\FreeRTOS\Portable\heap_4.o
                0x08008900                pvPortMalloc
                0x08008a30                vPortFree
                0x08008aa0                xPortGetFreeHeapSize
                0x08008ab8                xPortGetMinimumEverFreeHeapSize
                0x08008ad0                vPortInitialiseBlocks
 *(.text*)
 .text.Reset_Handler
                0x08008c50       0x58 src\startup_stm32f40xx.o
                0x08008c50                Reset_Handler
 .text.Default_Handler
                0x08008ca8        0x4 src\startup_stm32f40xx.o
                0x08008ca8                RTC_Alarm_IRQHandler
                0x08008ca8                HASH_RNG_IRQHandler
                0x08008ca8                EXTI2_IRQHandler
                0x08008ca8                TIM8_CC_IRQHandler
                0x08008ca8                TIM1_CC_IRQHandler
                0x08008ca8                DMA2_Stream5_IRQHandler
                0x08008ca8                DMA1_Stream5_IRQHandler
                0x08008ca8                PVD_IRQHandler
                0x08008ca8                SDIO_IRQHandler
                0x08008ca8                TAMP_STAMP_IRQHandler
                0x08008ca8                CAN2_RX1_IRQHandler
                0x08008ca8                EXTI3_IRQHandler
                0x08008ca8                TIM8_TRG_COM_TIM14_IRQHandler
                0x08008ca8                TIM1_UP_TIM10_IRQHandler
                0x08008ca8                TIM8_UP_TIM13_IRQHandler
                0x08008ca8                I2C3_ER_IRQHandler
                0x08008ca8                EXTI0_IRQHandler
                0x08008ca8                I2C2_EV_IRQHandler
                0x08008ca8                DMA1_Stream2_IRQHandler
                0x08008ca8                CAN1_RX0_IRQHandler
                0x08008ca8                FPU_IRQHandler
                0x08008ca8                OTG_HS_WKUP_IRQHandler
                0x08008ca8                CAN2_SCE_IRQHandler
                0x08008ca8                DMA2_Stream2_IRQHandler
                0x08008ca8                SPI1_IRQHandler
                0x08008ca8                TIM6_DAC_IRQHandler
                0x08008ca8                TIM1_BRK_TIM9_IRQHandler
                0x08008ca8                DCMI_IRQHandler
                0x08008ca8                CAN2_RX0_IRQHandler
                0x08008ca8                DMA2_Stream3_IRQHandler
                0x08008ca8                USART6_IRQHandler
                0x08008ca8                CRYP_IRQHandler
                0x08008ca8                CAN1_RX1_IRQHandler
                0x08008ca8                UART5_IRQHandler
                0x08008ca8                DMA2_Stream0_IRQHandler
                0x08008ca8                TIM4_IRQHandler
                0x08008ca8                I2C1_EV_IRQHandler
                0x08008ca8                DMA1_Stream6_IRQHandler
                0x08008ca8                DMA1_Stream1_IRQHandler
                0x08008ca8                UART4_IRQHandler
                0x08008ca8                TIM3_IRQHandler
                0x08008ca8                RCC_IRQHandler
                0x08008ca8                TIM8_BRK_TIM12_IRQHandler
                0x08008ca8                Default_Handler
                0x08008ca8                EXTI15_10_IRQHandler
                0x08008ca8                ADC_IRQHandler
                0x08008ca8                DMA1_Stream7_IRQHandler
                0x08008ca8                TIM7_IRQHandler
                0x08008ca8                CAN2_TX_IRQHandler
                0x08008ca8                TIM5_IRQHandler
                0x08008ca8                DMA2_Stream7_IRQHandler
                0x08008ca8                I2C3_EV_IRQHandler
                0x08008ca8                EXTI9_5_IRQHandler
                0x08008ca8                RTC_WKUP_IRQHandler
                0x08008ca8                ETH_WKUP_IRQHandler
                0x08008ca8                SPI2_IRQHandler
                0x08008ca8                OTG_HS_EP1_IN_IRQHandler
                0x08008ca8                DMA1_Stream0_IRQHandler
                0x08008ca8                CAN1_TX_IRQHandler
                0x08008ca8                EXTI4_IRQHandler
                0x08008ca8                FSMC_IRQHandler
                0x08008ca8                ETH_IRQHandler
                0x08008ca8                OTG_HS_EP1_OUT_IRQHandler
                0x08008ca8                WWDG_IRQHandler
                0x08008ca8                TIM2_IRQHandler
                0x08008ca8                OTG_FS_WKUP_IRQHandler
                0x08008ca8                TIM1_TRG_COM_TIM11_IRQHandler
                0x08008ca8                OTG_HS_IRQHandler
                0x08008ca8                EXTI1_IRQHandler
                0x08008ca8                USART2_IRQHandler
                0x08008ca8                I2C2_ER_IRQHandler
                0x08008ca8                DMA2_Stream1_IRQHandler
                0x08008ca8                CAN1_SCE_IRQHandler
                0x08008ca8                FLASH_IRQHandler
                0x08008ca8                DMA2_Stream4_IRQHandler
                0x08008ca8                USART1_IRQHandler
                0x08008ca8                OTG_FS_IRQHandler
                0x08008ca8                SPI3_IRQHandler
                0x08008ca8                DMA1_Stream4_IRQHandler
                0x08008ca8                I2C1_ER_IRQHandler
                0x08008ca8                DMA2_Stream6_IRQHandler
                0x08008ca8                DMA1_Stream3_IRQHandler
 .text.__libc_init_array
                0x08008cac       0x4c c:/program files (x86)/atollic/truestudio for arm 5.4.1/armtools/bin/../lib/gcc/arm-atollic-eabi/4.8.3/../../../../arm-atollic-eabi/lib/armv7e-m/fpu\libc_s.a(lib_a-init.o)
                0x08008cac                __libc_init_array
 .text.memcmp   0x08008cf8       0x1e c:/program files (x86)/atollic/truestudio for arm 5.4.1/armtools/bin/../lib/gcc/arm-atollic-eabi/4.8.3/../../../../arm-atollic-eabi/lib/armv7e-m/fpu\libc_s.a(lib_a-memcmp.o)
                0x08008cf8                memcmp
 .text.memcpy   0x08008d16       0x12 c:/program files (x86)/atollic/truestudio for arm 5.4.1/armtools/bin/../lib/gcc/arm-atollic-eabi/4.8.3/../../../../arm-atollic-eabi/lib/armv7e-m/fpu\libc_s.a(lib_a-memcpy-stub.o)
                0x08008d16                memcpy
 .text.memset   0x08008d28       0x10 c:/program files (x86)/atollic/truestudio for arm 5.4.1/armtools/bin/../lib/gcc/arm-atollic-eabi/4.8.3/../../../../arm-atollic-eabi/lib/armv7e-m/fpu\libc_s.a(lib_a-memset.o)
                0x08008d28                memset
 *(.glue_7)
 .glue_7        0x00000000        0x0 linker stubs
 *(.glue_7t)
 .glue_7t       0x00000000        0x0 linker stubs
 *(.eh_frame)
 .eh_frame      0x08008d38        0x0 c:/program files (x86)/atollic/truestudio for arm 5.4.1/armtools/bin/../lib/gcc/arm-atollic-eabi/4.8.3/armv7e-m/fpu/crtbegin.o
 *(.init)
 .init          0x08008d38        0x4 c:/program files (x86)/atollic/truestudio for arm 5.4.1/armtools/bin/../lib/gcc/arm-atollic-eabi/4.8.3/armv7e-m/fpu/crti.o
                0x08008d38                _init
 .init          0x08008d3c        0x8 c:/program files (x86)/atollic/truestudio for arm 5.4.1/armtools/bin/../lib/gcc/arm-atollic-eabi/4.8.3/armv7e-m/fpu/crtn.o
 *(.fini)
 .fini          0x08008d44        0x4 c:/program files (x86)/atollic/truestudio for arm 5.4.1/armtools/bin/../lib/gcc/arm-atollic-eabi/4.8.3/armv7e-m/fpu/crti.o
                0x08008d44                _fini
 .fini          0x08008d48        0x8 c:/program files (x86)/atollic/truestudio for arm 5.4.1/armtools/bin/../lib/gcc/arm-atollic-eabi/4.8.3/armv7e-m/fpu/crtn.o
                0x08008d50                . = ALIGN (0x4)
                0x08008d50                _etext = .

.vfp11_veneer   0x08008d50        0x0
 .vfp11_veneer  0x00000000        0x0 linker stubs

.v4_bx          0x08008d50        0x0
 .v4_bx         0x00000000        0x0 linker stubs

.iplt           0x08008d50        0x0
 .iplt          0x00000000        0x0 c:/program files (x86)/atollic/truestudio for arm 5.4.1/armtools/bin/../lib/gcc/arm-atollic-eabi/4.8.3/armv7e-m/fpu/crtbegin.o

.rodata         0x08008d50       0x8c
                0x08008d50                . = ALIGN (0x4)
 *(.rodata)
 .rodata        0x08008d50        0x4 src\swTimer.o
 .rodata        0x08008d54       0x30 src\packet.o
 .rodata        0x08008d84       0x34 src\main.o
 .rodata        0x08008db8        0x8 Libraries\FreeRTOS\timers.o
 .rodata        0x08008dc0        0x8 Libraries\FreeRTOS\tasks.o
 *(.rodata*)
 .rodata.ucExpectedStackBytes.5329
                0x08008dc8       0x14 Libraries\FreeRTOS\tasks.o
                0x08008ddc                . = ALIGN (0x4)

.rel.dyn        0x08008ddc        0x0
 .rel.iplt      0x00000000        0x0 c:/program files (x86)/atollic/truestudio for arm 5.4.1/armtools/bin/../lib/gcc/arm-atollic-eabi/4.8.3/armv7e-m/fpu/crtbegin.o

.ARM.extab
 *(.ARM.extab* .gnu.linkonce.armextab.*)

.ARM            0x08008ddc        0x0
                0x08008ddc                __exidx_start = .
 *(.ARM.exidx*)
                0x08008ddc                __exidx_end = .

.preinit_array  0x08008ddc        0x0
                0x08008ddc                PROVIDE (__preinit_array_start, .)
 *(.preinit_array*)
                0x08008ddc                PROVIDE (__preinit_array_end, .)

.init_array     0x08008ddc        0x4
                0x08008ddc                PROVIDE (__init_array_start, .)
 *(SORT(.init_array.*))
 *(.init_array*)
 .init_array    0x08008ddc        0x4 c:/program files (x86)/atollic/truestudio for arm 5.4.1/armtools/bin/../lib/gcc/arm-atollic-eabi/4.8.3/armv7e-m/fpu/crtbegin.o
                0x08008de0                PROVIDE (__init_array_end, .)

.fini_array     0x08008de0        0x4
                0x08008de0                PROVIDE (__fini_array_start, .)
 *(SORT(.fini_array.*))
 *(.fini_array*)
 .fini_array    0x08008de0        0x4 c:/program files (x86)/atollic/truestudio for arm 5.4.1/armtools/bin/../lib/gcc/arm-atollic-eabi/4.8.3/armv7e-m/fpu/crtbegin.o
                0x08008de4                PROVIDE (__fini_array_end, .)
                0x08008de4                _sidata = LOADADDR (.data)

.data           0x20000000       0x48 load address 0x08008de4
                0x20000000                . = ALIGN (0x4)
                0x20000000                _sdata = .
 *(.data)
 *(.data*)
 .data.next_light_state
                0x20000000        0x4 src\trafficLight.o
                0x20000000                next_light_state
 .data.SystemCoreClock
                0x20000004        0x4 src\system_stm32f4xx.o
                0x20000004                SystemCoreClock
 .data.AHBPrescTable
                0x20000008       0x10 src\system_stm32f4xx.o
                0x20000008                AHBPrescTable
 .data.photo_previous_line
                0x20000018        0x1 src\photo.o
                0x20000018                photo_previous_line
 *fill*         0x20000019        0x3 
 .data.next_direction
                0x2000001c        0x4 src\photo.o
                0x2000001c                next_direction
 .data.led_light_pin
                0x20000020        0x8 src\hardware.o
                0x20000020                led_light_pin
 .data.led_mode_pin
                0x20000028        0x8 src\hardware.o
                0x20000028                led_mode_pin
 .data.APBAHBPrescTable
                0x20000030       0x10 Libraries\STM32F4xx_StdPeriph_Driver\src\stm32f4xx_rcc.o
 .data.xNextTaskUnblockTime
                0x20000040        0x4 Libraries\FreeRTOS\tasks.o
 .data.uxCriticalNesting
                0x20000044        0x4 Libraries\FreeRTOS\Portable\port.o
                0x20000048                . = ALIGN (0x4)
                0x20000048                _edata = .
                0x08008e2c                _siccmram = LOADADDR (.ccmram)

.igot.plt       0x20000048        0x0 load address 0x08008e2c
 .igot.plt      0x00000000        0x0 c:/program files (x86)/atollic/truestudio for arm 5.4.1/armtools/bin/../lib/gcc/arm-atollic-eabi/4.8.3/armv7e-m/fpu/crtbegin.o

.ccmram         0x10000000        0x0 load address 0x08008e2c
                0x10000000                . = ALIGN (0x4)
                0x10000000                _sccmram = .
 *(.ccmram)
 *(.ccmram*)
                0x10000000                . = ALIGN (0x4)
                0x10000000                _eccmram = .
                0x10000000                . = ALIGN (0x4)

.bss            0x20000048    0x1c200
                0x20000048                _sbss = .
                0x20000048                __bss_start__ = _sbss
 *(.bss)
 .bss           0x20000048       0x1c c:/program files (x86)/atollic/truestudio for arm 5.4.1/armtools/bin/../lib/gcc/arm-atollic-eabi/4.8.3/armv7e-m/fpu/crtbegin.o
 *(.bss*)
 .bss.photo_counter
                0x20000064        0x1 src\photo.o
                0x20000064                photo_counter
 .bss.photo_intersection
                0x20000065        0x1 src\photo.o
                0x20000065                photo_intersection
 .bss.photo_direction
                0x20000066        0x1 src\photo.o
                0x20000066                photo_direction
 *fill*         0x20000067        0x1 
 .bss.photo1.7865
                0x20000068        0x2 src\photo.o
 .bss.photo2.7866
                0x2000006a        0x2 src\photo.o
 .bss.photo3.7867
                0x2000006c        0x2 src\photo.o
 .bss.photo_average.7868
                0x2000006e        0x2 src\photo.o
 .bss.counter.8194
                0x20000070        0x1 src\packet.o
 *fill*         0x20000071        0x3 
 .bss.xSetupHandle
                0x20000074        0x4 src\main.o
                0x20000074                xSetupHandle
 .bss.xConnectHandle
                0x20000078        0x4 src\main.o
                0x20000078                xConnectHandle
 .bss.xModeOfOperationHandle
                0x2000007c        0x4 src\main.o
                0x2000007c                xModeOfOperationHandle
 .bss.xTrafficLightHandle
                0x20000080        0x4 src\main.o
                0x20000080                xTrafficLightHandle
 .bss.xActiveTimerList1
                0x20000084       0x14 Libraries\FreeRTOS\timers.o
 .bss.xActiveTimerList2
                0x20000098       0x14 Libraries\FreeRTOS\timers.o
 .bss.pxCurrentTimerList
                0x200000ac        0x4 Libraries\FreeRTOS\timers.o
 .bss.pxOverflowTimerList
                0x200000b0        0x4 Libraries\FreeRTOS\timers.o
 .bss.xTimerQueue
                0x200000b4        0x4 Libraries\FreeRTOS\timers.o
 .bss.xLastTime.5184
                0x200000b8        0x4 Libraries\FreeRTOS\timers.o
 .bss.pxCurrentTCB
                0x200000bc        0x4 Libraries\FreeRTOS\tasks.o
                0x200000bc                pxCurrentTCB
 .bss.pxReadyTasksLists
                0x200000c0       0x64 Libraries\FreeRTOS\tasks.o
 .bss.xDelayedTaskList1
                0x20000124       0x14 Libraries\FreeRTOS\tasks.o
 .bss.xDelayedTaskList2
                0x20000138       0x14 Libraries\FreeRTOS\tasks.o
 .bss.pxDelayedTaskList
                0x2000014c        0x4 Libraries\FreeRTOS\tasks.o
 .bss.pxOverflowDelayedTaskList
                0x20000150        0x4 Libraries\FreeRTOS\tasks.o
 .bss.xPendingReadyList
                0x20000154       0x14 Libraries\FreeRTOS\tasks.o
 .bss.xTasksWaitingTermination
                0x20000168       0x14 Libraries\FreeRTOS\tasks.o
 .bss.uxTasksDeleted
                0x2000017c        0x4 Libraries\FreeRTOS\tasks.o
 .bss.xSuspendedTaskList
                0x20000180       0x14 Libraries\FreeRTOS\tasks.o
 .bss.uxCurrentNumberOfTasks
                0x20000194        0x4 Libraries\FreeRTOS\tasks.o
 .bss.xTickCount
                0x20000198        0x4 Libraries\FreeRTOS\tasks.o
 .bss.uxTopReadyPriority
                0x2000019c        0x4 Libraries\FreeRTOS\tasks.o
 .bss.xSchedulerRunning
                0x200001a0        0x4 Libraries\FreeRTOS\tasks.o
 .bss.uxPendedTicks
                0x200001a4        0x4 Libraries\FreeRTOS\tasks.o
 .bss.xYieldPending
                0x200001a8        0x4 Libraries\FreeRTOS\tasks.o
 .bss.xNumOfOverflows
                0x200001ac        0x4 Libraries\FreeRTOS\tasks.o
 .bss.uxTaskNumber
                0x200001b0        0x4 Libraries\FreeRTOS\tasks.o
 .bss.uxSchedulerSuspended
                0x200001b4        0x4 Libraries\FreeRTOS\tasks.o
 .bss.ucHeap    0x200001b8    0x1c000 Libraries\FreeRTOS\Portable\heap_4.o
 .bss.xStart    0x2001c1b8        0x8 Libraries\FreeRTOS\Portable\heap_4.o
 .bss.pxEnd     0x2001c1c0        0x4 Libraries\FreeRTOS\Portable\heap_4.o
 .bss.xFreeBytesRemaining
                0x2001c1c4        0x4 Libraries\FreeRTOS\Portable\heap_4.o
 .bss.xMinimumEverFreeBytesRemaining
                0x2001c1c8        0x4 Libraries\FreeRTOS\Portable\heap_4.o
 .bss.xBlockAllocatedBit
                0x2001c1cc        0x4 Libraries\FreeRTOS\Portable\heap_4.o
 *(COMMON)
 COMMON         0x2001c1d0       0x5f src\trafficLight.o
                0x2001c1d0                set_motor
                0x2001c1d4                adcPin
                0x2001c1e0                power_total
                0x2001c1e4                traffic_future_state
                0x2001c1e8                blinkTrafficLight
                0x2001c1ec                read_photo
                0x2001c1f0                power_time
                0x2001c1f2                delay_done
                0x2001c1f4                read_power
                0x2001c1f8                traffic_current_state
                0x2001c1fc                adcClk
                0x2001c214                adcPort
                0x2001c22c                traffic_time
                0x2001c22e                my_mode
 *fill*         0x2001c22f        0x1 
 COMMON         0x2001c230       0x18 src\power.o
                0x2001c230                process_packet
                0x2001c234                xPacketQueue
                0x2001c238                received_string
                0x2001c248                . = ALIGN (0x4)
                0x2001c248                _ebss = .
                0x2001c248                __bss_end__ = _ebss

._user_heap_stack
                0x2001c248      0x400
                0x2001c248                . = ALIGN (0x4)
                0x2001c248                PROVIDE (end, .)
                0x2001c248                PROVIDE (_end, .)
                0x2001c248                . = (. + _Min_Heap_Size)
                0x2001c648                . = (. + _Min_Stack_Size)
 *fill*         0x2001c248      0x400 
                0x2001c648                . = ALIGN (0x4)

.memory_b1_text
 *(.mb1text)
 *(.mb1text*)
 *(.mb1rodata)
 *(.mb1rodata*)

/DISCARD/
 libc.a(*)
 libm.a(*)
 libgcc.a(*)

.ARM.attributes
                0x00000000       0x30
 *(.ARM.attributes)
 .ARM.attributes
                0x00000000       0x22 c:/program files (x86)/atollic/truestudio for arm 5.4.1/armtools/bin/../lib/gcc/arm-atollic-eabi/4.8.3/armv7e-m/fpu/crti.o
 .ARM.attributes
                0x00000022       0x34 c:/program files (x86)/atollic/truestudio for arm 5.4.1/armtools/bin/../lib/gcc/arm-atollic-eabi/4.8.3/armv7e-m/fpu/crtbegin.o
 .ARM.attributes
                0x00000056       0x39 src\trafficLight.o
 .ARM.attributes
                0x0000008f       0x39 src\system_stm32f4xx.o
 .ARM.attributes
                0x000000c8       0x39 src\swTimer.o
 .ARM.attributes
                0x00000101       0x39 src\stm32f4xx_it.o
 .ARM.attributes
                0x0000013a       0x21 src\startup_stm32f40xx.o
 .ARM.attributes
                0x0000015b       0x39 src\power.o
 .ARM.attributes
                0x00000194       0x39 src\photo.o
 .ARM.attributes
                0x000001cd       0x39 src\packet.o
 .ARM.attributes
                0x00000206       0x39 src\motor.o
 .ARM.attributes
                0x0000023f       0x39 src\main.o
 .ARM.attributes
                0x00000278       0x39 src\hardware.o
 .ARM.attributes
                0x000002b1       0x39 Libraries\STM32F4xx_StdPeriph_Driver\src\stm32f4xx_usart.o
 .ARM.attributes
                0x000002ea       0x39 Libraries\STM32F4xx_StdPeriph_Driver\src\stm32f4xx_tim.o
 .ARM.attributes
                0x00000323       0x39 Libraries\STM32F4xx_StdPeriph_Driver\src\stm32f4xx_syscfg.o
 .ARM.attributes
                0x0000035c       0x39 Libraries\STM32F4xx_StdPeriph_Driver\src\stm32f4xx_rcc.o
 .ARM.attributes
                0x00000395       0x39 Libraries\STM32F4xx_StdPeriph_Driver\src\stm32f4xx_gpio.o
 .ARM.attributes
                0x000003ce       0x39 Libraries\STM32F4xx_StdPeriph_Driver\src\stm32f4xx_exti.o
 .ARM.attributes
                0x00000407       0x39 Libraries\STM32F4xx_StdPeriph_Driver\src\stm32f4xx_adc.o
 .ARM.attributes
                0x00000440       0x39 Libraries\STM32F4xx_StdPeriph_Driver\src\misc.o
 .ARM.attributes
                0x00000479       0x39 Libraries\FreeRTOS\timers.o
 .ARM.attributes
                0x000004b2       0x39 Libraries\FreeRTOS\tasks.o
 .ARM.attributes
                0x000004eb       0x39 Libraries\FreeRTOS\queue.o
 .ARM.attributes
                0x00000524       0x39 Libraries\FreeRTOS\list.o
 .ARM.attributes
                0x0000055d       0x39 Libraries\FreeRTOS\Portable\port.o
 .ARM.attributes
                0x00000596       0x39 Libraries\FreeRTOS\Portable\heap_4.o
 .ARM.attributes
                0x000005cf       0x34 c:/program files (x86)/atollic/truestudio for arm 5.4.1/armtools/bin/../lib/gcc/arm-atollic-eabi/4.8.3/../../../../arm-atollic-eabi/lib/armv7e-m/fpu\libc_s.a(lib_a-init.o)
 .ARM.attributes
                0x00000603       0x34 c:/program files (x86)/atollic/truestudio for arm 5.4.1/armtools/bin/../lib/gcc/arm-atollic-eabi/4.8.3/../../../../arm-atollic-eabi/lib/armv7e-m/fpu\libc_s.a(lib_a-memcmp.o)
 .ARM.attributes
                0x00000637       0x34 c:/program files (x86)/atollic/truestudio for arm 5.4.1/armtools/bin/../lib/gcc/arm-atollic-eabi/4.8.3/../../../../arm-atollic-eabi/lib/armv7e-m/fpu\libc_s.a(lib_a-memcpy-stub.o)
 .ARM.attributes
                0x0000066b       0x34 c:/program files (x86)/atollic/truestudio for arm 5.4.1/armtools/bin/../lib/gcc/arm-atollic-eabi/4.8.3/../../../../arm-atollic-eabi/lib/armv7e-m/fpu\libc_s.a(lib_a-memset.o)
 .ARM.attributes
                0x0000069f       0x22 c:/program files (x86)/atollic/truestudio for arm 5.4.1/armtools/bin/../lib/gcc/arm-atollic-eabi/4.8.3/armv7e-m/fpu/crtn.o
OUTPUT(SAV.elf elf32-littlearm)

.debug_info     0x00000000     0xc596
 .debug_info    0x00000000      0x44d src\trafficLight.o
 .debug_info    0x0000044d      0x5a3 src\system_stm32f4xx.o
 .debug_info    0x000009f0      0x265 src\swTimer.o
 .debug_info    0x00000c55      0x100 src\stm32f4xx_it.o
 .debug_info    0x00000d55       0x71 src\startup_stm32f40xx.o
 .debug_info    0x00000dc6      0x6c4 src\power.o
 .debug_info    0x0000148a      0x5bf src\photo.o
 .debug_info    0x00001a49      0xcb8 src\packet.o
 .debug_info    0x00002701      0x77f src\motor.o
 .debug_info    0x00002e80      0x7cb src\main.o
 .debug_info    0x0000364b      0xeda src\hardware.o
 .debug_info    0x00004525      0x9c6 Libraries\STM32F4xx_StdPeriph_Driver\src\stm32f4xx_usart.o
 .debug_info    0x00004eeb     0x1c65 Libraries\STM32F4xx_StdPeriph_Driver\src\stm32f4xx_tim.o
 .debug_info    0x00006b50      0x270 Libraries\STM32F4xx_StdPeriph_Driver\src\stm32f4xx_syscfg.o
 .debug_info    0x00006dc0      0xc77 Libraries\STM32F4xx_StdPeriph_Driver\src\stm32f4xx_rcc.o
 .debug_info    0x00007a37      0x609 Libraries\STM32F4xx_StdPeriph_Driver\src\stm32f4xx_gpio.o
 .debug_info    0x00008040      0x34b Libraries\STM32F4xx_StdPeriph_Driver\src\stm32f4xx_exti.o
 .debug_info    0x0000838b      0xc3c Libraries\STM32F4xx_StdPeriph_Driver\src\stm32f4xx_adc.o
 .debug_info    0x00008fc7      0x541 Libraries\STM32F4xx_StdPeriph_Driver\src\misc.o
 .debug_info    0x00009508      0x7e5 Libraries\FreeRTOS\timers.o
 .debug_info    0x00009ced     0x14b4 Libraries\FreeRTOS\tasks.o
 .debug_info    0x0000b1a1      0xb3a Libraries\FreeRTOS\queue.o
 .debug_info    0x0000bcdb      0x29d Libraries\FreeRTOS\list.o
 .debug_info    0x0000bf78      0x310 Libraries\FreeRTOS\Portable\port.o
 .debug_info    0x0000c288      0x30e Libraries\FreeRTOS\Portable\heap_4.o

.debug_abbrev   0x00000000     0x2278
 .debug_abbrev  0x00000000      0x102 src\trafficLight.o
 .debug_abbrev  0x00000102      0x138 src\system_stm32f4xx.o
 .debug_abbrev  0x0000023a       0xbc src\swTimer.o
 .debug_abbrev  0x000002f6       0x67 src\stm32f4xx_it.o
 .debug_abbrev  0x0000035d       0x12 src\startup_stm32f40xx.o
 .debug_abbrev  0x0000036f      0x161 src\power.o
 .debug_abbrev  0x000004d0      0x11e src\photo.o
 .debug_abbrev  0x000005ee      0x1fc src\packet.o
 .debug_abbrev  0x000007ea      0x149 src\motor.o
 .debug_abbrev  0x00000933      0x1f9 src\main.o
 .debug_abbrev  0x00000b2c      0x170 src\hardware.o
 .debug_abbrev  0x00000c9c      0x157 Libraries\STM32F4xx_StdPeriph_Driver\src\stm32f4xx_usart.o
 .debug_abbrev  0x00000df3      0x189 Libraries\STM32F4xx_StdPeriph_Driver\src\stm32f4xx_tim.o
 .debug_abbrev  0x00000f7c      0x133 Libraries\STM32F4xx_StdPeriph_Driver\src\stm32f4xx_syscfg.o
 .debug_abbrev  0x000010af      0x1e5 Libraries\STM32F4xx_StdPeriph_Driver\src\stm32f4xx_rcc.o
 .debug_abbrev  0x00001294      0x1a5 Libraries\STM32F4xx_StdPeriph_Driver\src\stm32f4xx_gpio.o
 .debug_abbrev  0x00001439      0x1a7 Libraries\STM32F4xx_StdPeriph_Driver\src\stm32f4xx_exti.o
 .debug_abbrev  0x000015e0      0x198 Libraries\STM32F4xx_StdPeriph_Driver\src\stm32f4xx_adc.o
 .debug_abbrev  0x00001778      0x147 Libraries\STM32F4xx_StdPeriph_Driver\src\misc.o
 .debug_abbrev  0x000018bf      0x188 Libraries\FreeRTOS\timers.o
 .debug_abbrev  0x00001a47      0x28f Libraries\FreeRTOS\tasks.o
 .debug_abbrev  0x00001cd6      0x1d4 Libraries\FreeRTOS\queue.o
 .debug_abbrev  0x00001eaa       0xbe Libraries\FreeRTOS\list.o
 .debug_abbrev  0x00001f68      0x19e Libraries\FreeRTOS\Portable\port.o
 .debug_abbrev  0x00002106      0x172 Libraries\FreeRTOS\Portable\heap_4.o

.debug_aranges  0x00000000      0x328
 .debug_aranges
                0x00000000       0x20 src\trafficLight.o
 .debug_aranges
                0x00000020       0x20 src\system_stm32f4xx.o
 .debug_aranges
                0x00000040       0x20 src\swTimer.o
 .debug_aranges
                0x00000060       0x20 src\stm32f4xx_it.o
 .debug_aranges
                0x00000080       0x28 src\startup_stm32f40xx.o
 .debug_aranges
                0x000000a8       0x20 src\power.o
 .debug_aranges
                0x000000c8       0x20 src\photo.o
 .debug_aranges
                0x000000e8       0x20 src\packet.o
 .debug_aranges
                0x00000108       0x20 src\motor.o
 .debug_aranges
                0x00000128       0x20 src\main.o
 .debug_aranges
                0x00000148       0x20 src\hardware.o
 .debug_aranges
                0x00000168       0x20 Libraries\STM32F4xx_StdPeriph_Driver\src\stm32f4xx_usart.o
 .debug_aranges
                0x00000188       0x20 Libraries\STM32F4xx_StdPeriph_Driver\src\stm32f4xx_tim.o
 .debug_aranges
                0x000001a8       0x20 Libraries\STM32F4xx_StdPeriph_Driver\src\stm32f4xx_syscfg.o
 .debug_aranges
                0x000001c8       0x20 Libraries\STM32F4xx_StdPeriph_Driver\src\stm32f4xx_rcc.o
 .debug_aranges
                0x000001e8       0x20 Libraries\STM32F4xx_StdPeriph_Driver\src\stm32f4xx_gpio.o
 .debug_aranges
                0x00000208       0x20 Libraries\STM32F4xx_StdPeriph_Driver\src\stm32f4xx_exti.o
 .debug_aranges
                0x00000228       0x20 Libraries\STM32F4xx_StdPeriph_Driver\src\stm32f4xx_adc.o
 .debug_aranges
                0x00000248       0x20 Libraries\STM32F4xx_StdPeriph_Driver\src\misc.o
 .debug_aranges
                0x00000268       0x20 Libraries\FreeRTOS\timers.o
 .debug_aranges
                0x00000288       0x20 Libraries\FreeRTOS\tasks.o
 .debug_aranges
                0x000002a8       0x20 Libraries\FreeRTOS\queue.o
 .debug_aranges
                0x000002c8       0x20 Libraries\FreeRTOS\list.o
 .debug_aranges
                0x000002e8       0x20 Libraries\FreeRTOS\Portable\port.o
 .debug_aranges
                0x00000308       0x20 Libraries\FreeRTOS\Portable\heap_4.o

.debug_line     0x00000000     0x44e7
 .debug_line    0x00000000      0x213 src\trafficLight.o
 .debug_line    0x00000213      0x1da src\system_stm32f4xx.o
 .debug_line    0x000003ed      0x1ba src\swTimer.o
 .debug_line    0x000005a7      0x16d src\stm32f4xx_it.o
 .debug_line    0x00000714       0x7a src\startup_stm32f40xx.o
 .debug_line    0x0000078e      0x231 src\power.o
 .debug_line    0x000009bf      0x242 src\photo.o
 .debug_line    0x00000c01      0x380 src\packet.o
 .debug_line    0x00000f81      0x26f src\motor.o
 .debug_line    0x000011f0      0x365 src\main.o
 .debug_line    0x00001555      0x355 src\hardware.o
 .debug_line    0x000018aa      0x329 Libraries\STM32F4xx_StdPeriph_Driver\src\stm32f4xx_usart.o
 .debug_line    0x00001bd3      0x5aa Libraries\STM32F4xx_StdPeriph_Driver\src\stm32f4xx_tim.o
 .debug_line    0x0000217d      0x1cc Libraries\STM32F4xx_StdPeriph_Driver\src\stm32f4xx_syscfg.o
 .debug_line    0x00002349      0x35c Libraries\STM32F4xx_StdPeriph_Driver\src\stm32f4xx_rcc.o
 .debug_line    0x000026a5      0x280 Libraries\STM32F4xx_StdPeriph_Driver\src\stm32f4xx_gpio.o
 .debug_line    0x00002925      0x234 Libraries\STM32F4xx_StdPeriph_Driver\src\stm32f4xx_exti.o
 .debug_line    0x00002b59      0x354 Libraries\STM32F4xx_StdPeriph_Driver\src\stm32f4xx_adc.o
 .debug_line    0x00002ead      0x1fb Libraries\STM32F4xx_StdPeriph_Driver\src\misc.o
 .debug_line    0x000030a8      0x282 Libraries\FreeRTOS\timers.o
 .debug_line    0x0000332a      0x76f Libraries\FreeRTOS\tasks.o
 .debug_line    0x00003a99      0x46d Libraries\FreeRTOS\queue.o
 .debug_line    0x00003f06      0x1b9 Libraries\FreeRTOS\list.o
 .debug_line    0x000040bf      0x1ed Libraries\FreeRTOS\Portable\port.o
 .debug_line    0x000042ac      0x23b Libraries\FreeRTOS\Portable\heap_4.o

.debug_str      0x00000000     0x4ab0
 .debug_str     0x00000000      0x366 src\trafficLight.o
                                0x3c6 (size before relaxing)
 .debug_str     0x00000366      0x205 src\system_stm32f4xx.o
                                0x3e0 (size before relaxing)
 .debug_str     0x0000056b       0xea src\swTimer.o
                                0x2b9 (size before relaxing)
 .debug_str     0x00000655       0x7b src\stm32f4xx_it.o
                                0x1fe (size before relaxing)
 .debug_str     0x000006d0      0x166 src\power.o
                                0x50e (size before relaxing)
 .debug_str     0x00000836       0x47 src\photo.o
                                0x438 (size before relaxing)
 .debug_str     0x0000087d      0x23c src\packet.o
                                0x76b (size before relaxing)
 .debug_str     0x00000ab9      0x1c8 src\motor.o
                                0x5ad (size before relaxing)
 .debug_str     0x00000c81      0x169 src\main.o
                                0x611 (size before relaxing)
 .debug_str     0x00000dea      0xa47 src\hardware.o
                                0xf2d (size before relaxing)
 .debug_str     0x00001831      0x3ff Libraries\STM32F4xx_StdPeriph_Driver\src\stm32f4xx_usart.o
                                0x6dd (size before relaxing)
 .debug_str     0x00001c30      0x9f1 Libraries\STM32F4xx_StdPeriph_Driver\src\stm32f4xx_tim.o
                                0xe1e (size before relaxing)
 .debug_str     0x00002621      0x156 Libraries\STM32F4xx_StdPeriph_Driver\src\stm32f4xx_syscfg.o
                                0x342 (size before relaxing)
 .debug_str     0x00002777      0x533 Libraries\STM32F4xx_StdPeriph_Driver\src\stm32f4xx_rcc.o
                                0x8c7 (size before relaxing)
 .debug_str     0x00002caa      0x180 Libraries\STM32F4xx_StdPeriph_Driver\src\stm32f4xx_gpio.o
                                0x4f1 (size before relaxing)
 .debug_str     0x00002e2a       0xf0 Libraries\STM32F4xx_StdPeriph_Driver\src\stm32f4xx_exti.o
                                0x3a7 (size before relaxing)
 .debug_str     0x00002f1a      0x52a Libraries\STM32F4xx_StdPeriph_Driver\src\stm32f4xx_adc.o
                                0x852 (size before relaxing)
 .debug_str     0x00003444      0x13d Libraries\STM32F4xx_StdPeriph_Driver\src\misc.o
                                0x41c (size before relaxing)
 .debug_str     0x00003581      0x40a Libraries\FreeRTOS\timers.o
                                0x678 (size before relaxing)
 .debug_str     0x0000398b      0xa3b Libraries\FreeRTOS\tasks.o
                                0xd2b (size before relaxing)
 .debug_str     0x000043c6      0x344 Libraries\FreeRTOS\queue.o
                                0x6a1 (size before relaxing)
 .debug_str     0x0000470a       0xb1 Libraries\FreeRTOS\list.o
                                0x2d9 (size before relaxing)
 .debug_str     0x000047bb      0x11a Libraries\FreeRTOS\Portable\port.o
                                0x351 (size before relaxing)
 .debug_str     0x000048d5      0x1db Libraries\FreeRTOS\Portable\heap_4.o
                                0x399 (size before relaxing)

.comment        0x00000000       0x82
 .comment       0x00000000       0x82 src\trafficLight.o
                                 0x83 (size before relaxing)
 .comment       0x00000000       0x83 src\system_stm32f4xx.o
 .comment       0x00000000       0x83 src\swTimer.o
 .comment       0x00000000       0x83 src\stm32f4xx_it.o
 .comment       0x00000000       0x83 src\power.o
 .comment       0x00000000       0x83 src\photo.o
 .comment       0x00000000       0x83 src\packet.o
 .comment       0x00000000       0x83 src\motor.o
 .comment       0x00000000       0x83 src\main.o
 .comment       0x00000000       0x83 src\hardware.o
 .comment       0x00000000       0x83 Libraries\STM32F4xx_StdPeriph_Driver\src\stm32f4xx_usart.o
 .comment       0x00000000       0x83 Libraries\STM32F4xx_StdPeriph_Driver\src\stm32f4xx_tim.o
 .comment       0x00000000       0x83 Libraries\STM32F4xx_StdPeriph_Driver\src\stm32f4xx_syscfg.o
 .comment       0x00000000       0x83 Libraries\STM32F4xx_StdPeriph_Driver\src\stm32f4xx_rcc.o
 .comment       0x00000000       0x83 Libraries\STM32F4xx_StdPeriph_Driver\src\stm32f4xx_gpio.o
 .comment       0x00000000       0x83 Libraries\STM32F4xx_StdPeriph_Driver\src\stm32f4xx_exti.o
 .comment       0x00000000       0x83 Libraries\STM32F4xx_StdPeriph_Driver\src\stm32f4xx_adc.o
 .comment       0x00000000       0x83 Libraries\STM32F4xx_StdPeriph_Driver\src\misc.o
 .comment       0x00000000       0x83 Libraries\FreeRTOS\timers.o
 .comment       0x00000000       0x83 Libraries\FreeRTOS\tasks.o
 .comment       0x00000000       0x83 Libraries\FreeRTOS\queue.o
 .comment       0x00000000       0x83 Libraries\FreeRTOS\list.o
 .comment       0x00000000       0x83 Libraries\FreeRTOS\Portable\port.o
 .comment       0x00000000       0x83 Libraries\FreeRTOS\Portable\heap_4.o

.debug_frame    0x00000000     0x2f6c
 .debug_frame   0x00000000       0x30 src\trafficLight.o
 .debug_frame   0x00000030       0x64 src\system_stm32f4xx.o
 .debug_frame   0x00000094       0xcc src\swTimer.o
 .debug_frame   0x00000160       0xa0 src\stm32f4xx_it.o
 .debug_frame   0x00000200       0x30 src\power.o
 .debug_frame   0x00000230       0x30 src\photo.o
 .debug_frame   0x00000260      0x1e4 src\packet.o
 .debug_frame   0x00000444       0x70 src\motor.o
 .debug_frame   0x000004b4      0x158 src\main.o
 .debug_frame   0x0000060c      0x170 src\hardware.o
 .debug_frame   0x0000077c      0x344 Libraries\STM32F4xx_StdPeriph_Driver\src\stm32f4xx_usart.o
 .debug_frame   0x00000ac0      0xa3c Libraries\STM32F4xx_StdPeriph_Driver\src\stm32f4xx_tim.o
 .debug_frame   0x000014fc       0xbc Libraries\STM32F4xx_StdPeriph_Driver\src\stm32f4xx_syscfg.o
 .debug_frame   0x000015b8      0x4f4 Libraries\STM32F4xx_StdPeriph_Driver\src\stm32f4xx_rcc.o
 .debug_frame   0x00001aac      0x19c Libraries\STM32F4xx_StdPeriph_Driver\src\stm32f4xx_gpio.o
 .debug_frame   0x00001c48       0xec Libraries\STM32F4xx_StdPeriph_Driver\src\stm32f4xx_exti.o
 .debug_frame   0x00001d34      0x434 Libraries\STM32F4xx_StdPeriph_Driver\src\stm32f4xx_adc.o
 .debug_frame   0x00002168       0x9c Libraries\STM32F4xx_StdPeriph_Driver\src\misc.o
 .debug_frame   0x00002204      0x1e0 Libraries\FreeRTOS\timers.o
 .debug_frame   0x000023e4      0x5ac Libraries\FreeRTOS\tasks.o
 .debug_frame   0x00002990      0x2a4 Libraries\FreeRTOS\queue.o
 .debug_frame   0x00002c34       0x9c Libraries\FreeRTOS\list.o
 .debug_frame   0x00002cd0      0x12c Libraries\FreeRTOS\Portable\port.o
 .debug_frame   0x00002dfc       0xd0 Libraries\FreeRTOS\Portable\heap_4.o
 .debug_frame   0x00002ecc       0x2c c:/program files (x86)/atollic/truestudio for arm 5.4.1/armtools/bin/../lib/gcc/arm-atollic-eabi/4.8.3/../../../../arm-atollic-eabi/lib/armv7e-m/fpu\libc_s.a(lib_a-init.o)
 .debug_frame   0x00002ef8       0x2c c:/program files (x86)/atollic/truestudio for arm 5.4.1/armtools/bin/../lib/gcc/arm-atollic-eabi/4.8.3/../../../../arm-atollic-eabi/lib/armv7e-m/fpu\libc_s.a(lib_a-memcmp.o)
 .debug_frame   0x00002f24       0x28 c:/program files (x86)/atollic/truestudio for arm 5.4.1/armtools/bin/../lib/gcc/arm-atollic-eabi/4.8.3/../../../../arm-atollic-eabi/lib/armv7e-m/fpu\libc_s.a(lib_a-memcpy-stub.o)
 .debug_frame   0x00002f4c       0x20 c:/program files (x86)/atollic/truestudio for arm 5.4.1/armtools/bin/../lib/gcc/arm-atollic-eabi/4.8.3/../../../../arm-atollic-eabi/lib/armv7e-m/fpu\libc_s.a(lib_a-memset.o)

.debug_ranges   0x00000000       0x20
 .debug_ranges  0x00000000       0x20 src\startup_stm32f40xx.o

Cross Reference Table

Symbol                                            File
ADC_AnalogWatchdogCmd                             Libraries\STM32F4xx_StdPeriph_Driver\src\stm32f4xx_adc.o
ADC_AnalogWatchdogSingleChannelConfig             Libraries\STM32F4xx_StdPeriph_Driver\src\stm32f4xx_adc.o
ADC_AnalogWatchdogThresholdsConfig                Libraries\STM32F4xx_StdPeriph_Driver\src\stm32f4xx_adc.o
ADC_AutoInjectedConvCmd                           Libraries\STM32F4xx_StdPeriph_Driver\src\stm32f4xx_adc.o
ADC_ClearFlag                                     Libraries\STM32F4xx_StdPeriph_Driver\src\stm32f4xx_adc.o
ADC_ClearITPendingBit                             Libraries\STM32F4xx_StdPeriph_Driver\src\stm32f4xx_adc.o
ADC_Cmd                                           Libraries\STM32F4xx_StdPeriph_Driver\src\stm32f4xx_adc.o
                                                  src\hardware.o
ADC_CommonInit                                    Libraries\STM32F4xx_StdPeriph_Driver\src\stm32f4xx_adc.o
ADC_CommonStructInit                              Libraries\STM32F4xx_StdPeriph_Driver\src\stm32f4xx_adc.o
ADC_ContinuousModeCmd                             Libraries\STM32F4xx_StdPeriph_Driver\src\stm32f4xx_adc.o
ADC_DMACmd                                        Libraries\STM32F4xx_StdPeriph_Driver\src\stm32f4xx_adc.o
ADC_DMARequestAfterLastTransferCmd                Libraries\STM32F4xx_StdPeriph_Driver\src\stm32f4xx_adc.o
ADC_DeInit                                        Libraries\STM32F4xx_StdPeriph_Driver\src\stm32f4xx_adc.o
                                                  src\hardware.o
ADC_DiscModeChannelCountConfig                    Libraries\STM32F4xx_StdPeriph_Driver\src\stm32f4xx_adc.o
ADC_DiscModeCmd                                   Libraries\STM32F4xx_StdPeriph_Driver\src\stm32f4xx_adc.o
ADC_EOCOnEachRegularChannelCmd                    Libraries\STM32F4xx_StdPeriph_Driver\src\stm32f4xx_adc.o
ADC_ExternalTrigInjectedConvConfig                Libraries\STM32F4xx_StdPeriph_Driver\src\stm32f4xx_adc.o
ADC_ExternalTrigInjectedConvEdgeConfig            Libraries\STM32F4xx_StdPeriph_Driver\src\stm32f4xx_adc.o
ADC_GetConversionValue                            Libraries\STM32F4xx_StdPeriph_Driver\src\stm32f4xx_adc.o
                                                  src\photo.o
                                                  src\power.o
ADC_GetFlagStatus                                 Libraries\STM32F4xx_StdPeriph_Driver\src\stm32f4xx_adc.o
                                                  src\photo.o
                                                  src\power.o
ADC_GetITStatus                                   Libraries\STM32F4xx_StdPeriph_Driver\src\stm32f4xx_adc.o
ADC_GetInjectedConversionValue                    Libraries\STM32F4xx_StdPeriph_Driver\src\stm32f4xx_adc.o
ADC_GetMultiModeConversionValue                   Libraries\STM32F4xx_StdPeriph_Driver\src\stm32f4xx_adc.o
ADC_GetSoftwareStartConvStatus                    Libraries\STM32F4xx_StdPeriph_Driver\src\stm32f4xx_adc.o
ADC_GetSoftwareStartInjectedConvCmdStatus         Libraries\STM32F4xx_StdPeriph_Driver\src\stm32f4xx_adc.o
ADC_IRQHandler                                    src\startup_stm32f40xx.o
ADC_ITConfig                                      Libraries\STM32F4xx_StdPeriph_Driver\src\stm32f4xx_adc.o
ADC_Init                                          Libraries\STM32F4xx_StdPeriph_Driver\src\stm32f4xx_adc.o
                                                  src\hardware.o
ADC_InjectedChannelConfig                         Libraries\STM32F4xx_StdPeriph_Driver\src\stm32f4xx_adc.o
ADC_InjectedDiscModeCmd                           Libraries\STM32F4xx_StdPeriph_Driver\src\stm32f4xx_adc.o
ADC_InjectedSequencerLengthConfig                 Libraries\STM32F4xx_StdPeriph_Driver\src\stm32f4xx_adc.o
ADC_MultiModeDMARequestAfterLastTransferCmd       Libraries\STM32F4xx_StdPeriph_Driver\src\stm32f4xx_adc.o
ADC_RegularChannelConfig                          Libraries\STM32F4xx_StdPeriph_Driver\src\stm32f4xx_adc.o
                                                  src\photo.o
                                                  src\power.o
ADC_SetInjectedOffset                             Libraries\STM32F4xx_StdPeriph_Driver\src\stm32f4xx_adc.o
ADC_SoftwareStartConv                             Libraries\STM32F4xx_StdPeriph_Driver\src\stm32f4xx_adc.o
                                                  src\photo.o
                                                  src\power.o
ADC_SoftwareStartInjectedConv                     Libraries\STM32F4xx_StdPeriph_Driver\src\stm32f4xx_adc.o
ADC_StructInit                                    Libraries\STM32F4xx_StdPeriph_Driver\src\stm32f4xx_adc.o
ADC_TempSensorVrefintCmd                          Libraries\STM32F4xx_StdPeriph_Driver\src\stm32f4xx_adc.o
ADC_VBATCmd                                       Libraries\STM32F4xx_StdPeriph_Driver\src\stm32f4xx_adc.o
AHBPrescTable                                     src\system_stm32f4xx.o
BusFault_Handler                                  src\stm32f4xx_it.o
CAN1_RX0_IRQHandler                               src\startup_stm32f40xx.o
CAN1_RX1_IRQHandler                               src\startup_stm32f40xx.o
CAN1_SCE_IRQHandler                               src\startup_stm32f40xx.o
CAN1_TX_IRQHandler                                src\startup_stm32f40xx.o
CAN2_RX0_IRQHandler                               src\startup_stm32f40xx.o
CAN2_RX1_IRQHandler                               src\startup_stm32f40xx.o
CAN2_SCE_IRQHandler                               src\startup_stm32f40xx.o
CAN2_TX_IRQHandler                                src\startup_stm32f40xx.o
CAN_CancelTransmit                                Libraries\STM32F4xx_StdPeriph_Driver\src\stm32f4xx_can.o
CAN_ClearFlag                                     Libraries\STM32F4xx_StdPeriph_Driver\src\stm32f4xx_can.o
CAN_ClearITPendingBit                             Libraries\STM32F4xx_StdPeriph_Driver\src\stm32f4xx_can.o
CAN_DBGFreeze                                     Libraries\STM32F4xx_StdPeriph_Driver\src\stm32f4xx_can.o
CAN_DeInit                                        Libraries\STM32F4xx_StdPeriph_Driver\src\stm32f4xx_can.o
CAN_FIFORelease                                   Libraries\STM32F4xx_StdPeriph_Driver\src\stm32f4xx_can.o
CAN_FilterInit                                    Libraries\STM32F4xx_StdPeriph_Driver\src\stm32f4xx_can.o
CAN_GetFlagStatus                                 Libraries\STM32F4xx_StdPeriph_Driver\src\stm32f4xx_can.o
CAN_GetITStatus                                   Libraries\STM32F4xx_StdPeriph_Driver\src\stm32f4xx_can.o
CAN_GetLSBTransmitErrorCounter                    Libraries\STM32F4xx_StdPeriph_Driver\src\stm32f4xx_can.o
CAN_GetLastErrorCode                              Libraries\STM32F4xx_StdPeriph_Driver\src\stm32f4xx_can.o
CAN_GetReceiveErrorCounter                        Libraries\STM32F4xx_StdPeriph_Driver\src\stm32f4xx_can.o
CAN_ITConfig                                      Libraries\STM32F4xx_StdPeriph_Driver\src\stm32f4xx_can.o
CAN_Init                                          Libraries\STM32F4xx_StdPeriph_Driver\src\stm32f4xx_can.o
CAN_MessagePending                                Libraries\STM32F4xx_StdPeriph_Driver\src\stm32f4xx_can.o
CAN_OperatingModeRequest                          Libraries\STM32F4xx_StdPeriph_Driver\src\stm32f4xx_can.o
CAN_Receive                                       Libraries\STM32F4xx_StdPeriph_Driver\src\stm32f4xx_can.o
CAN_SlaveStartBank                                Libraries\STM32F4xx_StdPeriph_Driver\src\stm32f4xx_can.o
CAN_Sleep                                         Libraries\STM32F4xx_StdPeriph_Driver\src\stm32f4xx_can.o
CAN_StructInit                                    Libraries\STM32F4xx_StdPeriph_Driver\src\stm32f4xx_can.o
CAN_TTComModeCmd                                  Libraries\STM32F4xx_StdPeriph_Driver\src\stm32f4xx_can.o
CAN_Transmit                                      Libraries\STM32F4xx_StdPeriph_Driver\src\stm32f4xx_can.o
CAN_TransmitStatus                                Libraries\STM32F4xx_StdPeriph_Driver\src\stm32f4xx_can.o
CAN_WakeUp                                        Libraries\STM32F4xx_StdPeriph_Driver\src\stm32f4xx_can.o
CRC_CalcBlockCRC                                  Libraries\STM32F4xx_StdPeriph_Driver\src\stm32f4xx_crc.o
CRC_CalcCRC                                       Libraries\STM32F4xx_StdPeriph_Driver\src\stm32f4xx_crc.o
CRC_GetCRC                                        Libraries\STM32F4xx_StdPeriph_Driver\src\stm32f4xx_crc.o
CRC_GetIDRegister                                 Libraries\STM32F4xx_StdPeriph_Driver\src\stm32f4xx_crc.o
CRC_ResetDR                                       Libraries\STM32F4xx_StdPeriph_Driver\src\stm32f4xx_crc.o
CRC_SetIDRegister                                 Libraries\STM32F4xx_StdPeriph_Driver\src\stm32f4xx_crc.o
CRYP_AES_CBC                                      Libraries\STM32F4xx_StdPeriph_Driver\src\stm32f4xx_cryp_aes.o
CRYP_AES_CCM                                      Libraries\STM32F4xx_StdPeriph_Driver\src\stm32f4xx_cryp_aes.o
CRYP_AES_CTR                                      Libraries\STM32F4xx_StdPeriph_Driver\src\stm32f4xx_cryp_aes.o
CRYP_AES_ECB                                      Libraries\STM32F4xx_StdPeriph_Driver\src\stm32f4xx_cryp_aes.o
CRYP_AES_GCM                                      Libraries\STM32F4xx_StdPeriph_Driver\src\stm32f4xx_cryp_aes.o
CRYP_Cmd                                          Libraries\STM32F4xx_StdPeriph_Driver\src\stm32f4xx_cryp.o
                                                  Libraries\STM32F4xx_StdPeriph_Driver\src\stm32f4xx_cryp_aes.o
                                                  Libraries\STM32F4xx_StdPeriph_Driver\src\stm32f4xx_cryp_des.o
                                                  Libraries\STM32F4xx_StdPeriph_Driver\src\stm32f4xx_cryp_tdes.o
CRYP_DES_CBC                                      Libraries\STM32F4xx_StdPeriph_Driver\src\stm32f4xx_cryp_des.o
CRYP_DES_ECB                                      Libraries\STM32F4xx_StdPeriph_Driver\src\stm32f4xx_cryp_des.o
CRYP_DMACmd                                       Libraries\STM32F4xx_StdPeriph_Driver\src\stm32f4xx_cryp.o
CRYP_DataIn                                       Libraries\STM32F4xx_StdPeriph_Driver\src\stm32f4xx_cryp.o
                                                  Libraries\STM32F4xx_StdPeriph_Driver\src\stm32f4xx_cryp_aes.o
                                                  Libraries\STM32F4xx_StdPeriph_Driver\src\stm32f4xx_cryp_des.o
                                                  Libraries\STM32F4xx_StdPeriph_Driver\src\stm32f4xx_cryp_tdes.o
CRYP_DataOut                                      Libraries\STM32F4xx_StdPeriph_Driver\src\stm32f4xx_cryp.o
                                                  Libraries\STM32F4xx_StdPeriph_Driver\src\stm32f4xx_cryp_aes.o
                                                  Libraries\STM32F4xx_StdPeriph_Driver\src\stm32f4xx_cryp_des.o
                                                  Libraries\STM32F4xx_StdPeriph_Driver\src\stm32f4xx_cryp_tdes.o
CRYP_DeInit                                       Libraries\STM32F4xx_StdPeriph_Driver\src\stm32f4xx_cryp.o
CRYP_FIFOFlush                                    Libraries\STM32F4xx_StdPeriph_Driver\src\stm32f4xx_cryp.o
                                                  Libraries\STM32F4xx_StdPeriph_Driver\src\stm32f4xx_cryp_aes.o
                                                  Libraries\STM32F4xx_StdPeriph_Driver\src\stm32f4xx_cryp_des.o
                                                  Libraries\STM32F4xx_StdPeriph_Driver\src\stm32f4xx_cryp_tdes.o
CRYP_GetCmdStatus                                 Libraries\STM32F4xx_StdPeriph_Driver\src\stm32f4xx_cryp.o
                                                  Libraries\STM32F4xx_StdPeriph_Driver\src\stm32f4xx_cryp_aes.o
                                                  Libraries\STM32F4xx_StdPeriph_Driver\src\stm32f4xx_cryp_des.o
                                                  Libraries\STM32F4xx_StdPeriph_Driver\src\stm32f4xx_cryp_tdes.o
CRYP_GetFlagStatus                                Libraries\STM32F4xx_StdPeriph_Driver\src\stm32f4xx_cryp.o
                                                  Libraries\STM32F4xx_StdPeriph_Driver\src\stm32f4xx_cryp_aes.o
                                                  Libraries\STM32F4xx_StdPeriph_Driver\src\stm32f4xx_cryp_des.o
                                                  Libraries\STM32F4xx_StdPeriph_Driver\src\stm32f4xx_cryp_tdes.o
CRYP_GetITStatus                                  Libraries\STM32F4xx_StdPeriph_Driver\src\stm32f4xx_cryp.o
CRYP_IRQHandler                                   src\startup_stm32f40xx.o
CRYP_ITConfig                                     Libraries\STM32F4xx_StdPeriph_Driver\src\stm32f4xx_cryp.o
CRYP_IVInit                                       Libraries\STM32F4xx_StdPeriph_Driver\src\stm32f4xx_cryp.o
                                                  Libraries\STM32F4xx_StdPeriph_Driver\src\stm32f4xx_cryp_aes.o
                                                  Libraries\STM32F4xx_StdPeriph_Driver\src\stm32f4xx_cryp_des.o
                                                  Libraries\STM32F4xx_StdPeriph_Driver\src\stm32f4xx_cryp_tdes.o
CRYP_IVStructInit                                 Libraries\STM32F4xx_StdPeriph_Driver\src\stm32f4xx_cryp.o
CRYP_Init                                         Libraries\STM32F4xx_StdPeriph_Driver\src\stm32f4xx_cryp.o
                                                  Libraries\STM32F4xx_StdPeriph_Driver\src\stm32f4xx_cryp_aes.o
                                                  Libraries\STM32F4xx_StdPeriph_Driver\src\stm32f4xx_cryp_des.o
                                                  Libraries\STM32F4xx_StdPeriph_Driver\src\stm32f4xx_cryp_tdes.o
CRYP_KeyInit                                      Libraries\STM32F4xx_StdPeriph_Driver\src\stm32f4xx_cryp.o
                                                  Libraries\STM32F4xx_StdPeriph_Driver\src\stm32f4xx_cryp_aes.o
                                                  Libraries\STM32F4xx_StdPeriph_Driver\src\stm32f4xx_cryp_des.o
                                                  Libraries\STM32F4xx_StdPeriph_Driver\src\stm32f4xx_cryp_tdes.o
CRYP_KeyStructInit                                Libraries\STM32F4xx_StdPeriph_Driver\src\stm32f4xx_cryp.o
                                                  Libraries\STM32F4xx_StdPeriph_Driver\src\stm32f4xx_cryp_aes.o
                                                  Libraries\STM32F4xx_StdPeriph_Driver\src\stm32f4xx_cryp_des.o
                                                  Libraries\STM32F4xx_StdPeriph_Driver\src\stm32f4xx_cryp_tdes.o
CRYP_PhaseConfig                                  Libraries\STM32F4xx_StdPeriph_Driver\src\stm32f4xx_cryp.o
                                                  Libraries\STM32F4xx_StdPeriph_Driver\src\stm32f4xx_cryp_aes.o
CRYP_RestoreContext                               Libraries\STM32F4xx_StdPeriph_Driver\src\stm32f4xx_cryp.o
CRYP_SaveContext                                  Libraries\STM32F4xx_StdPeriph_Driver\src\stm32f4xx_cryp.o
CRYP_StructInit                                   Libraries\STM32F4xx_StdPeriph_Driver\src\stm32f4xx_cryp.o
CRYP_TDES_CBC                                     Libraries\STM32F4xx_StdPeriph_Driver\src\stm32f4xx_cryp_tdes.o
CRYP_TDES_ECB                                     Libraries\STM32F4xx_StdPeriph_Driver\src\stm32f4xx_cryp_tdes.o
DAC_ClearFlag                                     Libraries\STM32F4xx_StdPeriph_Driver\src\stm32f4xx_dac.o
DAC_ClearITPendingBit                             Libraries\STM32F4xx_StdPeriph_Driver\src\stm32f4xx_dac.o
DAC_Cmd                                           Libraries\STM32F4xx_StdPeriph_Driver\src\stm32f4xx_dac.o
DAC_DMACmd                                        Libraries\STM32F4xx_StdPeriph_Driver\src\stm32f4xx_dac.o
DAC_DeInit                                        Libraries\STM32F4xx_StdPeriph_Driver\src\stm32f4xx_dac.o
DAC_DualSoftwareTriggerCmd                        Libraries\STM32F4xx_StdPeriph_Driver\src\stm32f4xx_dac.o
DAC_GetDataOutputValue                            Libraries\STM32F4xx_StdPeriph_Driver\src\stm32f4xx_dac.o
DAC_GetFlagStatus                                 Libraries\STM32F4xx_StdPeriph_Driver\src\stm32f4xx_dac.o
DAC_GetITStatus                                   Libraries\STM32F4xx_StdPeriph_Driver\src\stm32f4xx_dac.o
DAC_ITConfig                                      Libraries\STM32F4xx_StdPeriph_Driver\src\stm32f4xx_dac.o
DAC_Init                                          Libraries\STM32F4xx_StdPeriph_Driver\src\stm32f4xx_dac.o
DAC_SetChannel1Data                               Libraries\STM32F4xx_StdPeriph_Driver\src\stm32f4xx_dac.o
DAC_SetChannel2Data                               Libraries\STM32F4xx_StdPeriph_Driver\src\stm32f4xx_dac.o
DAC_SetDualChannelData                            Libraries\STM32F4xx_StdPeriph_Driver\src\stm32f4xx_dac.o
DAC_SoftwareTriggerCmd                            Libraries\STM32F4xx_StdPeriph_Driver\src\stm32f4xx_dac.o
DAC_StructInit                                    Libraries\STM32F4xx_StdPeriph_Driver\src\stm32f4xx_dac.o
DAC_WaveGenerationCmd                             Libraries\STM32F4xx_StdPeriph_Driver\src\stm32f4xx_dac.o
DBGMCU_APB1PeriphConfig                           Libraries\STM32F4xx_StdPeriph_Driver\src\stm32f4xx_dbgmcu.o
DBGMCU_APB2PeriphConfig                           Libraries\STM32F4xx_StdPeriph_Driver\src\stm32f4xx_dbgmcu.o
DBGMCU_Config                                     Libraries\STM32F4xx_StdPeriph_Driver\src\stm32f4xx_dbgmcu.o
DBGMCU_GetDEVID                                   Libraries\STM32F4xx_StdPeriph_Driver\src\stm32f4xx_dbgmcu.o
DBGMCU_GetREVID                                   Libraries\STM32F4xx_StdPeriph_Driver\src\stm32f4xx_dbgmcu.o
DCMI_CROPCmd                                      Libraries\STM32F4xx_StdPeriph_Driver\src\stm32f4xx_dcmi.o
DCMI_CROPConfig                                   Libraries\STM32F4xx_StdPeriph_Driver\src\stm32f4xx_dcmi.o
DCMI_CaptureCmd                                   Libraries\STM32F4xx_StdPeriph_Driver\src\stm32f4xx_dcmi.o
DCMI_ClearFlag                                    Libraries\STM32F4xx_StdPeriph_Driver\src\stm32f4xx_dcmi.o
DCMI_ClearITPendingBit                            Libraries\STM32F4xx_StdPeriph_Driver\src\stm32f4xx_dcmi.o
DCMI_Cmd                                          Libraries\STM32F4xx_StdPeriph_Driver\src\stm32f4xx_dcmi.o
DCMI_DeInit                                       Libraries\STM32F4xx_StdPeriph_Driver\src\stm32f4xx_dcmi.o
DCMI_GetFlagStatus                                Libraries\STM32F4xx_StdPeriph_Driver\src\stm32f4xx_dcmi.o
DCMI_GetITStatus                                  Libraries\STM32F4xx_StdPeriph_Driver\src\stm32f4xx_dcmi.o
DCMI_IRQHandler                                   src\startup_stm32f40xx.o
DCMI_ITConfig                                     Libraries\STM32F4xx_StdPeriph_Driver\src\stm32f4xx_dcmi.o
DCMI_Init                                         Libraries\STM32F4xx_StdPeriph_Driver\src\stm32f4xx_dcmi.o
DCMI_JPEGCmd                                      Libraries\STM32F4xx_StdPeriph_Driver\src\stm32f4xx_dcmi.o
DCMI_ReadData                                     Libraries\STM32F4xx_StdPeriph_Driver\src\stm32f4xx_dcmi.o
DCMI_SetEmbeddedSynchroCodes                      Libraries\STM32F4xx_StdPeriph_Driver\src\stm32f4xx_dcmi.o
DCMI_StructInit                                   Libraries\STM32F4xx_StdPeriph_Driver\src\stm32f4xx_dcmi.o
DMA1_Stream0_IRQHandler                           src\startup_stm32f40xx.o
DMA1_Stream1_IRQHandler                           src\startup_stm32f40xx.o
DMA1_Stream2_IRQHandler                           src\startup_stm32f40xx.o
DMA1_Stream3_IRQHandler                           src\startup_stm32f40xx.o
DMA1_Stream4_IRQHandler                           src\startup_stm32f40xx.o
DMA1_Stream5_IRQHandler                           src\startup_stm32f40xx.o
DMA1_Stream6_IRQHandler                           src\startup_stm32f40xx.o
DMA1_Stream7_IRQHandler                           src\startup_stm32f40xx.o
DMA2_Stream0_IRQHandler                           src\startup_stm32f40xx.o
DMA2_Stream1_IRQHandler                           src\startup_stm32f40xx.o
DMA2_Stream2_IRQHandler                           src\startup_stm32f40xx.o
DMA2_Stream3_IRQHandler                           src\startup_stm32f40xx.o
DMA2_Stream4_IRQHandler                           src\startup_stm32f40xx.o
DMA2_Stream5_IRQHandler                           src\startup_stm32f40xx.o
DMA2_Stream6_IRQHandler                           src\startup_stm32f40xx.o
DMA2_Stream7_IRQHandler                           src\startup_stm32f40xx.o
DMA_ClearFlag                                     Libraries\STM32F4xx_StdPeriph_Driver\src\stm32f4xx_dma.o
DMA_ClearITPendingBit                             Libraries\STM32F4xx_StdPeriph_Driver\src\stm32f4xx_dma.o
DMA_Cmd                                           Libraries\STM32F4xx_StdPeriph_Driver\src\stm32f4xx_dma.o
DMA_DeInit                                        Libraries\STM32F4xx_StdPeriph_Driver\src\stm32f4xx_dma.o
DMA_DoubleBufferModeCmd                           Libraries\STM32F4xx_StdPeriph_Driver\src\stm32f4xx_dma.o
DMA_DoubleBufferModeConfig                        Libraries\STM32F4xx_StdPeriph_Driver\src\stm32f4xx_dma.o
DMA_FlowControllerConfig                          Libraries\STM32F4xx_StdPeriph_Driver\src\stm32f4xx_dma.o
DMA_GetCmdStatus                                  Libraries\STM32F4xx_StdPeriph_Driver\src\stm32f4xx_dma.o
DMA_GetCurrDataCounter                            Libraries\STM32F4xx_StdPeriph_Driver\src\stm32f4xx_dma.o
DMA_GetCurrentMemoryTarget                        Libraries\STM32F4xx_StdPeriph_Driver\src\stm32f4xx_dma.o
DMA_GetFIFOStatus                                 Libraries\STM32F4xx_StdPeriph_Driver\src\stm32f4xx_dma.o
DMA_GetFlagStatus                                 Libraries\STM32F4xx_StdPeriph_Driver\src\stm32f4xx_dma.o
DMA_GetITStatus                                   Libraries\STM32F4xx_StdPeriph_Driver\src\stm32f4xx_dma.o
DMA_ITConfig                                      Libraries\STM32F4xx_StdPeriph_Driver\src\stm32f4xx_dma.o
DMA_Init                                          Libraries\STM32F4xx_StdPeriph_Driver\src\stm32f4xx_dma.o
DMA_MemoryTargetConfig                            Libraries\STM32F4xx_StdPeriph_Driver\src\stm32f4xx_dma.o
DMA_PeriphIncOffsetSizeConfig                     Libraries\STM32F4xx_StdPeriph_Driver\src\stm32f4xx_dma.o
DMA_SetCurrDataCounter                            Libraries\STM32F4xx_StdPeriph_Driver\src\stm32f4xx_dma.o
DMA_StructInit                                    Libraries\STM32F4xx_StdPeriph_Driver\src\stm32f4xx_dma.o
DebugMon_Handler                                  src\stm32f4xx_it.o
Default_Handler                                   src\startup_stm32f40xx.o
ETH_IRQHandler                                    src\startup_stm32f40xx.o
ETH_WKUP_IRQHandler                               src\startup_stm32f40xx.o
EXTI0_IRQHandler                                  src\startup_stm32f40xx.o
EXTI15_10_IRQHandler                              src\startup_stm32f40xx.o
EXTI1_IRQHandler                                  src\startup_stm32f40xx.o
EXTI2_IRQHandler                                  src\startup_stm32f40xx.o
EXTI3_IRQHandler                                  src\startup_stm32f40xx.o
EXTI4_IRQHandler                                  src\startup_stm32f40xx.o
EXTI9_5_IRQHandler                                src\startup_stm32f40xx.o
EXTI_ClearFlag                                    Libraries\STM32F4xx_StdPeriph_Driver\src\stm32f4xx_exti.o
EXTI_ClearITPendingBit                            Libraries\STM32F4xx_StdPeriph_Driver\src\stm32f4xx_exti.o
EXTI_DeInit                                       Libraries\STM32F4xx_StdPeriph_Driver\src\stm32f4xx_exti.o
EXTI_GenerateSWInterrupt                          Libraries\STM32F4xx_StdPeriph_Driver\src\stm32f4xx_exti.o
EXTI_GetFlagStatus                                Libraries\STM32F4xx_StdPeriph_Driver\src\stm32f4xx_exti.o
EXTI_GetITStatus                                  Libraries\STM32F4xx_StdPeriph_Driver\src\stm32f4xx_exti.o
EXTI_Init                                         Libraries\STM32F4xx_StdPeriph_Driver\src\stm32f4xx_exti.o
                                                  src\hardware.o
EXTI_StructInit                                   Libraries\STM32F4xx_StdPeriph_Driver\src\stm32f4xx_exti.o
FLASH_ClearFlag                                   Libraries\STM32F4xx_StdPeriph_Driver\src\stm32f4xx_flash.o
FLASH_DataCacheCmd                                Libraries\STM32F4xx_StdPeriph_Driver\src\stm32f4xx_flash.o
FLASH_DataCacheReset                              Libraries\STM32F4xx_StdPeriph_Driver\src\stm32f4xx_flash.o
FLASH_EraseAllSectors                             Libraries\STM32F4xx_StdPeriph_Driver\src\stm32f4xx_flash.o
FLASH_EraseSector                                 Libraries\STM32F4xx_StdPeriph_Driver\src\stm32f4xx_flash.o
FLASH_GetFlagStatus                               Libraries\STM32F4xx_StdPeriph_Driver\src\stm32f4xx_flash.o
FLASH_GetStatus                                   Libraries\STM32F4xx_StdPeriph_Driver\src\stm32f4xx_flash.o
FLASH_IRQHandler                                  src\startup_stm32f40xx.o
FLASH_ITConfig                                    Libraries\STM32F4xx_StdPeriph_Driver\src\stm32f4xx_flash.o
FLASH_InstructionCacheCmd                         Libraries\STM32F4xx_StdPeriph_Driver\src\stm32f4xx_flash.o
FLASH_InstructionCacheReset                       Libraries\STM32F4xx_StdPeriph_Driver\src\stm32f4xx_flash.o
FLASH_Lock                                        Libraries\STM32F4xx_StdPeriph_Driver\src\stm32f4xx_flash.o
FLASH_OB_BORConfig                                Libraries\STM32F4xx_StdPeriph_Driver\src\stm32f4xx_flash.o
FLASH_OB_GetBOR                                   Libraries\STM32F4xx_StdPeriph_Driver\src\stm32f4xx_flash.o
FLASH_OB_GetRDP                                   Libraries\STM32F4xx_StdPeriph_Driver\src\stm32f4xx_flash.o
FLASH_OB_GetUser                                  Libraries\STM32F4xx_StdPeriph_Driver\src\stm32f4xx_flash.o
FLASH_OB_GetWRP                                   Libraries\STM32F4xx_StdPeriph_Driver\src\stm32f4xx_flash.o
FLASH_OB_GetWRP1                                  Libraries\STM32F4xx_StdPeriph_Driver\src\stm32f4xx_flash.o
FLASH_OB_Launch                                   Libraries\STM32F4xx_StdPeriph_Driver\src\stm32f4xx_flash.o
FLASH_OB_Lock                                     Libraries\STM32F4xx_StdPeriph_Driver\src\stm32f4xx_flash.o
FLASH_OB_RDPConfig                                Libraries\STM32F4xx_StdPeriph_Driver\src\stm32f4xx_flash.o
FLASH_OB_Unlock                                   Libraries\STM32F4xx_StdPeriph_Driver\src\stm32f4xx_flash.o
FLASH_OB_UserConfig                               Libraries\STM32F4xx_StdPeriph_Driver\src\stm32f4xx_flash.o
FLASH_OB_WRP1Config                               Libraries\STM32F4xx_StdPeriph_Driver\src\stm32f4xx_flash.o
FLASH_OB_WRPConfig                                Libraries\STM32F4xx_StdPeriph_Driver\src\stm32f4xx_flash.o
FLASH_PrefetchBufferCmd                           Libraries\STM32F4xx_StdPeriph_Driver\src\stm32f4xx_flash.o
FLASH_ProgramByte                                 Libraries\STM32F4xx_StdPeriph_Driver\src\stm32f4xx_flash.o
FLASH_ProgramDoubleWord                           Libraries\STM32F4xx_StdPeriph_Driver\src\stm32f4xx_flash.o
FLASH_ProgramHalfWord                             Libraries\STM32F4xx_StdPeriph_Driver\src\stm32f4xx_flash.o
FLASH_ProgramWord                                 Libraries\STM32F4xx_StdPeriph_Driver\src\stm32f4xx_flash.o
FLASH_SetLatency                                  Libraries\STM32F4xx_StdPeriph_Driver\src\stm32f4xx_flash.o
FLASH_Unlock                                      Libraries\STM32F4xx_StdPeriph_Driver\src\stm32f4xx_flash.o
FLASH_WaitForLastOperation                        Libraries\STM32F4xx_StdPeriph_Driver\src\stm32f4xx_flash.o
FPU_IRQHandler                                    src\startup_stm32f40xx.o
FSMC_ClearFlag                                    Libraries\STM32F4xx_StdPeriph_Driver\src\stm32f4xx_fsmc.o
FSMC_ClearITPendingBit                            Libraries\STM32F4xx_StdPeriph_Driver\src\stm32f4xx_fsmc.o