Archive member included because of file (symbol)

c:/program files (x86)/atollic/truestudio for arm 5.4.1/armtools/bin/../lib/gcc/arm-atollic-eabi/4.8.3/../../../../arm-atollic-eabi/lib/armv7e-m/fpu\libc_s.a(lib_a-init.o)
                              src\startup_stm32f40xx.o (__libc_init_array)
c:/program files (x86)/atollic/truestudio for arm 5.4.1/armtools/bin/../lib/gcc/arm-atollic-eabi/4.8.3/../../../../arm-atollic-eabi/lib/armv7e-m/fpu\libc_s.a(lib_a-memcmp.o)
                              Libraries\FreeRTOS\tasks.o (memcmp)
c:/program files (x86)/atollic/truestudio for arm 5.4.1/armtools/bin/../lib/gcc/arm-atollic-eabi/4.8.3/../../../../arm-atollic-eabi/lib/armv7e-m/fpu\libc_s.a(lib_a-memcpy-stub.o)
                              Libraries\FreeRTOS\queue.o (memcpy)
c:/program files (x86)/atollic/truestudio for arm 5.4.1/armtools/bin/../lib/gcc/arm-atollic-eabi/4.8.3/../../../../arm-atollic-eabi/lib/armv7e-m/fpu\libc_s.a(lib_a-memset.o)
                              Libraries\FreeRTOS\tasks.o (memset)
c:/program files (x86)/atollic/truestudio for arm 5.4.1/armtools/bin/../lib/gcc/arm-atollic-eabi/4.8.3/../../../../arm-atollic-eabi/lib/armv7e-m/fpu\libc_s.a(lib_a-strlen.o)
                              src\tiny_printf.o (strlen)
c:/program files (x86)/atollic/truestudio for arm 5.4.1/armtools/bin/../lib/gcc/arm-atollic-eabi/4.8.3/../../../../arm-atollic-eabi/lib/armv7e-m/fpu\libc_s.a(lib_a-syscalls.o)
                              src\tiny_printf.o (_write)
c:/program files (x86)/atollic/truestudio for arm 5.4.1/armtools/bin/../lib/gcc/arm-atollic-eabi/4.8.3/../../../../arm-atollic-eabi/lib/armv7e-m/fpu\libc_s.a(lib_a-reent.o)
                              c:/program files (x86)/atollic/truestudio for arm 5.4.1/armtools/bin/../lib/gcc/arm-atollic-eabi/4.8.3/../../../../arm-atollic-eabi/lib/armv7e-m/fpu\libc_s.a(lib_a-syscalls.o) (errno)
c:/program files (x86)/atollic/truestudio for arm 5.4.1/armtools/bin/../lib/gcc/arm-atollic-eabi/4.8.3/../../../../arm-atollic-eabi/lib/armv7e-m/fpu\libc_s.a(lib_a-impure.o)
                              c:/program files (x86)/atollic/truestudio for arm 5.4.1/armtools/bin/../lib/gcc/arm-atollic-eabi/4.8.3/../../../../arm-atollic-eabi/lib/armv7e-m/fpu\libc_s.a(lib_a-reent.o) (_impure_ptr)
c:/program files (x86)/atollic/truestudio for arm 5.4.1/armtools/bin/../lib/gcc/arm-atollic-eabi/4.8.3/../../../../arm-atollic-eabi/lib/armv7e-m/fpu\libc_s.a(lib_a-nano-freer.o)
                              c:/program files (x86)/atollic/truestudio for arm 5.4.1/armtools/bin/../lib/gcc/arm-atollic-eabi/4.8.3/../../../../arm-atollic-eabi/lib/armv7e-m/fpu\libc_s.a(lib_a-reent.o) (_free_r)
c:/program files (x86)/atollic/truestudio for arm 5.4.1/armtools/bin/../lib/gcc/arm-atollic-eabi/4.8.3/../../../../arm-atollic-eabi/lib/armv7e-m/fpu\libc_s.a(lib_a-nano-mallocr.o)
                              c:/program files (x86)/atollic/truestudio for arm 5.4.1/armtools/bin/../lib/gcc/arm-atollic-eabi/4.8.3/../../../../arm-atollic-eabi/lib/armv7e-m/fpu\libc_s.a(lib_a-nano-freer.o) (__malloc_free_list)
c:/program files (x86)/atollic/truestudio for arm 5.4.1/armtools/bin/../lib/gcc/arm-atollic-eabi/4.8.3/../../../../arm-atollic-eabi/lib/armv7e-m/fpu\libc_s.a(lib_a-sbrkr.o)
                              c:/program files (x86)/atollic/truestudio for arm 5.4.1/armtools/bin/../lib/gcc/arm-atollic-eabi/4.8.3/../../../../arm-atollic-eabi/lib/armv7e-m/fpu\libc_s.a(lib_a-nano-mallocr.o) (_sbrk_r)

Allocating common symbols
Common symbol       size              file

set_motor           0x4               src\trafficLight.o
power_total         0x4               src\trafficLight.o
errno               0x4               c:/program files (x86)/atollic/truestudio for arm 5.4.1/armtools/bin/../lib/gcc/arm-atollic-eabi/4.8.3/../../../../arm-atollic-eabi/lib/armv7e-m/fpu\libc_s.a(lib_a-reent.o)
process_packet      0x1               src\power.o
traffic_future_state
                    0x1               src\trafficLight.o
blinkTrafficLight   0x4               src\trafficLight.o
xPacketQueue        0x4               src\power.o
read_photo          0x4               src\trafficLight.o
power_time          0x2               src\trafficLight.o
delay_done          0x1               src\trafficLight.o
read_power          0x4               src\trafficLight.o
traffic_current_state
                    0x1               src\trafficLight.o
traffic_time        0x2               src\trafficLight.o
my_mode             0x1               src\trafficLight.o
received_string     0x10              src\power.o

Discarded input sections

 .text          0x00000000        0x0 c:/program files (x86)/atollic/truestudio for arm 5.4.1/armtools/bin/../lib/gcc/arm-atollic-eabi/4.8.3/armv7e-m/fpu/crti.o
 .data          0x00000000        0x0 c:/program files (x86)/atollic/truestudio for arm 5.4.1/armtools/bin/../lib/gcc/arm-atollic-eabi/4.8.3/armv7e-m/fpu/crti.o
[...]
Memory Configuration

Name             Origin             Length             Attributes
FLASH            0x08000000         0x00100000         xr
RAM              0x20000000         0x00020000         xrw
MEMORY_B1        0x60000000         0x00000000         xr
CCMRAM           0x10000000         0x00010000         rw
*default*        0x00000000         0xffffffff

Linker script and memory map

LOAD c:/program files (x86)/atollic/truestudio for arm 5.4.1/armtools/bin/../lib/gcc/arm-atollic-eabi/4.8.3/armv7e-m/fpu/crti.o
LOAD c:/program files (x86)/atollic/truestudio for arm 5.4.1/armtools/bin/../lib/gcc/arm-atollic-eabi/4.8.3/armv7e-m/fpu/crtbegin.o
LOAD src\trafficLight.o
LOAD src\tiny_printf.o
LOAD src\system_stm32f4xx.o
LOAD src\swTimer.o
LOAD src\stm32f4xx_it.o
LOAD src\startup_stm32f40xx.o
LOAD src\power.o
LOAD src\photo.o
LOAD src\packet.o
LOAD src\motor.o
LOAD src\main.o
LOAD src\hardware.o
LOAD Libraries\STM32F4xx_StdPeriph_Driver\src\stm32f4xx_wwdg.o
LOAD Libraries\STM32F4xx_StdPeriph_Driver\src\stm32f4xx_usart.o
LOAD Libraries\STM32F4xx_StdPeriph_Driver\src\stm32f4xx_tim.o
LOAD Libraries\STM32F4xx_StdPeriph_Driver\src\stm32f4xx_syscfg.o
LOAD Libraries\STM32F4xx_StdPeriph_Driver\src\stm32f4xx_spi.o
LOAD Libraries\STM32F4xx_StdPeriph_Driver\src\stm32f4xx_sdio.o
LOAD Libraries\STM32F4xx_StdPeriph_Driver\src\stm32f4xx_rtc.o
LOAD Libraries\STM32F4xx_StdPeriph_Driver\src\stm32f4xx_rng.o
LOAD Libraries\STM32F4xx_StdPeriph_Driver\src\stm32f4xx_rcc.o
LOAD Libraries\STM32F4xx_StdPeriph_Driver\src\stm32f4xx_pwr.o
LOAD Libraries\STM32F4xx_StdPeriph_Driver\src\stm32f4xx_iwdg.o
LOAD Libraries\STM32F4xx_StdPeriph_Driver\src\stm32f4xx_i2c.o
LOAD Libraries\STM32F4xx_StdPeriph_Driver\src\stm32f4xx_hash_sha1.o
LOAD Libraries\STM32F4xx_StdPeriph_Driver\src\stm32f4xx_hash_md5.o
LOAD Libraries\STM32F4xx_StdPeriph_Driver\src\stm32f4xx_hash.o
LOAD Libraries\STM32F4xx_StdPeriph_Driver\src\stm32f4xx_gpio.o
LOAD Libraries\STM32F4xx_StdPeriph_Driver\src\stm32f4xx_fsmc.o
LOAD Libraries\STM32F4xx_StdPeriph_Driver\src\stm32f4xx_flash.o
LOAD Libraries\STM32F4xx_StdPeriph_Driver\src\stm32f4xx_exti.o
LOAD Libraries\STM32F4xx_StdPeriph_Driver\src\stm32f4xx_dma.o
LOAD Libraries\STM32F4xx_StdPeriph_Driver\src\stm32f4xx_dcmi.o
LOAD Libraries\STM32F4xx_StdPeriph_Driver\src\stm32f4xx_dbgmcu.o
LOAD Libraries\STM32F4xx_StdPeriph_Driver\src\stm32f4xx_dac.o
LOAD Libraries\STM32F4xx_StdPeriph_Driver\src\stm32f4xx_cryp_tdes.o
LOAD Libraries\STM32F4xx_StdPeriph_Driver\src\stm32f4xx_cryp_des.o
LOAD Libraries\STM32F4xx_StdPeriph_Driver\src\stm32f4xx_cryp_aes.o
LOAD Libraries\STM32F4xx_StdPeriph_Driver\src\stm32f4xx_cryp.o
LOAD Libraries\STM32F4xx_StdPeriph_Driver\src\stm32f4xx_crc.o
LOAD Libraries\STM32F4xx_StdPeriph_Driver\src\stm32f4xx_can.o
LOAD Libraries\STM32F4xx_StdPeriph_Driver\src\stm32f4xx_adc.o
LOAD Libraries\STM32F4xx_StdPeriph_Driver\src\misc.o
LOAD Libraries\FreeRTOS\timers.o
LOAD Libraries\FreeRTOS\tasks.o
LOAD Libraries\FreeRTOS\queue.o
LOAD Libraries\FreeRTOS\list.o
LOAD Libraries\FreeRTOS\event_groups.o
LOAD Libraries\FreeRTOS\croutine.o
LOAD Libraries\FreeRTOS\Portable\port.o
LOAD Libraries\FreeRTOS\Portable\heap_4.o
START GROUP
LOAD c:/program files (x86)/atollic/truestudio for arm 5.4.1/armtools/bin/../lib/gcc/arm-atollic-eabi/4.8.3/../../../../arm-atollic-eabi/lib/armv7e-m/fpu\libc_s.a
LOAD c:/program files (x86)/atollic/truestudio for arm 5.4.1/armtools/bin/../lib/gcc/arm-atollic-eabi/4.8.3/../../../../arm-atollic-eabi/lib/armv7e-m/fpu\libm.a
END GROUP
                0x00001000                malloc_getpagesize_P = 0x1000
START GROUP
LOAD c:/program files (x86)/atollic/truestudio for arm 5.4.1/armtools/bin/../lib/gcc/arm-atollic-eabi/4.8.3/armv7e-m/fpu\libgcc.a
LOAD c:/program files (x86)/atollic/truestudio for arm 5.4.1/armtools/bin/../lib/gcc/arm-atollic-eabi/4.8.3/../../../../arm-atollic-eabi/lib/armv7e-m/fpu\libc.a
END GROUP
LOAD c:/program files (x86)/atollic/truestudio for arm 5.4.1/armtools/bin/../lib/gcc/arm-atollic-eabi/4.8.3/armv7e-m/fpu/crtend.o
LOAD c:/program files (x86)/atollic/truestudio for arm 5.4.1/armtools/bin/../lib/gcc/arm-atollic-eabi/4.8.3/armv7e-m/fpu/crtn.o
                0x20020000                _estack = 0x20020000
                0x00000000                _Min_Heap_Size = 0x0
                0x00000400                _Min_Stack_Size = 0x400

.isr_vector     0x08000000      0x188
                0x08000000                . = ALIGN (0x4)
 *(.isr_vector)
 .isr_vector    0x08000000      0x188 src\startup_stm32f40xx.o
                0x08000000                g_pfnVectors
                0x08000188                . = ALIGN (0x4)

.text           0x08000188     0x8c48
                0x08000188                . = ALIGN (0x4)
 *(.text)
 .text          0x08000188       0x40 c:/program files (x86)/atollic/truestudio for arm 5.4.1/armtools/bin/../lib/gcc/arm-atollic-eabi/4.8.3/armv7e-m/fpu/crtbegin.o
 .text          0x080001c8       0x68 src\trafficLight.o
                0x080001c8                prvblinkTrafficLightCallback
 .text          0x08000230      0x254 src\system_stm32f4xx.o
                0x08000230                SystemInit
                0x08000298                SystemCoreClockUpdate
 .text          0x08000484      0x13c src\swTimer.o
                0x08000484                swTimerInit
                0x080004b8                swTimerStart
                0x080004fc                swTimerStop
                0x08000534                swIsTimerActive
                0x08000558                prvDelayCallback
                0x08000574                swDelay
 .text          0x080005c0       0x38 src\stm32f4xx_it.o
                0x080005c0                NMI_Handler
                0x080005cc                HardFault_Handler
                0x080005d4                MemManage_Handler
                0x080005dc                BusFault_Handler
                0x080005e4                UsageFault_Handler
                0x080005ec                DebugMon_Handler
 .text          0x080005f8       0xac src\power.o
                0x080005f8                prvReadPowerCallback
 .text          0x080006a4      0x168 src\photo.o
                0x080006a4                prvReadPhotoCallback
 .text          0x0800080c      0x6e4 src\packet.o
                0x0800080c                sendPacket
                0x080008b0                sendAck
                0x08000930                sendPing
                0x0800098c                sendSetMode
                0x080009e8                sendPowerConsumption
                0x08000a7c                handlePacket
                0x08000b88                handleAck
                0x08000bc4                handlePing
                0x08000c20                handleTrafficLightCurrent
                0x08000c80                handleTrafficLightFuture
                0x08000d18                handleChangeMode
                0x08000d78                pack
                0x08000dbc                unpack
                0x08000e20                USART3_IRQHandler
                0x08000eb0                copyString
 .text          0x08000ef0      0x170 src\motor.o
                0x08000ef0                setMotor
                0x08000f74                pwmSet
                0x0800100c                prvSetMotorCallback
 .text          0x08001060      0x48c src\main.o
                0x08001060                main
                0x08001098                prvSetupTask
                0x08001254                prvConnectTask
                0x08001340                prvModeOfOperationTask
                0x0800140c                prvTrafficLightTask
                0x08001474                prvSWTimerCallback
                0x080014c0                vApplicationMallocFailedHook
                0x080014c8                vApplicationStackOverflowHook
                0x080014d4                vApplicationIdleHook
 .text          0x080014ec      0x3d4 src\hardware.o
                0x080014ec                ledInit
                0x080015a0                wifiInit
                0x080015f0                wifiConfig
                0x0800165c                pwmInit
                0x080016d8                pwmTimerConfig
                0x08001718                photoResistorInit
                0x08001764                adcConfig
                0x080017ac                measuredPowerInit
                0x080017f4                ultrasonicInit
                0x08001834                extiConfig
                0x0800187c                ultrasonicTimerConfig
 .text          0x080018c0      0x958 Libraries\STM32F4xx_StdPeriph_Driver\src\stm32f4xx_usart.o
                0x080018c0                USART_DeInit
                0x080019d4                USART_Init
                0x08001b48                USART_StructInit
                0x08001b80                USART_ClockInit
                0x08001bd4                USART_ClockStructInit
                0x08001c00                USART_Cmd
                0x08001c40                USART_SetPrescaler
                0x08001c78                USART_OverSampling8Cmd
                0x08001cbc                USART_OneBitMethodCmd
                0x08001cfc                USART_SendData
                0x08001d20                USART_ReceiveData
                0x08001d40                USART_SetAddress
                0x08001d78                USART_ReceiverWakeUpCmd
                0x08001db8                USART_WakeUpConfig
                0x08001df0                USART_LINBreakDetectLengthConfig
                0x08001e28                USART_LINCmd
                0x08001e68                USART_SendBreak
                0x08001e8c                USART_HalfDuplexCmd
                0x08001ecc                USART_SetGuardTime
                0x08001f08                USART_SmartCardCmd
                0x08001f48                USART_SmartCardNACKCmd
                0x08001f88                USART_IrDAConfig
                0x08001fc0                USART_IrDACmd
                0x08002000                USART_DMACmd
                0x08002048                USART_ITConfig
                0x080020d8                USART_GetFlagStatus
                0x08002110                USART_ClearFlag
                0x08002130                USART_GetITStatus
                0x080021e0                USART_ClearITPendingBit
 .text          0x08002218     0x1b80 Libraries\STM32F4xx_StdPeriph_Driver\src\stm32f4xx_tim.o
                0x08002218                TIM_DeInit
                0x080023d4                TIM_TimeBaseInit
                0x080024a8                TIM_TimeBaseStructInit
                0x080024dc                TIM_PrescalerConfig
                0x08002504                TIM_CounterModeConfig
                0x0800253c                TIM_SetCounter
                0x08002558                TIM_SetAutoreload
                0x08002574                TIM_GetCounter
                0x0800258c                TIM_GetPrescaler
                0x080025a8                TIM_UpdateDisableConfig
                0x080025e8                TIM_UpdateRequestConfig
                0x08002628                TIM_ARRPreloadConfig
                0x08002668                TIM_SelectOnePulseMode
                0x080026a0                TIM_SetClockDivision
                0x080026d8                TIM_Cmd
                0x08002718                TIM_OC1Init
                0x0800280c                TIM_OC2Init
                0x0800291c                TIM_OC3Init
                0x08002a28                TIM_OC4Init
                0x08002af4                TIM_OCStructInit
                0x08002b38                TIM_SelectOCxM
                0x08002be4                TIM_SetCompare1
                0x08002c00                TIM_SetCompare2
                0x08002c1c                TIM_SetCompare3
                0x08002c38                TIM_SetCompare4
                0x08002c54                TIM_ForcedOC1Config
                0x08002c8c                TIM_ForcedOC2Config
                0x08002cc8                TIM_ForcedOC3Config
                0x08002d00                TIM_ForcedOC4Config
                0x08002d3c                TIM_OC1PreloadConfig
                0x08002d74                TIM_OC2PreloadConfig
                0x08002db0                TIM_OC3PreloadConfig
                0x08002de8                TIM_OC4PreloadConfig
                0x08002e24                TIM_OC1FastConfig
                0x08002e5c                TIM_OC2FastConfig
                0x08002e98                TIM_OC3FastConfig
                0x08002ed0                TIM_OC4FastConfig
                0x08002f0c                TIM_ClearOC1Ref
                0x08002f44                TIM_ClearOC2Ref
                0x08002f80                TIM_ClearOC3Ref
                0x08002fb8                TIM_ClearOC4Ref
                0x08002ff4                TIM_OC1PolarityConfig
                0x0800302c                TIM_OC1NPolarityConfig
                0x08003064                TIM_OC2PolarityConfig
                0x080030a0                TIM_OC2NPolarityConfig
                0x080030dc                TIM_OC3PolarityConfig
                0x08003118                TIM_OC3NPolarityConfig
                0x08003154                TIM_OC4PolarityConfig
                0x08003190                TIM_CCxCmd
                0x080031e4                TIM_CCxNCmd
                0x08003238                TIM_ICInit
                0x080032e0                TIM_ICStructInit
                0x08003310                TIM_PWMIConfig
                0x080033c8                TIM_GetCapture1
                0x080033e0                TIM_GetCapture2
                0x080033f8                TIM_GetCapture3
                0x08003410                TIM_GetCapture4
                0x08003428                TIM_SetIC1Prescaler
                0x08003460                TIM_SetIC2Prescaler
                0x0800349c                TIM_SetIC3Prescaler
                0x080034d4                TIM_SetIC4Prescaler
                0x08003510                TIM_BDTRConfig
                0x08003560                TIM_BDTRStructInit
                0x0800359c                TIM_CtrlPWMOutputs
                0x080035e8                TIM_SelectCOM
                0x08003628                TIM_CCPreloadControl
                0x08003668                TIM_ITConfig
                0x080036b0                TIM_GenerateEvent
                0x080036cc                TIM_GetFlagStatus
                0x08003704                TIM_ClearFlag
                0x08003724                TIM_GetITStatus
                0x08003778                TIM_ClearITPendingBit
                0x08003798                TIM_DMAConfig
                0x080037c0                TIM_DMACmd
                0x08003808                TIM_SelectCCDMA
                0x08003848                TIM_InternalClockConfig
                0x0800386c                TIM_ITRxExternalClockConfig
                0x08003898                TIM_TIxExternalClockConfig
                0x080038ec                TIM_ETRClockMode1Config
                0x0800393c                TIM_ETRClockMode2Config
                0x0800396c                TIM_SelectInputTrigger
                0x080039a4                TIM_SelectOutputTrigger
                0x080039dc                TIM_SelectSlaveMode
                0x08003a14                TIM_SelectMasterSlaveMode
                0x08003a4c                TIM_ETRConfig
                0x08003a94                TIM_EncoderInterfaceConfig
                0x08003b20                TIM_SelectHallSensor
                0x08003b60                TIM_RemapConfig
 .text          0x08003d98      0x128 Libraries\STM32F4xx_StdPeriph_Driver\src\stm32f4xx_syscfg.o
                0x08003d98                SYSCFG_DeInit
                0x08003db4                SYSCFG_MemoryRemapConfig
                0x08003dd4                SYSCFG_EXTILineConfig
                0x08003e50                SYSCFG_ETH_MediaInterfaceConfig
                0x08003e6c                SYSCFG_CompensationCellCmd
                0x08003e8c                SYSCFG_GetCompensationCellStatus
 .text          0x08003ec0      0xaa4 Libraries\STM32F4xx_StdPeriph_Driver\src\stm32f4xx_rcc.o
                0x08003ec0                RCC_DeInit
                0x08003f1c                RCC_HSEConfig
                0x08003f40                RCC_WaitForHSEStartUp
                0x08003f90                RCC_AdjustHSICalibrationValue
                0x08003fcc                RCC_HSICmd
                0x08003fec                RCC_LSEConfig
                0x0800402c                RCC_LSICmd
                0x0800404c                RCC_PLLConfig
                0x08004088                RCC_PLLCmd
                0x080040a8                RCC_PLLI2SConfig
                0x080040d0                RCC_PLLI2SCmd
                0x080040f0                RCC_ClockSecuritySystemCmd
                0x08004110                RCC_MCO1Config
                0x0800414c                RCC_MCO2Config
                0x08004188                RCC_SYSCLKConfig
                0x080041c0                RCC_GetSYSCLKSource
                0x080041e0                RCC_HCLKConfig
                0x08004218                RCC_PCLK1Config
                0x08004250                RCC_PCLK2Config
                0x08004288                RCC_GetClocksFreq
                0x080043dc                RCC_RTCCLKConfig
                0x08004438                RCC_RTCCLKCmd
                0x08004458                RCC_BackupResetCmd
                0x08004478                RCC_I2SCLKConfig
                0x08004494                RCC_TIMCLKPresConfig
                0x080044b0                RCC_AHB1PeriphClockCmd
                0x080044ec                RCC_AHB2PeriphClockCmd
                0x08004528                RCC_AHB3PeriphClockCmd
                0x08004564                RCC_APB1PeriphClockCmd
                0x080045a0                RCC_APB2PeriphClockCmd
                0x080045dc                RCC_AHB1PeriphResetCmd
                0x08004618                RCC_AHB2PeriphResetCmd
                0x08004654                RCC_AHB3PeriphResetCmd
                0x08004690                RCC_APB1PeriphResetCmd
                0x080046cc                RCC_APB2PeriphResetCmd
                0x08004708                RCC_AHB1PeriphClockLPModeCmd
                0x08004744                RCC_AHB2PeriphClockLPModeCmd
                0x08004780                RCC_AHB3PeriphClockLPModeCmd
                0x080047bc                RCC_APB1PeriphClockLPModeCmd
                0x080047f8                RCC_APB2PeriphClockLPModeCmd
                0x08004834                RCC_ITConfig
                0x0800487c                RCC_GetFlagStatus
                0x080048f0                RCC_ClearFlag
                0x0800490c                RCC_GetITStatus
                0x08004944                RCC_ClearITPendingBit
 .text          0x08004964      0x488 Libraries\STM32F4xx_StdPeriph_Driver\src\stm32f4xx_gpio.o
                0x08004964                GPIO_DeInit
                0x08004a84                GPIO_Init
                0x08004ba0                GPIO_StructInit
                0x08004bd4                GPIO_PinLockConfig
                0x08004c18                GPIO_ReadInputDataBit
                0x08004c4c                GPIO_ReadInputData
                0x08004c68                GPIO_ReadOutputDataBit
                0x08004c9c                GPIO_ReadOutputData
                0x08004cb8                GPIO_SetBits
                0x08004cd4                GPIO_ResetBits
                0x08004cf0                GPIO_WriteBit
                0x08004d20                GPIO_Write
                0x08004d3c                GPIO_ToggleBits
                0x08004d60                GPIO_PinAFConfig
 .text          0x08004dec      0x214 Libraries\STM32F4xx_StdPeriph_Driver\src\stm32f4xx_exti.o
                0x08004dec                EXTI_DeInit
                0x08004e20                EXTI_Init
                0x08004efc                EXTI_StructInit
                0x08004f28                EXTI_GenerateSWInterrupt
                0x08004f4c                EXTI_GetFlagStatus
                0x08004f80                EXTI_ClearFlag
                0x08004f9c                EXTI_GetITStatus
                0x08004fe4                EXTI_ClearITPendingBit
 .text          0x08005000      0xa68 Libraries\STM32F4xx_StdPeriph_Driver\src\stm32f4xx_adc.o
                0x08005000                ADC_DeInit
                0x0800501c                ADC_Init
                0x080050c4                ADC_StructInit
                0x08005100                ADC_CommonInit
                0x08005150                ADC_CommonStructInit
                0x0800517c                ADC_Cmd
                0x080051b4                ADC_AnalogWatchdogCmd
                0x080051ec                ADC_AnalogWatchdogThresholdsConfig
                0x08005214                ADC_AnalogWatchdogSingleChannelConfig
                0x0800524c                ADC_TempSensorVrefintCmd
                0x08005284                ADC_VBATCmd
                0x080052bc                ADC_RegularChannelConfig
                0x08005444                ADC_SoftwareStartConv
                0x08005464                ADC_GetSoftwareStartConvStatus
                0x08005494                ADC_EOCOnEachRegularChannelCmd
                0x080054cc                ADC_ContinuousModeCmd
                0x08005504                ADC_DiscModeChannelCountConfig
                0x08005548                ADC_DiscModeCmd
                0x08005580                ADC_GetConversionValue
                0x0800559c                ADC_GetMultiModeConversionValue
                0x080055b4                ADC_DMACmd
                0x080055ec                ADC_DMARequestAfterLastTransferCmd
                0x08005624                ADC_MultiModeDMARequestAfterLastTransferCmd
                0x0800565c                ADC_InjectedChannelConfig
                0x08005770                ADC_InjectedSequencerLengthConfig
                0x080057b4                ADC_SetInjectedOffset
                0x080057e4                ADC_ExternalTrigInjectedConvConfig
                0x08005818                ADC_ExternalTrigInjectedConvEdgeConfig
                0x0800584c                ADC_SoftwareStartInjectedConv
                0x0800586c                ADC_GetSoftwareStartInjectedConvCmdStatus
                0x0800589c                ADC_AutoInjectedConvCmd
                0x080058d4                ADC_InjectedDiscModeCmd
                0x0800590c                ADC_GetInjectedConversionValue
                0x0800593c                ADC_ITConfig
                0x0800598c                ADC_GetFlagStatus
                0x080059c0                ADC_ClearFlag
                0x080059e0                ADC_GetITStatus
                0x08005a3c                ADC_ClearITPendingBit
 .text          0x08005a68      0x184 Libraries\STM32F4xx_StdPeriph_Driver\src\misc.o
                0x08005a68                NVIC_PriorityGroupConfig
                0x08005a8c                NVIC_Init
                0x08005b48                NVIC_SetVectorTable
                0x08005b74                NVIC_SystemLPConfig
                0x08005bb4                SysTick_CLKSourceConfig
 .text          0x08005bec      0x59c Libraries\FreeRTOS\timers.o
                0x08005bec                xTimerCreateTimerTask
                0x08005c38                xTimerCreate
                0x08005c98                xTimerGenericCommand
                0x08005d24                pcTimerGetTimerName
                0x0800613c                xTimerIsTimerActive
                0x0800616c                pvTimerGetTimerID
 .text          0x08006188     0x1a24 Libraries\FreeRTOS\tasks.o
                0x08006188                xTaskGenericCreate
                0x080062cc                vTaskDelete
                0x080063b0                vTaskDelayUntil
                0x08006478                vTaskDelay
                0x080064fc                uxTaskPriorityGet
                0x08006530                uxTaskPriorityGetFromISR
                0x08006588                vTaskPrioritySet
                0x080066c8                vTaskSuspend
                0x08006814                vTaskResume
                0x080068b0                xTaskResumeFromISR
                0x08006970                vTaskStartScheduler
                0x080069e0                vTaskEndScheduler
                0x08006a0c                vTaskSuspendAll
                0x08006a28                xTaskResumeAll
                0x08006b34                xTaskGetTickCount
                0x08006b54                xTaskGetTickCountFromISR
                0x08006b78                uxTaskGetNumberOfTasks
                0x08006b90                xTaskIncrementTick
                0x08006cec                vTaskSwitchContext
                0x08006dc0                vTaskPlaceOnEventList
                0x08006e40                vTaskPlaceOnUnorderedEventList
                0x08006ed0                vTaskPlaceOnEventListRestricted
                0x08006f34                xTaskRemoveFromEventList
                0x08006fdc                xTaskRemoveFromUnorderedEventList
                0x0800706c                vTaskSetTimeOutState
                0x08007098                xTaskCheckForTimeOut
                0x08007120                vTaskMissedYield
                0x08007444                xTaskGetCurrentTaskHandle
                0x08007464                xTaskGetSchedulerState
                0x080074a0                vTaskPriorityInherit
                0x0800758c                xTaskPriorityDisinherit
                0x08007654                uxTaskResetEventItemValue
                0x08007684                pvTaskIncrementMutexHeldCount
                0x080076ac                ulTaskNotifyTake
                0x08007794                xTaskNotifyWait
                0x080078a0                xTaskNotify
                0x0800799c                xTaskNotifyFromISR
                0x08007ad4                vTaskNotifyGiveFromISR
 .text          0x08007bac      0xa18 Libraries\FreeRTOS\queue.o
                0x08007bac                xQueueGenericReset
                0x08007c60                xQueueGenericCreate
                0x08007cdc                xQueueCreateMutex
                0x08007d58                xQueueGenericSend
                0x08007ea4                xQueueGenericSendFromISR
                0x08007f48                xQueueGiveFromISR
                0x08007fe0                xQueueGenericReceive
                0x08008178                xQueueReceiveFromISR
                0x08008218                xQueuePeekFromISR
                0x0800827c                uxQueueMessagesWaiting
                0x0800829c                uxQueueSpacesAvailable
                0x080082c8                uxQueueMessagesWaitingFromISR
                0x080082e4                vQueueDelete
                0x080084e8                xQueueIsQueueEmptyFromISR
                0x08008540                xQueueIsQueueFullFromISR
                0x0800856c                vQueueWaitForMessageRestricted
 .text          0x080085c4      0x164 Libraries\FreeRTOS\list.o
                0x080085c4                vListInitialise
                0x08008604                vListInitialiseItem
                0x0800861c                vListInsertEnd
                0x08008664                vListInsert
                0x080086d4                uxListRemove
 .text          0x08008728      0x258 Libraries\FreeRTOS\Portable\port.o
                0x08008728                pxPortInitialiseStack
                0x080087a8                SVC_Handler
                0x080087e4                xPortStartScheduler
                0x08008834                vPortEndScheduler
                0x08008840                vPortEnterCritical
                0x08008870                vPortExitCritical
                0x080088a0                PendSV_Handler
                0x08008900                SysTick_Handler
                0x08008944                vPortSetupTimerInterrupt
 .text          0x08008980      0x350 Libraries\FreeRTOS\Portable\heap_4.o
                0x08008980                pvPortMalloc
                0x08008ab0                vPortFree
                0x08008b20                xPortGetFreeHeapSize
                0x08008b38                xPortGetMinimumEverFreeHeapSize
                0x08008b50                vPortInitialiseBlocks
 *(.text*)
 .text.Reset_Handler
                0x08008cd0       0x58 src\startup_stm32f40xx.o
                0x08008cd0                Reset_Handler
 .text.Default_Handler
                0x08008d28        0x4 src\startup_stm32f40xx.o
                0x08008d28                RTC_Alarm_IRQHandler
                0x08008d28                HASH_RNG_IRQHandler
                0x08008d28                EXTI2_IRQHandler
                0x08008d28                TIM8_CC_IRQHandler
                0x08008d28                TIM1_CC_IRQHandler
                0x08008d28                DMA2_Stream5_IRQHandler
                0x08008d28                DMA1_Stream5_IRQHandler
                0x08008d28                PVD_IRQHandler
                0x08008d28                SDIO_IRQHandler
                0x08008d28                TAMP_STAMP_IRQHandler
                0x08008d28                CAN2_RX1_IRQHandler
                0x08008d28                EXTI3_IRQHandler
                0x08008d28                TIM8_TRG_COM_TIM14_IRQHandler
                0x08008d28                TIM1_UP_TIM10_IRQHandler
                0x08008d28                TIM8_UP_TIM13_IRQHandler
                0x08008d28                I2C3_ER_IRQHandler
                0x08008d28                EXTI0_IRQHandler
                0x08008d28                I2C2_EV_IRQHandler
                0x08008d28                DMA1_Stream2_IRQHandler
                0x08008d28                CAN1_RX0_IRQHandler
                0x08008d28                FPU_IRQHandler
                0x08008d28                OTG_HS_WKUP_IRQHandler
                0x08008d28                CAN2_SCE_IRQHandler
                0x08008d28                DMA2_Stream2_IRQHandler
                0x08008d28                SPI1_IRQHandler
                0x08008d28                TIM6_DAC_IRQHandler
                0x08008d28                TIM1_BRK_TIM9_IRQHandler
                0x08008d28                DCMI_IRQHandler
                0x08008d28                CAN2_RX0_IRQHandler
                0x08008d28                DMA2_Stream3_IRQHandler
                0x08008d28                USART6_IRQHandler
                0x08008d28                CRYP_IRQHandler
                0x08008d28                CAN1_RX1_IRQHandler
                0x08008d28                UART5_IRQHandler
                0x08008d28                DMA2_Stream0_IRQHandler
                0x08008d28                TIM4_IRQHandler
                0x08008d28                I2C1_EV_IRQHandler
                0x08008d28                DMA1_Stream6_IRQHandler
                0x08008d28                DMA1_Stream1_IRQHandler
                0x08008d28                UART4_IRQHandler
                0x08008d28                TIM3_IRQHandler
                0x08008d28                RCC_IRQHandler
                0x08008d28                TIM8_BRK_TIM12_IRQHandler
                0x08008d28                Default_Handler
                0x08008d28                EXTI15_10_IRQHandler
                0x08008d28                ADC_IRQHandler
                0x08008d28                DMA1_Stream7_IRQHandler
                0x08008d28                TIM7_IRQHandler
                0x08008d28                CAN2_TX_IRQHandler
                0x08008d28                TIM5_IRQHandler
                0x08008d28                DMA2_Stream7_IRQHandler
                0x08008d28                I2C3_EV_IRQHandler
                0x08008d28                EXTI9_5_IRQHandler
                0x08008d28                RTC_WKUP_IRQHandler
                0x08008d28                ETH_WKUP_IRQHandler
                0x08008d28                SPI2_IRQHandler
                0x08008d28                OTG_HS_EP1_IN_IRQHandler
                0x08008d28                DMA1_Stream0_IRQHandler
                0x08008d28                CAN1_TX_IRQHandler
                0x08008d28                EXTI4_IRQHandler
                0x08008d28                FSMC_IRQHandler
                0x08008d28                ETH_IRQHandler
                0x08008d28                OTG_HS_EP1_OUT_IRQHandler
                0x08008d28                WWDG_IRQHandler
                0x08008d28                TIM2_IRQHandler
                0x08008d28                OTG_FS_WKUP_IRQHandler
                0x08008d28                TIM1_TRG_COM_TIM11_IRQHandler
                0x08008d28                OTG_HS_IRQHandler
                0x08008d28                EXTI1_IRQHandler
                0x08008d28                USART2_IRQHandler
                0x08008d28                I2C2_ER_IRQHandler
                0x08008d28                DMA2_Stream1_IRQHandler
                0x08008d28                CAN1_SCE_IRQHandler
                0x08008d28                FLASH_IRQHandler
                0x08008d28                DMA2_Stream4_IRQHandler
                0x08008d28                USART1_IRQHandler
                0x08008d28                OTG_FS_IRQHandler
                0x08008d28                SPI3_IRQHandler
                0x08008d28                DMA1_Stream4_IRQHandler
                0x08008d28                I2C1_ER_IRQHandler
                0x08008d28                DMA2_Stream6_IRQHandler
                0x08008d28                DMA1_Stream3_IRQHandler
 .text.__libc_init_array
                0x08008d2c       0x4c c:/program files (x86)/atollic/truestudio for arm 5.4.1/armtools/bin/../lib/gcc/arm-atollic-eabi/4.8.3/../../../../arm-atollic-eabi/lib/armv7e-m/fpu\libc_s.a(lib_a-init.o)
                0x08008d2c                __libc_init_array
 .text.memcmp   0x08008d78       0x1e c:/program files (x86)/atollic/truestudio for arm 5.4.1/armtools/bin/../lib/gcc/arm-atollic-eabi/4.8.3/../../../../arm-atollic-eabi/lib/armv7e-m/fpu\libc_s.a(lib_a-memcmp.o)
                0x08008d78                memcmp
 .text.memcpy   0x08008d96       0x12 c:/program files (x86)/atollic/truestudio for arm 5.4.1/armtools/bin/../lib/gcc/arm-atollic-eabi/4.8.3/../../../../arm-atollic-eabi/lib/armv7e-m/fpu\libc_s.a(lib_a-memcpy-stub.o)
                0x08008d96                memcpy
 .text.memset   0x08008da8       0x10 c:/program files (x86)/atollic/truestudio for arm 5.4.1/armtools/bin/../lib/gcc/arm-atollic-eabi/4.8.3/../../../../arm-atollic-eabi/lib/armv7e-m/fpu\libc_s.a(lib_a-memset.o)
                0x08008da8                memset
 *(.glue_7)
 .glue_7        0x00000000        0x0 linker stubs
 *(.glue_7t)
 .glue_7t       0x00000000        0x0 linker stubs
 *(.eh_frame)
 .eh_frame      0x08008db8        0x0 c:/program files (x86)/atollic/truestudio for arm 5.4.1/armtools/bin/../lib/gcc/arm-atollic-eabi/4.8.3/armv7e-m/fpu/crtbegin.o
 *(.init)
 .init          0x08008db8        0x4 c:/program files (x86)/atollic/truestudio for arm 5.4.1/armtools/bin/../lib/gcc/arm-atollic-eabi/4.8.3/armv7e-m/fpu/crti.o
                0x08008db8                _init
 .init          0x08008dbc        0x8 c:/program files (x86)/atollic/truestudio for arm 5.4.1/armtools/bin/../lib/gcc/arm-atollic-eabi/4.8.3/armv7e-m/fpu/crtn.o
 *(.fini)
 .fini          0x08008dc4        0x4 c:/program files (x86)/atollic/truestudio for arm 5.4.1/armtools/bin/../lib/gcc/arm-atollic-eabi/4.8.3/armv7e-m/fpu/crti.o
                0x08008dc4                _fini
 .fini          0x08008dc8        0x8 c:/program files (x86)/atollic/truestudio for arm 5.4.1/armtools/bin/../lib/gcc/arm-atollic-eabi/4.8.3/armv7e-m/fpu/crtn.o
                0x08008dd0                . = ALIGN (0x4)
                0x08008dd0                _etext = .

.vfp11_veneer   0x08008dd0        0x0
 .vfp11_veneer  0x00000000        0x0 linker stubs

.v4_bx          0x08008dd0        0x0
 .v4_bx         0x00000000        0x0 linker stubs

.iplt           0x08008dd0        0x0
 .iplt          0x00000000        0x0 c:/program files (x86)/atollic/truestudio for arm 5.4.1/armtools/bin/../lib/gcc/arm-atollic-eabi/4.8.3/armv7e-m/fpu/crtbegin.o

.rodata         0x08008dd0       0x8c
                0x08008dd0                . = ALIGN (0x4)
 *(.rodata)
 .rodata        0x08008dd0        0x4 src\swTimer.o
 .rodata        0x08008dd4       0x30 src\packet.o
 .rodata        0x08008e04       0x34 src\main.o
 .rodata        0x08008e38        0x8 Libraries\FreeRTOS\timers.o
 .rodata        0x08008e40        0x8 Libraries\FreeRTOS\tasks.o
 *(.rodata*)
 .rodata.ucExpectedStackBytes.5329
                0x08008e48       0x14 Libraries\FreeRTOS\tasks.o
                0x08008e5c                . = ALIGN (0x4)

.rel.dyn        0x08008e5c        0x0
 .rel.iplt      0x00000000        0x0 c:/program files (x86)/atollic/truestudio for arm 5.4.1/armtools/bin/../lib/gcc/arm-atollic-eabi/4.8.3/armv7e-m/fpu/crtbegin.o

.ARM.extab
 *(.ARM.extab* .gnu.linkonce.armextab.*)

.ARM            0x08008e5c        0x0
                0x08008e5c                __exidx_start = .
 *(.ARM.exidx*)
                0x08008e5c                __exidx_end = .

.preinit_array  0x08008e5c        0x0
                0x08008e5c                PROVIDE (__preinit_array_start, .)
 *(.preinit_array*)
                0x08008e5c                PROVIDE (__preinit_array_end, .)

.init_array     0x08008e5c        0x4
                0x08008e5c                PROVIDE (__init_array_start, .)
 *(SORT(.init_array.*))
 *(.init_array*)
 .init_array    0x08008e5c        0x4 c:/program files (x86)/atollic/truestudio for arm 5.4.1/armtools/bin/../lib/gcc/arm-atollic-eabi/4.8.3/armv7e-m/fpu/crtbegin.o
                0x08008e60                PROVIDE (__init_array_end, .)

.fini_array     0x08008e60        0x4
                0x08008e60                PROVIDE (__fini_array_start, .)
 *(SORT(.fini_array.*))
 *(.fini_array*)
 .fini_array    0x08008e60        0x4 c:/program files (x86)/atollic/truestudio for arm 5.4.1/armtools/bin/../lib/gcc/arm-atollic-eabi/4.8.3/armv7e-m/fpu/crtbegin.o
                0x08008e64                PROVIDE (__fini_array_end, .)
                0x08008e64                _sidata = LOADADDR (.data)

.data           0x20000000       0x48 load address 0x08008e64
                0x20000000                . = ALIGN (0x4)
                0x20000000                _sdata = .
 *(.data)
 *(.data*)
 .data.next_light_state
                0x20000000        0x4 src\trafficLight.o
                0x20000000                next_light_state
 .data.SystemCoreClock
                0x20000004        0x4 src\system_stm32f4xx.o
                0x20000004                SystemCoreClock
 .data.AHBPrescTable
                0x20000008       0x10 src\system_stm32f4xx.o
                0x20000008                AHBPrescTable
 .data.photo_previous_line
                0x20000018        0x1 src\photo.o
                0x20000018                photo_previous_line
 *fill*         0x20000019        0x3 
 .data.next_direction
                0x2000001c        0x4 src\photo.o
                0x2000001c                next_direction
 .data.led_light_pin
                0x20000020        0x8 src\hardware.o
                0x20000020                led_light_pin
 .data.led_mode_pin
                0x20000028        0x8 src\hardware.o
                0x20000028                led_mode_pin
 .data.APBAHBPrescTable
                0x20000030       0x10 Libraries\STM32F4xx_StdPeriph_Driver\src\stm32f4xx_rcc.o
 .data.xNextTaskUnblockTime
                0x20000040        0x4 Libraries\FreeRTOS\tasks.o
 .data.uxCriticalNesting
                0x20000044        0x4 Libraries\FreeRTOS\Portable\port.o
                0x20000048                . = ALIGN (0x4)
                0x20000048                _edata = .
                0x08008eac                _siccmram = LOADADDR (.ccmram)

.igot.plt       0x20000048        0x0 load address 0x08008eac
 .igot.plt      0x00000000        0x0 c:/program files (x86)/atollic/truestudio for arm 5.4.1/armtools/bin/../lib/gcc/arm-atollic-eabi/4.8.3/armv7e-m/fpu/crtbegin.o

.ccmram         0x10000000        0x0 load address 0x08008eac
                0x10000000                . = ALIGN (0x4)
                0x10000000                _sccmram = .
 *(.ccmram)
 *(.ccmram*)
                0x10000000                . = ALIGN (0x4)
                0x10000000                _eccmram = .
                0x10000000                . = ALIGN (0x4)

.bss            0x20000048    0x1c1c4
                0x20000048                _sbss = .
                0x20000048                __bss_start__ = _sbss
 *(.bss)
 .bss           0x20000048       0x1c c:/program files (x86)/atollic/truestudio for arm 5.4.1/armtools/bin/../lib/gcc/arm-atollic-eabi/4.8.3/armv7e-m/fpu/crtbegin.o
 *(.bss*)
 .bss.photo_counter
                0x20000064        0x1 src\photo.o
                0x20000064                photo_counter
 .bss.photo_intersection
                0x20000065        0x1 src\photo.o
                0x20000065                photo_intersection
 .bss.photo_direction
                0x20000066        0x1 src\photo.o
                0x20000066                photo_direction
 *fill*         0x20000067        0x1 
 .bss.photo1.7865
                0x20000068        0x2 src\photo.o
 .bss.photo2.7866
                0x2000006a        0x2 src\photo.o
 .bss.photo3.7867
                0x2000006c        0x2 src\photo.o
 .bss.photo_average.7868
                0x2000006e        0x2 src\photo.o
 .bss.counter.8194
                0x20000070        0x1 src\packet.o
 .bss.state.7885
                0x20000071        0x1 src\motor.o
 *fill*         0x20000072        0x2 
 .bss.xSetupHandle
                0x20000074        0x4 src\main.o
                0x20000074                xSetupHandle
 .bss.xConnectHandle
                0x20000078        0x4 src\main.o
                0x20000078                xConnectHandle
 .bss.xModeOfOperationHandle
                0x2000007c        0x4 src\main.o
                0x2000007c                xModeOfOperationHandle
 .bss.xTrafficLightHandle
                0x20000080        0x4 src\main.o
                0x20000080                xTrafficLightHandle
 .bss.xActiveTimerList1
                0x20000084       0x14 Libraries\FreeRTOS\timers.o
 .bss.xActiveTimerList2
                0x20000098       0x14 Libraries\FreeRTOS\timers.o
 .bss.pxCurrentTimerList
                0x200000ac        0x4 Libraries\FreeRTOS\timers.o
 .bss.pxOverflowTimerList
                0x200000b0        0x4 Libraries\FreeRTOS\timers.o
 .bss.xTimerQueue
                0x200000b4        0x4 Libraries\FreeRTOS\timers.o
 .bss.xLastTime.5184
                0x200000b8        0x4 Libraries\FreeRTOS\timers.o
 .bss.pxCurrentTCB
                0x200000bc        0x4 Libraries\FreeRTOS\tasks.o
                0x200000bc                pxCurrentTCB
 .bss.pxReadyTasksLists
                0x200000c0       0x64 Libraries\FreeRTOS\tasks.o
 .bss.xDelayedTaskList1
                0x20000124       0x14 Libraries\FreeRTOS\tasks.o
 .bss.xDelayedTaskList2
                0x20000138       0x14 Libraries\FreeRTOS\tasks.o
 .bss.pxDelayedTaskList
                0x2000014c        0x4 Libraries\FreeRTOS\tasks.o
 .bss.pxOverflowDelayedTaskList
                0x20000150        0x4 Libraries\FreeRTOS\tasks.o
 .bss.xPendingReadyList
                0x20000154       0x14 Libraries\FreeRTOS\tasks.o
 .bss.xTasksWaitingTermination
                0x20000168       0x14 Libraries\FreeRTOS\tasks.o
 .bss.uxTasksDeleted
                0x2000017c        0x4 Libraries\FreeRTOS\tasks.o
 .bss.xSuspendedTaskList
                0x20000180       0x14 Libraries\FreeRTOS\tasks.o
 .bss.uxCurrentNumberOfTasks
                0x20000194        0x4 Libraries\FreeRTOS\tasks.o
 .bss.xTickCount
                0x20000198        0x4 Libraries\FreeRTOS\tasks.o
 .bss.uxTopReadyPriority
                0x2000019c        0x4 Libraries\FreeRTOS\tasks.o
 .bss.xSchedulerRunning
                0x200001a0        0x4 Libraries\FreeRTOS\tasks.o
 .bss.uxPendedTicks
                0x200001a4        0x4 Libraries\FreeRTOS\tasks.o
 .bss.xYieldPending
                0x200001a8        0x4 Libraries\FreeRTOS\tasks.o
 .bss.xNumOfOverflows
                0x200001ac        0x4 Libraries\FreeRTOS\tasks.o
 .bss.uxTaskNumber
                0x200001b0        0x4 Libraries\FreeRTOS\tasks.o
 .bss.uxSchedulerSuspended
                0x200001b4        0x4 Libraries\FreeRTOS\tasks.o
 .bss.ucHeap    0x200001b8    0x1c000 Libraries\FreeRTOS\Portable\heap_4.o
 .bss.xStart    0x2001c1b8        0x8 Libraries\FreeRTOS\Portable\heap_4.o
 .bss.pxEnd     0x2001c1c0        0x4 Libraries\FreeRTOS\Portable\heap_4.o
 .bss.xFreeBytesRemaining
                0x2001c1c4        0x4 Libraries\FreeRTOS\Portable\heap_4.o
 .bss.xMinimumEverFreeBytesRemaining
                0x2001c1c8        0x4 Libraries\FreeRTOS\Portable\heap_4.o
 .bss.xBlockAllocatedBit
                0x2001c1cc        0x4 Libraries\FreeRTOS\Portable\heap_4.o
 *(COMMON)
 COMMON         0x2001c1d0       0x21 src\trafficLight.o
                0x2001c1d0                set_motor
                0x2001c1d4                power_total
                0x2001c1d8                traffic_future_state
                0x2001c1dc                blinkTrafficLight
                0x2001c1e0                read_photo
                0x2001c1e4                power_time
                0x2001c1e6                delay_done
                0x2001c1e8                read_power
                0x2001c1ec                traffic_current_state
                0x2001c1ee                traffic_time
                0x2001c1f0                my_mode
 *fill*         0x2001c1f1        0x3 
 COMMON         0x2001c1f4       0x18 src\power.o
                0x2001c1f4                process_packet
                0x2001c1f8                xPacketQueue
                0x2001c1fc                received_string
                0x2001c20c                . = ALIGN (0x4)
                0x2001c20c                _ebss = .
                0x2001c20c                __bss_end__ = _ebss

._user_heap_stack
                0x2001c20c      0x400
                0x2001c20c                . = ALIGN (0x4)
                0x2001c20c                PROVIDE (end, .)
                0x2001c20c                PROVIDE (_end, .)
                0x2001c20c                . = (. + _Min_Heap_Size)
                0x2001c60c                . = (. + _Min_Stack_Size)
 *fill*         0x2001c20c      0x400 
                0x2001c60c                . = ALIGN (0x4)

.memory_b1_text
 *(.mb1text)
 *(.mb1text*)
 *(.mb1rodata)
 *(.mb1rodata*)

/DISCARD/
 libc.a(*)
 libm.a(*)
 libgcc.a(*)

.ARM.attributes
                0x00000000       0x30
 *(.ARM.attributes)
 .ARM.attributes
                0x00000000       0x22 c:/program files (x86)/atollic/truestudio for arm 5.4.1/armtools/bin/../lib/gcc/arm-atollic-eabi/4.8.3/armv7e-m/fpu/crti.o
 .ARM.attributes
                0x00000022       0x34 c:/program files (x86)/atollic/truestudio for arm 5.4.1/armtools/bin/../lib/gcc/arm-atollic-eabi/4.8.3/armv7e-m/fpu/crtbegin.o
 .ARM.attributes
                0x00000056       0x39 src\trafficLight.o
 .ARM.attributes
                0x0000008f       0x39 src\system_stm32f4xx.o
 .ARM.attributes
                0x000000c8       0x39 src\swTimer.o
 .ARM.attributes
                0x00000101       0x39 src\stm32f4xx_it.o
 .ARM.attributes
                0x0000013a       0x21 src\startup_stm32f40xx.o
 .ARM.attributes
                0x0000015b       0x39 src\power.o
 .ARM.attributes
                0x00000194       0x39 src\photo.o
 .ARM.attributes
                0x000001cd       0x39 src\packet.o
 .ARM.attributes
                0x00000206       0x39 src\motor.o
 .ARM.attributes
                0x0000023f       0x39 src\main.o
 .ARM.attributes
                0x00000278       0x39 src\hardware.o
 .ARM.attributes
                0x000002b1       0x39 Libraries\STM32F4xx_StdPeriph_Driver\src\stm32f4xx_usart.o
 .ARM.attributes
                0x000002ea       0x39 Libraries\STM32F4xx_StdPeriph_Driver\src\stm32f4xx_tim.o
 .ARM.attributes
                0x00000323       0x39 Libraries\STM32F4xx_StdPeriph_Driver\src\stm32f4xx_syscfg.o
 .ARM.attributes
                0x0000035c       0x39 Libraries\STM32F4xx_StdPeriph_Driver\src\stm32f4xx_rcc.o
 .ARM.attributes
                0x00000395       0x39 Libraries\STM32F4xx_StdPeriph_Driver\src\stm32f4xx_gpio.o
 .ARM.attributes
                0x000003ce       0x39 Libraries\STM32F4xx_StdPeriph_Driver\src\stm32f4xx_exti.o
 .ARM.attributes
                0x00000407       0x39 Libraries\STM32F4xx_StdPeriph_Driver\src\stm32f4xx_adc.o
 .ARM.attributes
                0x00000440       0x39 Libraries\STM32F4xx_StdPeriph_Driver\src\misc.o
 .ARM.attributes
                0x00000479       0x39 Libraries\FreeRTOS\timers.o
 .ARM.attributes
                0x000004b2       0x39 Libraries\FreeRTOS\tasks.o
 .ARM.attributes
                0x000004eb       0x39 Libraries\FreeRTOS\queue.o
 .ARM.attributes
                0x00000524       0x39 Libraries\FreeRTOS\list.o
 .ARM.attributes
                0x0000055d       0x39 Libraries\FreeRTOS\Portable\port.o
 .ARM.attributes
                0x00000596       0x39 Libraries\FreeRTOS\Portable\heap_4.o
 .ARM.attributes
                0x000005cf       0x34 c:/program files (x86)/atollic/truestudio for arm 5.4.1/armtools/bin/../lib/gcc/arm-atollic-eabi/4.8.3/../../../../arm-atollic-eabi/lib/armv7e-m/fpu\libc_s.a(lib_a-init.o)
 .ARM.attributes
                0x00000603       0x34 c:/program files (x86)/atollic/truestudio for arm 5.4.1/armtools/bin/../lib/gcc/arm-atollic-eabi/4.8.3/../../../../arm-atollic-eabi/lib/armv7e-m/fpu\libc_s.a(lib_a-memcmp.o)
 .ARM.attributes
                0x00000637       0x34 c:/program files (x86)/atollic/truestudio for arm 5.4.1/armtools/bin/../lib/gcc/arm-atollic-eabi/4.8.3/../../../../arm-atollic-eabi/lib/armv7e-m/fpu\libc_s.a(lib_a-memcpy-stub.o)
 .ARM.attributes
                0x0000066b       0x34 c:/program files (x86)/atollic/truestudio for arm 5.4.1/armtools/bin/../lib/gcc/arm-atollic-eabi/4.8.3/../../../../arm-atollic-eabi/lib/armv7e-m/fpu\libc_s.a(lib_a-memset.o)
 .ARM.attributes
                0x0000069f       0x22 c:/program files (x86)/atollic/truestudio for arm 5.4.1/armtools/bin/../lib/gcc/arm-atollic-eabi/4.8.3/armv7e-m/fpu/crtn.o
OUTPUT(SAV.elf elf32-littlearm)

.debug_info     0x00000000     0xc5fa
 .debug_info    0x00000000      0x44d src\trafficLight.o
 .debug_info    0x0000044d      0x5a3 src\system_stm32f4xx.o
 .debug_info    0x000009f0      0x265 src\swTimer.o
 .debug_info    0x00000c55      0x100 src\stm32f4xx_it.o
 .debug_info    0x00000d55       0x71 src\startup_stm32f40xx.o
 .debug_info    0x00000dc6      0x6c4 src\power.o
 .debug_info    0x0000148a      0x5bf src\photo.o
 .debug_info    0x00001a49      0xcb8 src\packet.o
 .debug_info    0x00002701      0x790 src\motor.o
 .debug_info    0x00002e91      0x81b src\main.o
 .debug_info    0x000036ac      0xedd src\hardware.o
 .debug_info    0x00004589      0x9c6 Libraries\STM32F4xx_StdPeriph_Driver\src\stm32f4xx_usart.o
 .debug_info    0x00004f4f     0x1c65 Libraries\STM32F4xx_StdPeriph_Driver\src\stm32f4xx_tim.o
 .debug_info    0x00006bb4      0x270 Libraries\STM32F4xx_StdPeriph_Driver\src\stm32f4xx_syscfg.o
 .debug_info    0x00006e24      0xc77 Libraries\STM32F4xx_StdPeriph_Driver\src\stm32f4xx_rcc.o
 .debug_info    0x00007a9b      0x609 Libraries\STM32F4xx_StdPeriph_Driver\src\stm32f4xx_gpio.o
 .debug_info    0x000080a4      0x34b Libraries\STM32F4xx_StdPeriph_Driver\src\stm32f4xx_exti.o
 .debug_info    0x000083ef      0xc3c Libraries\STM32F4xx_StdPeriph_Driver\src\stm32f4xx_adc.o
 .debug_info    0x0000902b      0x541 Libraries\STM32F4xx_StdPeriph_Driver\src\misc.o
 .debug_info    0x0000956c      0x7e5 Libraries\FreeRTOS\timers.o
 .debug_info    0x00009d51     0x14b4 Libraries\FreeRTOS\tasks.o
 .debug_info    0x0000b205      0xb3a Libraries\FreeRTOS\queue.o
 .debug_info    0x0000bd3f      0x29d Libraries\FreeRTOS\list.o
 .debug_info    0x0000bfdc      0x310 Libraries\FreeRTOS\Portable\port.o
 .debug_info    0x0000c2ec      0x30e Libraries\FreeRTOS\Portable\heap_4.o

.debug_abbrev   0x00000000     0x2278
 .debug_abbrev  0x00000000      0x102 src\trafficLight.o
 .debug_abbrev  0x00000102      0x138 src\system_stm32f4xx.o
 .debug_abbrev  0x0000023a       0xbc src\swTimer.o
 .debug_abbrev  0x000002f6       0x67 src\stm32f4xx_it.o
 .debug_abbrev  0x0000035d       0x12 src\startup_stm32f40xx.o
 .debug_abbrev  0x0000036f      0x161 src\power.o
 .debug_abbrev  0x000004d0      0x11e src\photo.o
 .debug_abbrev  0x000005ee      0x1fc src\packet.o
 .debug_abbrev  0x000007ea      0x149 src\motor.o
 .debug_abbrev  0x00000933      0x1f9 src\main.o
 .debug_abbrev  0x00000b2c      0x170 src\hardware.o
 .debug_abbrev  0x00000c9c      0x157 Libraries\STM32F4xx_StdPeriph_Driver\src\stm32f4xx_usart.o
 .debug_abbrev  0x00000df3      0x189 Libraries\STM32F4xx_StdPeriph_Driver\src\stm32f4xx_tim.o
 .debug_abbrev  0x00000f7c      0x133 Libraries\STM32F4xx_StdPeriph_Driver\src\stm32f4xx_syscfg.o
 .debug_abbrev  0x000010af      0x1e5 Libraries\STM32F4xx_StdPeriph_Driver\src\stm32f4xx_rcc.o
 .debug_abbrev  0x00001294      0x1a5 Libraries\STM32F4xx_StdPeriph_Driver\src\stm32f4xx_gpio.o
 .debug_abbrev  0x00001439      0x1a7 Libraries\STM32F4xx_StdPeriph_Driver\src\stm32f4xx_exti.o
 .debug_abbrev  0x000015e0      0x198 Libraries\STM32F4xx_StdPeriph_Driver\src\stm32f4xx_adc.o
 .debug_abbrev  0x00001778      0x147 Libraries\STM32F4xx_StdPeriph_Driver\src\misc.o
 .debug_abbrev  0x000018bf      0x188 Libraries\FreeRTOS\timers.o
 .debug_abbrev  0x00001a47      0x28f Libraries\FreeRTOS\tasks.o
 .debug_abbrev  0x00001cd6      0x1d4 Libraries\FreeRTOS\queue.o
 .debug_abbrev  0x00001eaa       0xbe Libraries\FreeRTOS\list.o
 .debug_abbrev  0x00001f68      0x19e Libraries\FreeRTOS\Portable\port.o
 .debug_abbrev  0x00002106      0x172 Libraries\FreeRTOS\Portable\heap_4.o

.debug_aranges  0x00000000      0x328
 .debug_aranges
                0x00000000       0x20 src\trafficLight.o
 .debug_aranges
                0x00000020       0x20 src\system_stm32f4xx.o
 .debug_aranges
                0x00000040       0x20 src\swTimer.o
 .debug_aranges
                0x00000060       0x20 src\stm32f4xx_it.o
 .debug_aranges
                0x00000080       0x28 src\startup_stm32f40xx.o
 .debug_aranges
                0x000000a8       0x20 src\power.o
 .debug_aranges
                0x000000c8       0x20 src\photo.o
 .debug_aranges
                0x000000e8       0x20 src\packet.o
 .debug_aranges
                0x00000108       0x20 src\motor.o
 .debug_aranges
                0x00000128       0x20 src\main.o
 .debug_aranges
                0x00000148       0x20 src\hardware.o
 .debug_aranges
                0x00000168       0x20 Libraries\STM32F4xx_StdPeriph_Driver\src\stm32f4xx_usart.o
 .debug_aranges
                0x00000188       0x20 Libraries\STM32F4xx_StdPeriph_Driver\src\stm32f4xx_tim.o
 .debug_aranges
                0x000001a8       0x20 Libraries\STM32F4xx_StdPeriph_Driver\src\stm32f4xx_syscfg.o
 .debug_aranges
                0x000001c8       0x20 Libraries\STM32F4xx_StdPeriph_Driver\src\stm32f4xx_rcc.o
 .debug_aranges
                0x000001e8       0x20 Libraries\STM32F4xx_StdPeriph_Driver\src\stm32f4xx_gpio.o
 .debug_aranges
                0x00000208       0x20 Libraries\STM32F4xx_StdPeriph_Driver\src\stm32f4xx_exti.o
 .debug_aranges
                0x00000228       0x20 Libraries\STM32F4xx_StdPeriph_Driver\src\stm32f4xx_adc.o
 .debug_aranges
                0x00000248       0x20 Libraries\STM32F4xx_StdPeriph_Driver\src\misc.o
 .debug_aranges
                0x00000268       0x20 Libraries\FreeRTOS\timers.o
 .debug_aranges
                0x00000288       0x20 Libraries\FreeRTOS\tasks.o
 .debug_aranges
                0x000002a8       0x20 Libraries\FreeRTOS\queue.o
 .debug_aranges
                0x000002c8       0x20 Libraries\FreeRTOS\list.o
 .debug_aranges
                0x000002e8       0x20 Libraries\FreeRTOS\Portable\port.o
 .debug_aranges
                0x00000308       0x20 Libraries\FreeRTOS\Portable\heap_4.o

.debug_line     0x00000000     0x44f7
 .debug_line    0x00000000      0x212 src\trafficLight.o
 .debug_line    0x00000212      0x1da src\system_stm32f4xx.o
 .debug_line    0x000003ec      0x1ba src\swTimer.o
 .debug_line    0x000005a6      0x16d src\stm32f4xx_it.o
 .debug_line    0x00000713       0x7a src\startup_stm32f40xx.o
 .debug_line    0x0000078d      0x231 src\power.o
 .debug_line    0x000009be      0x242 src\photo.o
 .debug_line    0x00000c00      0x37f src\packet.o
 .debug_line    0x00000f7f      0x27a src\motor.o
 .debug_line    0x000011f9      0x373 src\main.o
 .debug_line    0x0000156c      0x34e src\hardware.o
 .debug_line    0x000018ba      0x329 Libraries\STM32F4xx_StdPeriph_Driver\src\stm32f4xx_usart.o
 .debug_line    0x00001be3      0x5aa Libraries\STM32F4xx_StdPeriph_Driver\src\stm32f4xx_tim.o
 .debug_line    0x0000218d      0x1cc Libraries\STM32F4xx_StdPeriph_Driver\src\stm32f4xx_syscfg.o
 .debug_line    0x00002359      0x35c Libraries\STM32F4xx_StdPeriph_Driver\src\stm32f4xx_rcc.o
 .debug_line    0x000026b5      0x280 Libraries\STM32F4xx_StdPeriph_Driver\src\stm32f4xx_gpio.o
 .debug_line    0x00002935      0x234 Libraries\STM32F4xx_StdPeriph_Driver\src\stm32f4xx_exti.o
 .debug_line    0x00002b69      0x354 Libraries\STM32F4xx_StdPeriph_Driver\src\stm32f4xx_adc.o
 .debug_line    0x00002ebd      0x1fb Libraries\STM32F4xx_StdPeriph_Driver\src\misc.o
 .debug_line    0x000030b8      0x282 Libraries\FreeRTOS\timers.o
 .debug_line    0x0000333a      0x76f Libraries\FreeRTOS\tasks.o
 .debug_line    0x00003aa9      0x46d Libraries\FreeRTOS\queue.o
 .debug_line    0x00003f16      0x1b9 Libraries\FreeRTOS\list.o
 .debug_line    0x000040cf      0x1ed Libraries\FreeRTOS\Portable\port.o
 .debug_line    0x000042bc      0x23b Libraries\FreeRTOS\Portable\heap_4.o

.debug_str      0x00000000     0x4ac3
 .debug_str     0x00000000      0x366 src\trafficLight.o
                                0x3c6 (size before relaxing)
 .debug_str     0x00000366      0x205 src\system_stm32f4xx.o
                                0x3e0 (size before relaxing)
 .debug_str     0x0000056b       0xea src\swTimer.o
                                0x2b9 (size before relaxing)
 .debug_str     0x00000655       0x7b src\stm32f4xx_it.o
                                0x1fe (size before relaxing)
 .debug_str     0x000006d0      0x166 src\power.o
                                0x50e (size before relaxing)
 .debug_str     0x00000836       0x47 src\photo.o
                                0x438 (size before relaxing)
 .debug_str     0x0000087d      0x23c src\packet.o
                                0x76b (size before relaxing)
 .debug_str     0x00000ab9      0x1c8 src\motor.o
                                0x5b3 (size before relaxing)
 .debug_str     0x00000c81      0x17c src\main.o
                                0x640 (size before relaxing)
 .debug_str     0x00000dfd      0xa47 src\hardware.o
                                0xf2d (size before relaxing)
 .debug_str     0x00001844      0x3ff Libraries\STM32F4xx_StdPeriph_Driver\src\stm32f4xx_usart.o
                                0x6dd (size before relaxing)
 .debug_str     0x00001c43      0x9f1 Libraries\STM32F4xx_StdPeriph_Driver\src\stm32f4xx_tim.o
                                0xe1e (size before relaxing)
 .debug_str     0x00002634      0x156 Libraries\STM32F4xx_StdPeriph_Driver\src\stm32f4xx_syscfg.o
                                0x342 (size before relaxing)
 .debug_str     0x0000278a      0x533 Libraries\STM32F4xx_StdPeriph_Driver\src\stm32f4xx_rcc.o
                                0x8c7 (size before relaxing)
 .debug_str     0x00002cbd      0x180 Libraries\STM32F4xx_StdPeriph_Driver\src\stm32f4xx_gpio.o
                                0x4f1 (size before relaxing)
 .debug_str     0x00002e3d       0xf0 Libraries\STM32F4xx_StdPeriph_Driver\src\stm32f4xx_exti.o
                                0x3a7 (size before relaxing)
 .debug_str     0x00002f2d      0x52a Libraries\STM32F4xx_StdPeriph_Driver\src\stm32f4xx_adc.o
                                0x852 (size before relaxing)
 .debug_str     0x00003457      0x13d Libraries\STM32F4xx_StdPeriph_Driver\src\misc.o
                                0x41c (size before relaxing)
 .debug_str     0x00003594      0x40a Libraries\FreeRTOS\timers.o
                                0x678 (size before relaxing)
 .debug_str     0x0000399e      0xa3b Libraries\FreeRTOS\tasks.o
                                0xd2b (size before relaxing)
 .debug_str     0x000043d9      0x344 Libraries\FreeRTOS\queue.o
                                0x6a1 (size before relaxing)
 .debug_str     0x0000471d       0xb1 Libraries\FreeRTOS\list.o
                                0x2d9 (size before relaxing)
 .debug_str     0x000047ce      0x11a Libraries\FreeRTOS\Portable\port.o
                                0x351 (size before relaxing)
 .debug_str     0x000048e8      0x1db Libraries\FreeRTOS\Portable\heap_4.o
                                0x399 (size before relaxing)

.comment        0x00000000       0x82
 .comment       0x00000000       0x82 src\trafficLight.o
                                 0x83 (size before relaxing)
 .comment       0x00000000       0x83 src\system_stm32f4xx.o
 .comment       0x00000000       0x83 src\swTimer.o
 .comment       0x00000000       0x83 src\stm32f4xx_it.o
 .comment       0x00000000       0x83 src\power.o
 .comment       0x00000000       0x83 src\photo.o
 .comment       0x00000000       0x83 src\packet.o
 .comment       0x00000000       0x83 src\motor.o
 .comment       0x00000000       0x83 src\main.o
 .comment       0x00000000       0x83 src\hardware.o
 .comment       0x00000000       0x83 Libraries\STM32F4xx_StdPeriph_Driver\src\stm32f4xx_usart.o
 .comment       0x00000000       0x83 Libraries\STM32F4xx_StdPeriph_Driver\src\stm32f4xx_tim.o
 .comment       0x00000000       0x83 Libraries\STM32F4xx_StdPeriph_Driver\src\stm32f4xx_syscfg.o
 .comment       0x00000000       0x83 Libraries\STM32F4xx_StdPeriph_Driver\src\stm32f4xx_rcc.o
 .comment       0x00000000       0x83 Libraries\STM32F4xx_StdPeriph_Driver\src\stm32f4xx_gpio.o
 .comment       0x00000000       0x83 Libraries\STM32F4xx_StdPeriph_Driver\src\stm32f4xx_exti.o
 .comment       0x00000000       0x83 Libraries\STM32F4xx_StdPeriph_Driver\src\stm32f4xx_adc.o
 .comment       0x00000000       0x83 Libraries\STM32F4xx_StdPeriph_Driver\src\misc.o
 .comment       0x00000000       0x83 Libraries\FreeRTOS\timers.o
 .comment       0x00000000       0x83 Libraries\FreeRTOS\tasks.o
 .comment       0x00000000       0x83 Libraries\FreeRTOS\queue.o
 .comment       0x00000000       0x83 Libraries\FreeRTOS\list.o
 .comment       0x00000000       0x83 Libraries\FreeRTOS\Portable\port.o
 .comment       0x00000000       0x83 Libraries\FreeRTOS\Portable\heap_4.o

.debug_frame    0x00000000     0x2f8c
 .debug_frame   0x00000000       0x30 src\trafficLight.o
 .debug_frame   0x00000030       0x64 src\system_stm32f4xx.o
 .debug_frame   0x00000094       0xcc src\swTimer.o
 .debug_frame   0x00000160       0xa0 src\stm32f4xx_it.o
 .debug_frame   0x00000200       0x30 src\power.o
 .debug_frame   0x00000230       0x30 src\photo.o
 .debug_frame   0x00000260      0x1e4 src\packet.o
 .debug_frame   0x00000444       0x70 src\motor.o
 .debug_frame   0x000004b4      0x178 src\main.o
 .debug_frame   0x0000062c      0x170 src\hardware.o
 .debug_frame   0x0000079c      0x344 Libraries\STM32F4xx_StdPeriph_Driver\src\stm32f4xx_usart.o
 .debug_frame   0x00000ae0      0xa3c Libraries\STM32F4xx_StdPeriph_Driver\src\stm32f4xx_tim.o
 .debug_frame   0x0000151c       0xbc Libraries\STM32F4xx_StdPeriph_Driver\src\stm32f4xx_syscfg.o
 .debug_frame   0x000015d8      0x4f4 Libraries\STM32F4xx_StdPeriph_Driver\src\stm32f4xx_rcc.o
 .debug_frame   0x00001acc      0x19c Libraries\STM32F4xx_StdPeriph_Driver\src\stm32f4xx_gpio.o
 .debug_frame   0x00001c68       0xec Libraries\STM32F4xx_StdPeriph_Driver\src\stm32f4xx_exti.o
 .debug_frame   0x00001d54      0x434 Libraries\STM32F4xx_StdPeriph_Driver\src\stm32f4xx_adc.o
 .debug_frame   0x00002188       0x9c Libraries\STM32F4xx_StdPeriph_Driver\src\misc.o
 .debug_frame   0x00002224      0x1e0 Libraries\FreeRTOS\timers.o
 .debug_frame   0x00002404      0x5ac Libraries\FreeRTOS\tasks.o
 .debug_frame   0x000029b0      0x2a4 Libraries\FreeRTOS\queue.o
 .debug_frame   0x00002c54       0x9c Libraries\FreeRTOS\list.o
 .debug_frame   0x00002cf0      0x12c Libraries\FreeRTOS\Portable\port.o
 .debug_frame   0x00002e1c       0xd0 Libraries\FreeRTOS\Portable\heap_4.o
 .debug_frame   0x00002eec       0x2c c:/program files (x86)/atollic/truestudio for arm 5.4.1/armtools/bin/../lib/gcc/arm-atollic-eabi/4.8.3/../../../../arm-atollic-eabi/lib/armv7e-m/fpu\libc_s.a(lib_a-init.o)
 .debug_frame   0x00002f18       0x2c c:/program files (x86)/atollic/truestudio for arm 5.4.1/armtools/bin/../lib/gcc/arm-atollic-eabi/4.8.3/../../../../arm-atollic-eabi/lib/armv7e-m/fpu\libc_s.a(lib_a-memcmp.o)
 .debug_frame   0x00002f44       0x28 c:/program files (x86)/atollic/truestudio for arm 5.4.1/armtools/bin/../lib/gcc/arm-atollic-eabi/4.8.3/../../../../arm-atollic-eabi/lib/armv7e-m/fpu\libc_s.a(lib_a-memcpy-stub.o)
 .debug_frame   0x00002f6c       0x20 c:/program files (x86)/atollic/truestudio for arm 5.4.1/armtools/bin/../lib/gcc/arm-atollic-eabi/4.8.3/../../../../arm-atollic-eabi/lib/armv7e-m/fpu\libc_s.a(lib_a-memset.o)

.debug_ranges   0x00000000       0x20
 .debug_ranges  0x00000000       0x20 src\startup_stm32f40xx.o

Cross Reference Table

Symbol                                            File
ADC_AnalogWatchdogCmd                             Libraries\STM32F4xx_StdPeriph_Driver\src\stm32f4xx_adc.o
ADC_AnalogWatchdogSingleChannelConfig             Libraries\STM32F4xx_StdPeriph_Driver\src\stm32f4xx_adc.o
ADC_AnalogWatchdogThresholdsConfig                Libraries\STM32F4xx_StdPeriph_Driver\src\stm32f4xx_adc.o
ADC_AutoInjectedConvCmd                           Libraries\STM32F4xx_StdPeriph_Driver\src\stm32f4xx_adc.o
ADC_ClearFlag                                     Libraries\STM32F4xx_StdPeriph_Driver\src\stm32f4xx_adc.o
ADC_ClearITPendingBit                             Libraries\STM32F4xx_StdPeriph_Driver\src\stm32f4xx_adc.o
ADC_Cmd                                           Libraries\STM32F4xx_StdPeriph_Driver\src\stm32f4xx_adc.o
                                                  src\hardware.o
ADC_CommonInit                                    Libraries\STM32F4xx_StdPeriph_Driver\src\stm32f4xx_adc.o
ADC_CommonStructInit                              Libraries\STM32F4xx_StdPeriph_Driver\src\stm32f4xx_adc.o
ADC_ContinuousModeCmd                             Libraries\STM32F4xx_StdPeriph_Driver\src\stm32f4xx_adc.o
ADC_DMACmd                                        Libraries\STM32F4xx_StdPeriph_Driver\src\stm32f4xx_adc.o
ADC_DMARequestAfterLastTransferCmd                Libraries\STM32F4xx_StdPeriph_Driver\src\stm32f4xx_adc.o
ADC_DeInit                                        Libraries\STM32F4xx_StdPeriph_Driver\src\stm32f4xx_adc.o
                                                  src\hardware.o
ADC_DiscModeChannelCountConfig                    Libraries\STM32F4xx_StdPeriph_Driver\src\stm32f4xx_adc.o
ADC_DiscModeCmd                                   Libraries\STM32F4xx_StdPeriph_Driver\src\stm32f4xx_adc.o
ADC_EOCOnEachRegularChannelCmd                    Libraries\STM32F4xx_StdPeriph_Driver\src\stm32f4xx_adc.o
ADC_ExternalTrigInjectedConvConfig                Libraries\STM32F4xx_StdPeriph_Driver\src\stm32f4xx_adc.o
ADC_ExternalTrigInjectedConvEdgeConfig            Libraries\STM32F4xx_StdPeriph_Driver\src\stm32f4xx_adc.o
ADC_GetConversionValue                            Libraries\STM32F4xx_StdPeriph_Driver\src\stm32f4xx_adc.o
                                                  src\photo.o
                                                  src\power.o
ADC_GetFlagStatus                                 Libraries\STM32F4xx_StdPeriph_Driver\src\stm32f4xx_adc.o
                                                  src\photo.o
                                                  src\power.o
ADC_GetITStatus                                   Libraries\STM32F4xx_StdPeriph_Driver\src\stm32f4xx_adc.o
ADC_GetInjectedConversionValue                    Libraries\STM32F4xx_StdPeriph_Driver\src\stm32f4xx_adc.o
ADC_GetMultiModeConversionValue                   Libraries\STM32F4xx_StdPeriph_Driver\src\stm32f4xx_adc.o
ADC_GetSoftwareStartConvStatus                    Libraries\STM32F4xx_StdPeriph_Driver\src\stm32f4xx_adc.o
ADC_GetSoftwareStartInjectedConvCmdStatus         Libraries\STM32F4xx_StdPeriph_Driver\src\stm32f4xx_adc.o
ADC_IRQHandler                                    src\startup_stm32f40xx.o
ADC_ITConfig                                      Libraries\STM32F4xx_StdPeriph_Driver\src\stm32f4xx_adc.o
ADC_Init                                          Libraries\STM32F4xx_StdPeriph_Driver\src\stm32f4xx_adc.o
                                                  src\hardware.o
ADC_InjectedChannelConfig                         Libraries\STM32F4xx_StdPeriph_Driver\src\stm32f4xx_adc.o
ADC_InjectedDiscModeCmd                           Libraries\STM32F4xx_StdPeriph_Driver\src\stm32f4xx_adc.o
ADC_InjectedSequencerLengthConfig                 Libraries\STM32F4xx_StdPeriph_Driver\src\stm32f4xx_adc.o
ADC_MultiModeDMARequestAfterLastTransferCmd       Libraries\STM32F4xx_StdPeriph_Driver\src\stm32f4xx_adc.o
ADC_RegularChannelConfig                          Libraries\STM32F4xx_StdPeriph_Driver\src\stm32f4xx_adc.o
                                                  src\photo.o
                                                  src\power.o
ADC_SetInjectedOffset                             Libraries\STM32F4xx_StdPeriph_Driver\src\stm32f4xx_adc.o
ADC_SoftwareStartConv                             Libraries\STM32F4xx_StdPeriph_Driver\src\stm32f4xx_adc.o
                                                  src\photo.o
                                                  src\power.o
ADC_SoftwareStartInjectedConv                     Libraries\STM32F4xx_StdPeriph_Driver\src\stm32f4xx_adc.o
ADC_StructInit                                    Libraries\STM32F4xx_StdPeriph_Driver\src\stm32f4xx_adc.o
ADC_TempSensorVrefintCmd                          Libraries\STM32F4xx_StdPeriph_Driver\src\stm32f4xx_adc.o
ADC_VBATCmd                                       Libraries\STM32F4xx_StdPeriph_Driver\src\stm32f4xx_adc.o
AHBPrescTable                                     src\system_stm32f4xx.o
BusFault_Handler                                  src\stm32f4xx_it.o
CAN1_RX0_IRQHandler                               src\startup_stm32f40xx.o
CAN1_RX1_IRQHandler                               src\startup_stm32f40xx.o
CAN1_SCE_IRQHandler                               src\startup_stm32f40xx.o
CAN1_TX_IRQHandler                                src\startup_stm32f40xx.o
CAN2_RX0_IRQHandler                               src\startup_stm32f40xx.o
CAN2_RX1_IRQHandler                               src\startup_stm32f40xx.o
CAN2_SCE_IRQHandler                               src\startup_stm32f40xx.o
CAN2_TX_IRQHandler                                src\startup_stm32f40xx.o
CAN_CancelTransmit                                Libraries\STM32F4xx_StdPeriph_Driver\src\stm32f4xx_can.o
CAN_ClearFlag                                     Libraries\STM32F4xx_StdPeriph_Driver\src\stm32f4xx_can.o
CAN_ClearITPendingBit                             Libraries\STM32F4xx_StdPeriph_Driver\src\stm32f4xx_can.o
CAN_DBGFreeze                                     Libraries\STM32F4xx_StdPeriph_Driver\src\stm32f4xx_can.o
CAN_DeInit                                        Libraries\STM32F4xx_StdPeriph_Driver\src\stm32f4xx_can.o
CAN_FIFORelease                                   Libraries\STM32F4xx_StdPeriph_Driver\src\stm32f4xx_can.o
CAN_FilterInit                                    Libraries\STM32F4xx_StdPeriph_Driver\src\stm32f4xx_can.o
CAN_GetFlagStatus                                 Libraries\STM32F4xx_StdPeriph_Driver\src\stm32f4xx_can.o
CAN_GetITStatus                                   Libraries\STM32F4xx_StdPeriph_Driver\src\stm32f4xx_can.o
CAN_GetLSBTransmitErrorCounter                    Libraries\STM32F4xx_StdPeriph_Driver\src\stm32f4xx_can.o
CAN_GetLastErrorCode                              Libraries\STM32F4xx_StdPeriph_Driver\src\stm32f4xx_can.o
CAN_GetReceiveErrorCounter                        Libraries\STM32F4xx_StdPeriph_Driver\src\stm32f4xx_can.o
CAN_ITConfig                                      Libraries\STM32F4xx_StdPeriph_Driver\src\stm32f4xx_can.o
CAN_Init                                          Libraries\STM32F4xx_StdPeriph_Driver\src\stm32f4xx_can.o
CAN_MessagePending                                Libraries\STM32F4xx_StdPeriph_Driver\src\stm32f4xx_can.o
CAN_OperatingModeRequest                          Libraries\STM32F4xx_StdPeriph_Driver\src\stm32f4xx_can.o
CAN_Receive                                       Libraries\STM32F4xx_StdPeriph_Driver\src\stm32f4xx_can.o
CAN_SlaveStartBank                                Libraries\STM32F4xx_StdPeriph_Driver\src\stm32f4xx_can.o
CAN_Sleep                                         Libraries\STM32F4xx_StdPeriph_Driver\src\stm32f4xx_can.o
CAN_StructInit                                    Libraries\STM32F4xx_StdPeriph_Driver\src\stm32f4xx_can.o
CAN_TTComModeCmd                                  Libraries\STM32F4xx_StdPeriph_Driver\src\stm32f4xx_can.o
CAN_Transmit                                      Libraries\STM32F4xx_StdPeriph_Driver\src\stm32f4xx_can.o
CAN_TransmitStatus                                Libraries\STM32F4xx_StdPeriph_Driver\src\stm32f4xx_can.o
CAN_WakeUp                                        Libraries\STM32F4xx_StdPeriph_Driver\src\stm32f4xx_can.o
CRC_CalcBlockCRC                                  Libraries\STM32F4xx_StdPeriph_Driver\src\stm32f4xx_crc.o
CRC_CalcCRC                                       Libraries\STM32F4xx_StdPeriph_Driver\src\stm32f4xx_crc.o
CRC_GetCRC                                        Libraries\STM32F4xx_StdPeriph_Driver\src\stm32f4xx_crc.o
CRC_GetIDRegister                                 Libraries\STM32F4xx_StdPeriph_Driver\src\stm32f4xx_crc.o
CRC_ResetDR                                       Libraries\STM32F4xx_StdPeriph_Driver\src\stm32f4xx_crc.o
CRC_SetIDRegister                                 Libraries\STM32F4xx_StdPeriph_Driver\src\stm32f4xx_crc.o
CRYP_AES_CBC                                      Libraries\STM32F4xx_StdPeriph_Driver\src\stm32f4xx_cryp_aes.o
CRYP_AES_CCM                                      Libraries\STM32F4xx_StdPeriph_Driver\src\stm32f4xx_cryp_aes.o
CRYP_AES_CTR                                      Libraries\STM32F4xx_StdPeriph_Driver\src\stm32f4xx_cryp_aes.o
CRYP_AES_ECB                                      Libraries\STM32F4xx_StdPeriph_Driver\src\stm32f4xx_cryp_aes.o
CRYP_AES_GCM                                      Libraries\STM32F4xx_StdPeriph_Driver\src\stm32f4xx_cryp_aes.o
CRYP_Cmd                                          Libraries\STM32F4xx_StdPeriph_Driver\src\stm32f4xx_cryp.o
                                                  Libraries\STM32F4xx_StdPeriph_Driver\src\stm32f4xx_cryp_aes.o
                                                  Libraries\STM32F4xx_StdPeriph_Driver\src\stm32f4xx_cryp_des.o
                                                  Libraries\STM32F4xx_StdPeriph_Driver\src\stm32f4xx_cryp_tdes.o
CRYP_DES_CBC                                      Libraries\STM32F4xx_StdPeriph_Driver\src\stm32f4xx_cryp_des.o
CRYP_DES_ECB                                      Libraries\STM32F4xx_StdPeriph_Driver\src\stm32f4xx_cryp_des.o
CRYP_DMACmd                                       Libraries\STM32F4xx_StdPeriph_Driver\src\stm32f4xx_cryp.o
CRYP_DataIn                                       Libraries\STM32F4xx_StdPeriph_Driver\src\stm32f4xx_cryp.o
                                                  Libraries\STM32F4xx_StdPeriph_Driver\src\stm32f4xx_cryp_aes.o
                                                  Libraries\STM32F4xx_StdPeriph_Driver\src\stm32f4xx_cryp_des.o
                                                  Libraries\STM32F4xx_StdPeriph_Driver\src\stm32f4xx_cryp_tdes.o
CRYP_DataOut                                      Libraries\STM32F4xx_StdPeriph_Driver\src\stm32f4xx_cryp.o
                                                  Libraries\STM32F4xx_StdPeriph_Driver\src\stm32f4xx_cryp_aes.o
                                                  Libraries\STM32F4xx_StdPeriph_Driver\src\stm32f4xx_cryp_des.o
                                                  Libraries\STM32F4xx_StdPeriph_Driver\src\stm32f4xx_cryp_tdes.o
CRYP_DeInit                                       Libraries\STM32F4xx_StdPeriph_Driver\src\stm32f4xx_cryp.o
CRYP_FIFOFlush                                    Libraries\STM32F4xx_StdPeriph_Driver\src\stm32f4xx_cryp.o
                                                  Libraries\STM32F4xx_StdPeriph_Driver\src\stm32f4xx_cryp_aes.o
                                                  Libraries\STM32F4xx_StdPeriph_Driver\src\stm32f4xx_cryp_des.o
                                                  Libraries\STM32F4xx_StdPeriph_Driver\src\stm32f4xx_cryp_tdes.o
CRYP_GetCmdStatus                                 Libraries\STM32F4xx_StdPeriph_Driver\src\stm32f4xx_cryp.o
                                                  Libraries\STM32F4xx_StdPeriph_Driver\src\stm32f4xx_cryp_aes.o
                                                  Libraries\STM32F4xx_StdPeriph_Driver\src\stm32f4xx_cryp_des.o
                                                  Libraries\STM32F4xx_StdPeriph_Driver\src\stm32f4xx_cryp_tdes.o
CRYP_GetFlagStatus                                Libraries\STM32F4xx_StdPeriph_Driver\src\stm32f4xx_cryp.o
                                                  Libraries\STM32F4xx_StdPeriph_Driver\src\stm32f4xx_cryp_aes.o
                                                  Libraries\STM32F4xx_StdPeriph_Driver\src\stm32f4xx_cryp_des.o
                                                  Libraries\STM32F4xx_StdPeriph_Driver\src\stm32f4xx_cryp_tdes.o
CRYP_GetITStatus                                  Libraries\STM32F4xx_StdPeriph_Driver\src\stm32f4xx_cryp.o
CRYP_IRQHandler                                   src\startup_stm32f40xx.o
CRYP_ITConfig                                     Libraries\STM32F4xx_StdPeriph_Driver\src\stm32f4xx_cryp.o
CRYP_IVInit                                       Libraries\STM32F4xx_StdPeriph_Driver\src\stm32f4xx_cryp.o
                                                  Libraries\STM32F4xx_StdPeriph_Driver\src\stm32f4xx_cryp_aes.o
                                                  Libraries\STM32F4xx_StdPeriph_Driver\src\stm32f4xx_cryp_des.o
                                                  Libraries\STM32F4xx_StdPeriph_Driver\src\stm32f4xx_cryp_tdes.o
CRYP_IVStructInit                                 Libraries\STM32F4xx_StdPeriph_Driver\src\stm32f4xx_cryp.o
CRYP_Init                                         Libraries\STM32F4xx_StdPeriph_Driver\src\stm32f4xx_cryp.o
                                                  Libraries\STM32F4xx_StdPeriph_Driver\src\stm32f4xx_cryp_aes.o
                                                  Libraries\STM32F4xx_StdPeriph_Driver\src\stm32f4xx_cryp_des.o
                                                  Libraries\STM32F4xx_StdPeriph_Driver\src\stm32f4xx_cryp_tdes.o
CRYP_KeyInit                                      Libraries\STM32F4xx_StdPeriph_Driver\src\stm32f4xx_cryp.o
                                                  Libraries\STM32F4xx_StdPeriph_Driver\src\stm32f4xx_cryp_aes.o
                                                  Libraries\STM32F4xx_StdPeriph_Driver\src\stm32f4xx_cryp_des.o
                                                  Libraries\STM32F4xx_StdPeriph_Driver\src\stm32f4xx_cryp_tdes.o
CRYP_KeyStructInit                                Libraries\STM32F4xx_StdPeriph_Driver\src\stm32f4xx_cryp.o
                                                  Libraries\STM32F4xx_StdPeriph_Driver\src\stm32f4xx_cryp_aes.o
                                                  Libraries\STM32F4xx_StdPeriph_Driver\src\stm32f4xx_cryp_des.o
                                                  Libraries\STM32F4xx_StdPeriph_Driver\src\stm32f4xx_cryp_tdes.o
CRYP_PhaseConfig                                  Libraries\STM32F4xx_StdPeriph_Driver\src\stm32f4xx_cryp.o
                                                  Libraries\STM32F4xx_StdPeriph_Driver\src\stm32f4xx_cryp_aes.o
CRYP_RestoreContext                               Libraries\STM32F4xx_StdPeriph_Driver\src\stm32f4xx_cryp.o
CRYP_SaveContext                                  Libraries\STM32F4xx_StdPeriph_Driver\src\stm32f4xx_cryp.o
CRYP_StructInit                                   Libraries\STM32F4xx_StdPeriph_Driver\src\stm32f4xx_cryp.o
CRYP_TDES_CBC                                     Libraries\STM32F4xx_StdPeriph_Driver\src\stm32f4xx_cryp_tdes.o
CRYP_TDES_ECB                                     Libraries\STM32F4xx_StdPeriph_Driver\src\stm32f4xx_cryp_tdes.o
DAC_ClearFlag                                     Libraries\STM32F4xx_StdPeriph_Driver\src\stm32f4xx_dac.o
DAC_ClearITPendingBit                             Libraries\STM32F4xx_StdPeriph_Driver\src\stm32f4xx_dac.o
DAC_Cmd                                           Libraries\STM32F4xx_StdPeriph_Driver\src\stm32f4xx_dac.o
DAC_DMACmd                                        Libraries\STM32F4xx_StdPeriph_Driver\src\stm32f4xx_dac.o
DAC_DeInit                                        Libraries\STM32F4xx_StdPeriph_Driver\src\stm32f4xx_dac.o
DAC_DualSoftwareTriggerCmd                        Libraries\STM32F4xx_StdPeriph_Driver\src\stm32f4xx_dac.o
DAC_GetDataOutputValue                            Libraries\STM32F4xx_StdPeriph_Driver\src\stm32f4xx_dac.o
DAC_GetFlagStatus                                 Libraries\STM32F4xx_StdPeriph_Driver\src\stm32f4xx_dac.o
DAC_GetITStatus                                   Libraries\STM32F4xx_StdPeriph_Driver\src\stm32f4xx_dac.o
DAC_ITConfig                                      Libraries\STM32F4xx_StdPeriph_Driver\src\stm32f4xx_dac.o
DAC_Init                                          Libraries\STM32F4xx_StdPeriph_Driver\src\stm32f4xx_dac.o
DAC_SetChannel1Data                               Libraries\STM32F4xx_StdPeriph_Driver\src\stm32f4xx_dac.o
DAC_SetChannel2Data                               Libraries\STM32F4xx_StdPeriph_Driver\src\stm32f4xx_dac.o
DAC_SetDualChannelData                            Libraries\STM32F4xx_StdPeriph_Driver\src\stm32f4xx_dac.o
DAC_SoftwareTriggerCmd                            Libraries\STM32F4xx_StdPeriph_Driver\src\stm32f4xx_dac.o
DAC_StructInit                                    Libraries\STM32F4xx_StdPeriph_Driver\src\stm32f4xx_dac.o
DAC_WaveGenerationCmd                             Libraries\STM32F4xx_StdPeriph_Driver\src\stm32f4xx_dac.o
DBGMCU_APB1PeriphConfig                           Libraries\STM32F4xx_StdPeriph_Driver\src\stm32f4xx_dbgmcu.o
DBGMCU_APB2PeriphConfig                           Libraries\STM32F4xx_StdPeriph_Driver\src\stm32f4xx_dbgmcu.o
DBGMCU_Config                                     Libraries\STM32F4xx_StdPeriph_Driver\src\stm32f4xx_dbgmcu.o
DBGMCU_GetDEVID                                   Libraries\STM32F4xx_StdPeriph_Driver\src\stm32f4xx_dbgmcu.o
DBGMCU_GetREVID                                   Libraries\STM32F4xx_StdPeriph_Driver\src\stm32f4xx_dbgmcu.o
DCMI_CROPCmd                                      Libraries\STM32F4xx_StdPeriph_Driver\src\stm32f4xx_dcmi.o
DCMI_CROPConfig                                   Libraries\STM32F4xx_StdPeriph_Driver\src\stm32f4xx_dcmi.o
DCMI_CaptureCmd                                   Libraries\STM32F4xx_StdPeriph_Driver\src\stm32f4xx_dcmi.o
DCMI_ClearFlag                                    Libraries\STM32F4xx_StdPeriph_Driver\src\stm32f4xx_dcmi.o
DCMI_ClearITPendingBit                            Libraries\STM32F4xx_StdPeriph_Driver\src\stm32f4xx_dcmi.o
DCMI_Cmd                                          Libraries\STM32F4xx_StdPeriph_Driver\src\stm32f4xx_dcmi.o
DCMI_DeInit                                       Libraries\STM32F4xx_StdPeriph_Driver\src\stm32f4xx_dcmi.o
DCMI_GetFlagStatus                                Libraries\STM32F4xx_StdPeriph_Driver\src\stm32f4xx_dcmi.o
DCMI_GetITStatus                                  Libraries\STM32F4xx_StdPeriph_Driver\src\stm32f4xx_dcmi.o
DCMI_IRQHandler                                   src\startup_stm32f40xx.o
DCMI_ITConfig                                     Libraries\STM32F4xx_StdPeriph_Driver\src\stm32f4xx_dcmi.o
DCMI_Init                                         Libraries\STM32F4xx_StdPeriph_Driver\src\stm32f4xx_dcmi.o
DCMI_JPEGCmd                                      Libraries\STM32F4xx_StdPeriph_Driver\src\stm32f4xx_dcmi.o
DCMI_ReadData                                     Libraries\STM32F4xx_StdPeriph_Driver\src\stm32f4xx_dcmi.o
DCMI_SetEmbeddedSynchroCodes                      Libraries\STM32F4xx_StdPeriph_Driver\src\stm32f4xx_dcmi.o
DCMI_StructInit                                   Libraries\STM32F4xx_StdPeriph_Driver\src\stm32f4xx_dcmi.o
DMA1_Stream0_IRQHandler                           src\startup_stm32f40xx.o
DMA1_Stream1_IRQHandler                           src\startup_stm32f40xx.o
DMA1_Stream2_IRQHandler                           src\startup_stm32f40xx.o
DMA1_Stream3_IRQHandler                           src\startup_stm32f40xx.o
DMA1_Stream4_IRQHandler                           src\startup_stm32f40xx.o
DMA1_Stream5_IRQHandler                           src\startup_stm32f40xx.o
DMA1_Stream6_IRQHandler                           src\startup_stm32f40xx.o
DMA1_Stream7_IRQHandler                           src\startup_stm32f40xx.o
DMA2_Stream0_IRQHandler                           src\startup_stm32f40xx.o
DMA2_Stream1_IRQHandler                           src\startup_stm32f40xx.o
DMA2_Stream2_IRQHandler                           src\startup_stm32f40xx.o
DMA2_Stream3_IRQHandler                           src\startup_stm32f40xx.o
DMA2_Stream4_IRQHandler                           src\startup_stm32f40xx.o
DMA2_Stream5_IRQHandler                           src\startup_stm32f40xx.o
DMA2_Stream6_IRQHandler                           src\startup_stm32f40xx.o
DMA2_Stream7_IRQHandler                           src\startup_stm32f40xx.o
DMA_ClearFlag                                     Libraries\STM32F4xx_StdPeriph_Driver\src\stm32f4xx_dma.o
DMA_ClearITPendingBit                             Libraries\STM32F4xx_StdPeriph_Driver\src\stm32f4xx_dma.o
DMA_Cmd                                           Libraries\STM32F4xx_StdPeriph_Driver\src\stm32f4xx_dma.o
DMA_DeInit                                        Libraries\STM32F4xx_StdPeriph_Driver\src\stm32f4xx_dma.o
DMA_DoubleBufferModeCmd                           Libraries\STM32F4xx_StdPeriph_Driver\src\stm32f4xx_dma.o
DMA_DoubleBufferModeConfig                        Libraries\STM32F4xx_StdPeriph_Driver\src\stm32f4xx_dma.o
DMA_FlowControllerConfig                          Libraries\STM32F4xx_StdPeriph_Driver\src\stm32f4xx_dma.o
DMA_GetCmdStatus                                  Libraries\STM32F4xx_StdPeriph_Driver\src\stm32f4xx_dma.o
DMA_GetCurrDataCounter                            Libraries\STM32F4xx_StdPeriph_Driver\src\stm32f4xx_dma.o
DMA_GetCurrentMemoryTarget                        Libraries\STM32F4xx_StdPeriph_Driver\src\stm32f4xx_dma.o
DMA_GetFIFOStatus                                 Libraries\STM32F4xx_StdPeriph_Driver\src\stm32f4xx_dma.o
DMA_GetFlagStatus                                 Libraries\STM32F4xx_StdPeriph_Driver\src\stm32f4xx_dma.o
DMA_GetITStatus                                   Libraries\STM32F4xx_StdPeriph_Driver\src\stm32f4xx_dma.o
DMA_ITConfig                                      Libraries\STM32F4xx_StdPeriph_Driver\src\stm32f4xx_dma.o
DMA_Init                                          Libraries\STM32F4xx_StdPeriph_Driver\src\stm32f4xx_dma.o
DMA_MemoryTargetConfig                            Libraries\STM32F4xx_StdPeriph_Driver\src\stm32f4xx_dma.o
DMA_PeriphIncOffsetSizeConfig                     Libraries\STM32F4xx_StdPeriph_Driver\src\stm32f4xx_dma.o
DMA_SetCurrDataCounter                            Libraries\STM32F4xx_StdPeriph_Driver\src\stm32f4xx_dma.o
DMA_StructInit                                    Libraries\STM32F4xx_StdPeriph_Driver\src\stm32f4xx_dma.o
DebugMon_Handler                                  src\stm32f4xx_it.o
Default_Handler                                   src\startup_stm32f40xx.o
ETH_IRQHandler                                    src\startup_stm32f40xx.o
ETH_WKUP_IRQHandler                               src\startup_stm32f40xx.o
EXTI0_IRQHandler                                  src\startup_stm32f40xx.o
EXTI15_10_IRQHandler                              src\startup_stm32f40xx.o
EXTI1_IRQHandler                                  src\startup_stm32f40xx.o
EXTI2_IRQHandler                                  src\startup_stm32f40xx.o
EXTI3_IRQHandler                                  src\startup_stm32f40xx.o
EXTI4_IRQHandler                                  src\startup_stm32f40xx.o
EXTI9_5_IRQHandler                                src\startup_stm32f40xx.o
EXTI_ClearFlag                                    Libraries\STM32F4xx_StdPeriph_Driver\src\stm32f4xx_exti.o
EXTI_ClearITPendingBit                            Libraries\STM32F4xx_StdPeriph_Driver\src\stm32f4xx_exti.o
EXTI_DeInit                                       Libraries\STM32F4xx_StdPeriph_Driver\src\stm32f4xx_exti.o
EXTI_GenerateSWInterrupt                          Libraries\STM32F4xx_StdPeriph_Driver\src\stm32f4xx_exti.o
EXTI_GetFlagStatus                                Libraries\STM32F4xx_StdPeriph_Driver\src\stm32f4xx_exti.o
EXTI_GetITStatus                                  Libraries\STM32F4xx_StdPeriph_Driver\src\stm32f4xx_exti.o
EXTI_Init                                         Libraries\STM32F4xx_StdPeriph_Driver\src\stm32f4xx_exti.o
                                                  src\hardware.o
EXTI_StructInit                                   Libraries\STM32F4xx_StdPeriph_Driver\src\stm32f4xx_exti.o
FLASH_ClearFlag                                   Libraries\STM32F4xx_StdPeriph_Driver\src\stm32f4xx_flash.o
FLASH_DataCacheCmd                                Libraries\STM32F4xx_StdPeriph_Driver\src\stm32f4xx_flash.o
FLASH_DataCacheReset                              Libraries\STM32F4xx_StdPeriph_Driver\src\stm32f4xx_flash.o
FLASH_EraseAllSectors                             Libraries\STM32F4xx_StdPeriph_Driver\src\stm32f4xx_flash.o
FLASH_EraseSector                                 Libraries\STM32F4xx_StdPeriph_Driver\src\stm32f4xx_flash.o
FLASH_GetFlagStatus                               Libraries\STM32F4xx_StdPeriph_Driver\src\stm32f4xx_flash.o
FLASH_GetStatus                                   Libraries\STM32F4xx_StdPeriph_Driver\src\stm32f4xx_flash.o
FLASH_IRQHandler                                  src\startup_stm32f40xx.o
FLASH_ITConfig                                    Libraries\STM32F4xx_StdPeriph_Driver\src\stm32f4xx_flash.o
FLASH_InstructionCacheCmd                         Libraries\STM32F4xx_StdPeriph_Driver\src\stm32f4xx_flash.o
FLASH_InstructionCacheReset                       Libraries\STM32F4xx_StdPeriph_Driver\src\stm32f4xx_flash.o
FLASH_Lock                                        Libraries\STM32F4xx_StdPeriph_Driver\src\stm32f4xx_flash.o
FLASH_OB_BORConfig                                Libraries\STM32F4xx_StdPeriph_Driver\src\stm32f4xx_flash.o
FLASH_OB_GetBOR                                   Libraries\STM32F4xx_StdPeriph_Driver\src\stm32f4xx_flash.o
FLASH_OB_GetRDP                                   Libraries\STM32F4xx_StdPeriph_Driver\src\stm32f4xx_flash.o
FLASH_OB_GetUser                                  Libraries\STM32F4xx_StdPeriph_Driver\src\stm32f4xx_flash.o
FLASH_OB_GetWRP                                   Libraries\STM32F4xx_StdPeriph_Driver\src\stm32f4xx_flash.o
FLASH_OB_GetWRP1                                  Libraries\STM32F4xx_StdPeriph_Driver\src\stm32f4xx_flash.o
FLASH_OB_Launch                                   Libraries\STM32F4xx_StdPeriph_Driver\src\stm32f4xx_flash.o
FLASH_OB_Lock                                     Libraries\STM32F4xx_StdPeriph_Driver\src\stm32f4xx_flash.o
FLASH_OB_RDPConfig                                Libraries\STM32F4xx_StdPeriph_Driver\src\stm32f4xx_flash.o
FLASH_OB_Unlock                                   Libraries\STM32F4xx_StdPeriph_Driver\src\stm32f4xx_flash.o
FLASH_OB_UserConfig                               Libraries\STM32F4xx_StdPeriph_Driver\src\stm32f4xx_flash.o
FLASH_OB_WRP1Config                               Libraries\STM32F4xx_StdPeriph_Driver\src\stm32f4xx_flash.o
FLASH_OB_WRPConfig                                Libraries\STM32F4xx_StdPeriph_Driver\src\stm32f4xx_flash.o
FLASH_PrefetchBufferCmd                           Libraries\STM32F4xx_StdPeriph_Driver\src\stm32f4xx_flash.o
FLASH_ProgramByte                                 Libraries\STM32F4xx_StdPeriph_Driver\src\stm32f4xx_flash.o
FLASH_ProgramDoubleWord                           Libraries\STM32F4xx_StdPeriph_Driver\src\stm32f4xx_flash.o
FLASH_ProgramHalfWord                             Libraries\STM32F4xx_StdPeriph_Driver\src\stm32f4xx_flash.o
FLASH_ProgramWord                                 Libraries\STM32F4xx_StdPeriph_Driver\src\stm32f4xx_flash.o
FLASH_SetLatency                                  Libraries\STM32F4xx_StdPeriph_Driver\src\stm32f4xx_flash.o
FLASH_Unlock                                      Libraries\STM32F4xx_StdPeriph_Driver\src\stm32f4xx_flash.o
FLASH_WaitForLastOperation                        Libraries\STM32F4xx_StdPeriph_Driver\src\stm32f4xx_flash.o
FPU_IRQHandler                                    src\startup_stm32f40xx.o
FSMC_ClearFlag                                    Libraries\STM32F4xx_StdPeriph_Driver\src\stm32f4xx_fsmc.o
FSMC_ClearITPendingBit                            Libraries\STM32F4xx_StdPeriph_Driver\src\stm32f4xx_fsmc.o