Archive member included because of file (symbol)

c:/program files (x86)/atollic/truestudio for arm 5.4.1/armtools/bin/../lib/gcc/arm-atollic-eabi/4.8.3/../../../../arm-atollic-eabi/lib/armv7e-m/fpu\libc_s.a(lib_a-init.o)
                              src\startup_stm32f40xx.o (__libc_init_array)
c:/program files (x86)/atollic/truestudio for arm 5.4.1/armtools/bin/../lib/gcc/arm-atollic-eabi/4.8.3/../../../../arm-atollic-eabi/lib/armv7e-m/fpu\libc_s.a(lib_a-memcmp.o)
                              Libraries\FreeRTOS\tasks.o (memcmp)
c:/program files (x86)/atollic/truestudio for arm 5.4.1/armtools/bin/../lib/gcc/arm-atollic-eabi/4.8.3/../../../../arm-atollic-eabi/lib/armv7e-m/fpu\libc_s.a(lib_a-memcpy-stub.o)
                              Libraries\FreeRTOS\queue.o (memcpy)
c:/program files (x86)/atollic/truestudio for arm 5.4.1/armtools/bin/../lib/gcc/arm-atollic-eabi/4.8.3/../../../../arm-atollic-eabi/lib/armv7e-m/fpu\libc_s.a(lib_a-memset.o)
                              Libraries\FreeRTOS\tasks.o (memset)
c:/program files (x86)/atollic/truestudio for arm 5.4.1/armtools/bin/../lib/gcc/arm-atollic-eabi/4.8.3/../../../../arm-atollic-eabi/lib/armv7e-m/fpu\libc_s.a(lib_a-strlen.o)
                              src\tiny_printf.o (strlen)
c:/program files (x86)/atollic/truestudio for arm 5.4.1/armtools/bin/../lib/gcc/arm-atollic-eabi/4.8.3/../../../../arm-atollic-eabi/lib/armv7e-m/fpu\libc_s.a(lib_a-syscalls.o)
                              src\tiny_printf.o (_write)
c:/program files (x86)/atollic/truestudio for arm 5.4.1/armtools/bin/../lib/gcc/arm-atollic-eabi/4.8.3/../../../../arm-atollic-eabi/lib/armv7e-m/fpu\libc_s.a(lib_a-reent.o)
                              c:/program files (x86)/atollic/truestudio for arm 5.4.1/armtools/bin/../lib/gcc/arm-atollic-eabi/4.8.3/../../../../arm-atollic-eabi/lib/armv7e-m/fpu\libc_s.a(lib_a-syscalls.o) (errno)
c:/program files (x86)/atollic/truestudio for arm 5.4.1/armtools/bin/../lib/gcc/arm-atollic-eabi/4.8.3/../../../../arm-atollic-eabi/lib/armv7e-m/fpu\libc_s.a(lib_a-impure.o)
                              c:/program files (x86)/atollic/truestudio for arm 5.4.1/armtools/bin/../lib/gcc/arm-atollic-eabi/4.8.3/../../../../arm-atollic-eabi/lib/armv7e-m/fpu\libc_s.a(lib_a-reent.o) (_impure_ptr)
c:/program files (x86)/atollic/truestudio for arm 5.4.1/armtools/bin/../lib/gcc/arm-atollic-eabi/4.8.3/../../../../arm-atollic-eabi/lib/armv7e-m/fpu\libc_s.a(lib_a-nano-freer.o)
                              c:/program files (x86)/atollic/truestudio for arm 5.4.1/armtools/bin/../lib/gcc/arm-atollic-eabi/4.8.3/../../../../arm-atollic-eabi/lib/armv7e-m/fpu\libc_s.a(lib_a-reent.o) (_free_r)
c:/program files (x86)/atollic/truestudio for arm 5.4.1/armtools/bin/../lib/gcc/arm-atollic-eabi/4.8.3/../../../../arm-atollic-eabi/lib/armv7e-m/fpu\libc_s.a(lib_a-nano-mallocr.o)
                              c:/program files (x86)/atollic/truestudio for arm 5.4.1/armtools/bin/../lib/gcc/arm-atollic-eabi/4.8.3/../../../../arm-atollic-eabi/lib/armv7e-m/fpu\libc_s.a(lib_a-nano-freer.o) (__malloc_free_list)
c:/program files (x86)/atollic/truestudio for arm 5.4.1/armtools/bin/../lib/gcc/arm-atollic-eabi/4.8.3/../../../../arm-atollic-eabi/lib/armv7e-m/fpu\libc_s.a(lib_a-sbrkr.o)
                              c:/program files (x86)/atollic/truestudio for arm 5.4.1/armtools/bin/../lib/gcc/arm-atollic-eabi/4.8.3/../../../../arm-atollic-eabi/lib/armv7e-m/fpu\libc_s.a(lib_a-nano-mallocr.o) (_sbrk_r)

Allocating common symbols
Common symbol       size              file

light_system_state  0x1               src\trafficLight.o
adcPin              0xc               src\trafficLight.o
errno               0x4               c:/program files (x86)/atollic/truestudio for arm 5.4.1/armtools/bin/../lib/gcc/arm-atollic-eabi/4.8.3/../../../../arm-atollic-eabi/lib/armv7e-m/fpu\libc_s.a(lib_a-reent.o)
process_packet      0x1               src\trafficLight.o
mode_savs           0x2               src\trafficLight.o
xPacketQueue        0x4               src\trafficLight.o
wifi_channel_active
                    0x2               src\trafficLight.o
wifi_next_channel   0x1               src\trafficLight.o
delay_done          0x1               src\trafficLight.o
sendTrafficLight    0x4               src\trafficLight.o
timer_NS            0x1               src\trafficLight.o
wifi_channel        0x2               src\trafficLight.o
adcClk              0x18              src\trafficLight.o
average_power       0xf0              src\trafficLight.o
adcPort             0x18              src\trafficLight.o
timer_EW            0x1               src\trafficLight.o
my_mode             0x1               src\trafficLight.o
received_string     0x10              src\trafficLight.o

Discarded input sections

 .text          0x00000000        0x0 c:/program files (x86)/atollic/truestudio for arm 5.4.1/armtools/bin/../lib/gcc/arm-atollic-eabi/4.8.3/armv7e-m/fpu/crti.o
[...]
Memory Configuration

Name             Origin             Length             Attributes
FLASH            0x08000000         0x00100000         xr
RAM              0x20000000         0x00020000         xrw
MEMORY_B1        0x60000000         0x00000000         xr
CCMRAM           0x10000000         0x00010000         rw
*default*        0x00000000         0xffffffff

Linker script and memory map

LOAD c:/program files (x86)/atollic/truestudio for arm 5.4.1/armtools/bin/../lib/gcc/arm-atollic-eabi/4.8.3/armv7e-m/fpu/crti.o
LOAD c:/program files (x86)/atollic/truestudio for arm 5.4.1/armtools/bin/../lib/gcc/arm-atollic-eabi/4.8.3/armv7e-m/fpu/crtbegin.o
LOAD src\trafficLight.o
LOAD src\tiny_printf.o
LOAD src\system_stm32f4xx.o
LOAD src\swTimer.o
LOAD src\stm32f4xx_it.o
LOAD src\startup_stm32f40xx.o
LOAD src\packet.o
LOAD src\main.o
LOAD src\hardware.o
LOAD Libraries\STM32F4xx_StdPeriph_Driver\src\stm32f4xx_wwdg.o
LOAD Libraries\STM32F4xx_StdPeriph_Driver\src\stm32f4xx_usart.o
LOAD Libraries\STM32F4xx_StdPeriph_Driver\src\stm32f4xx_tim.o
LOAD Libraries\STM32F4xx_StdPeriph_Driver\src\stm32f4xx_syscfg.o
LOAD Libraries\STM32F4xx_StdPeriph_Driver\src\stm32f4xx_spi.o
LOAD Libraries\STM32F4xx_StdPeriph_Driver\src\stm32f4xx_sdio.o
LOAD Libraries\STM32F4xx_StdPeriph_Driver\src\stm32f4xx_rtc.o
LOAD Libraries\STM32F4xx_StdPeriph_Driver\src\stm32f4xx_rng.o
LOAD Libraries\STM32F4xx_StdPeriph_Driver\src\stm32f4xx_rcc.o
LOAD Libraries\STM32F4xx_StdPeriph_Driver\src\stm32f4xx_pwr.o
LOAD Libraries\STM32F4xx_StdPeriph_Driver\src\stm32f4xx_iwdg.o
LOAD Libraries\STM32F4xx_StdPeriph_Driver\src\stm32f4xx_i2c.o
LOAD Libraries\STM32F4xx_StdPeriph_Driver\src\stm32f4xx_hash_sha1.o
LOAD Libraries\STM32F4xx_StdPeriph_Driver\src\stm32f4xx_hash_md5.o
LOAD Libraries\STM32F4xx_StdPeriph_Driver\src\stm32f4xx_hash.o
LOAD Libraries\STM32F4xx_StdPeriph_Driver\src\stm32f4xx_gpio.o
LOAD Libraries\STM32F4xx_StdPeriph_Driver\src\stm32f4xx_fsmc.o
LOAD Libraries\STM32F4xx_StdPeriph_Driver\src\stm32f4xx_flash.o
LOAD Libraries\STM32F4xx_StdPeriph_Driver\src\stm32f4xx_exti.o
LOAD Libraries\STM32F4xx_StdPeriph_Driver\src\stm32f4xx_dma.o
LOAD Libraries\STM32F4xx_StdPeriph_Driver\src\stm32f4xx_dcmi.o
LOAD Libraries\STM32F4xx_StdPeriph_Driver\src\stm32f4xx_dbgmcu.o
LOAD Libraries\STM32F4xx_StdPeriph_Driver\src\stm32f4xx_dac.o
LOAD Libraries\STM32F4xx_StdPeriph_Driver\src\stm32f4xx_cryp_tdes.o
LOAD Libraries\STM32F4xx_StdPeriph_Driver\src\stm32f4xx_cryp_des.o
LOAD Libraries\STM32F4xx_StdPeriph_Driver\src\stm32f4xx_cryp_aes.o
LOAD Libraries\STM32F4xx_StdPeriph_Driver\src\stm32f4xx_cryp.o
LOAD Libraries\STM32F4xx_StdPeriph_Driver\src\stm32f4xx_crc.o
LOAD Libraries\STM32F4xx_StdPeriph_Driver\src\stm32f4xx_can.o
LOAD Libraries\STM32F4xx_StdPeriph_Driver\src\stm32f4xx_adc.o
LOAD Libraries\STM32F4xx_StdPeriph_Driver\src\misc.o
LOAD Libraries\FreeRTOS\timers.o
LOAD Libraries\FreeRTOS\tasks.o
LOAD Libraries\FreeRTOS\queue.o
LOAD Libraries\FreeRTOS\list.o
LOAD Libraries\FreeRTOS\event_groups.o
LOAD Libraries\FreeRTOS\croutine.o
LOAD Libraries\FreeRTOS\Portable\port.o
LOAD Libraries\FreeRTOS\Portable\heap_4.o
START GROUP
LOAD c:/program files (x86)/atollic/truestudio for arm 5.4.1/armtools/bin/../lib/gcc/arm-atollic-eabi/4.8.3/../../../../arm-atollic-eabi/lib/armv7e-m/fpu\libc_s.a
LOAD c:/program files (x86)/atollic/truestudio for arm 5.4.1/armtools/bin/../lib/gcc/arm-atollic-eabi/4.8.3/../../../../arm-atollic-eabi/lib/armv7e-m/fpu\libm.a
END GROUP
                0x00001000                malloc_getpagesize_P = 0x1000
START GROUP
LOAD c:/program files (x86)/atollic/truestudio for arm 5.4.1/armtools/bin/../lib/gcc/arm-atollic-eabi/4.8.3/armv7e-m/fpu\libgcc.a
LOAD c:/program files (x86)/atollic/truestudio for arm 5.4.1/armtools/bin/../lib/gcc/arm-atollic-eabi/4.8.3/../../../../arm-atollic-eabi/lib/armv7e-m/fpu\libc.a
END GROUP
LOAD c:/program files (x86)/atollic/truestudio for arm 5.4.1/armtools/bin/../lib/gcc/arm-atollic-eabi/4.8.3/armv7e-m/fpu/crtend.o
LOAD c:/program files (x86)/atollic/truestudio for arm 5.4.1/armtools/bin/../lib/gcc/arm-atollic-eabi/4.8.3/armv7e-m/fpu/crtn.o
                0x20020000                _estack = 0x20020000
                0x00000000                _Min_Heap_Size = 0x0
                0x00000400                _Min_Stack_Size = 0x400

.isr_vector     0x08000000      0x188
                0x08000000                . = ALIGN (0x4)
 *(.isr_vector)
 .isr_vector    0x08000000      0x188 src\startup_stm32f40xx.o
                0x08000000                g_pfnVectors
                0x08000188                . = ALIGN (0x4)

.text           0x08000188     0x5da0
                0x08000188                . = ALIGN (0x4)
 *(.text)
 .text          0x08000188       0x40 c:/program files (x86)/atollic/truestudio for arm 5.4.1/armtools/bin/../lib/gcc/arm-atollic-eabi/4.8.3/armv7e-m/fpu/crtbegin.o
 .text          0x080001c8       0xc8 src\trafficLight.o
                0x080001c8                prvSendTrafficLightCallback
 .text          0x08000290      0x254 src\system_stm32f4xx.o
                0x08000290                SystemInit
                0x080002f8                SystemCoreClockUpdate
 .text          0x080004e4      0x13c src\swTimer.o
                0x080004e4                swTimerInit
                0x08000518                swTimerStart
                0x0800055c                swTimerStop
                0x08000594                swIsTimerActive
                0x080005b8                prvDelayCallback
                0x080005d4                swDelay
 .text          0x08000620       0x38 src\stm32f4xx_it.o
                0x08000620                NMI_Handler
                0x0800062c                HardFault_Handler
                0x08000634                MemManage_Handler
                0x0800063c                BusFault_Handler
                0x08000644                UsageFault_Handler
                0x0800064c                DebugMon_Handler
 .text          0x08000658      0x7a8 src\packet.o
                0x08000658                sendPacket
                0x080006fc                sendAck
                0x080007a4                sendPing
                0x08000828                sendChangeMode
                0x080008d0                sendTrafficLightCurrent
                0x08000984                sendTrafficLightFuture
                0x08000a44                handlePacket
                0x08000b38                handleAck
                0x08000b74                handlePing
                0x08000be8                handleSetMode
                0x08000c30                handlePowerConsumption
                0x08000c88                pack
                0x08000ccc                unpack
                0x08000d30                USART3_IRQHandler
                0x08000dc0                copyString
 .text          0x08000e00      0x3ec src\main.o
                0x08000e00                main
                0x08000e38                prvSetupTask
                0x0800101c                prvConnectTask
                0x080010ac                prvTrafficLightTask
                0x080011c0                vApplicationMallocFailedHook
                0x080011c8                vApplicationStackOverflowHook
                0x080011d4                vApplicationIdleHook
 .text          0x080011ec      0x150 src\hardware.o
                0x080011ec                ledInit
                0x08001280                wifiInit
                0x080012d0                wifiConfig
 .text          0x0800133c      0x958 Libraries\STM32F4xx_StdPeriph_Driver\src\stm32f4xx_usart.o
                0x0800133c                USART_DeInit
                0x08001450                USART_Init
                0x080015c4                USART_StructInit
                0x080015fc                USART_ClockInit
                0x08001650                USART_ClockStructInit
                0x0800167c                USART_Cmd
                0x080016bc                USART_SetPrescaler
                0x080016f4                USART_OverSampling8Cmd
                0x08001738                USART_OneBitMethodCmd
                0x08001778                USART_SendData
                0x0800179c                USART_ReceiveData
                0x080017bc                USART_SetAddress
                0x080017f4                USART_ReceiverWakeUpCmd
                0x08001834                USART_WakeUpConfig
                0x0800186c                USART_LINBreakDetectLengthConfig
                0x080018a4                USART_LINCmd
                0x080018e4                USART_SendBreak
                0x08001908                USART_HalfDuplexCmd
                0x08001948                USART_SetGuardTime
                0x08001984                USART_SmartCardCmd
                0x080019c4                USART_SmartCardNACKCmd
                0x08001a04                USART_IrDAConfig
                0x08001a3c                USART_IrDACmd
                0x08001a7c                USART_DMACmd
                0x08001ac4                USART_ITConfig
                0x08001b54                USART_GetFlagStatus
                0x08001b8c                USART_ClearFlag
                0x08001bac                USART_GetITStatus
                0x08001c5c                USART_ClearITPendingBit
 .text          0x08001c94      0xaa4 Libraries\STM32F4xx_StdPeriph_Driver\src\stm32f4xx_rcc.o
                0x08001c94                RCC_DeInit
                0x08001cf0                RCC_HSEConfig
                0x08001d14                RCC_WaitForHSEStartUp
                0x08001d64                RCC_AdjustHSICalibrationValue
                0x08001da0                RCC_HSICmd
                0x08001dc0                RCC_LSEConfig
                0x08001e00                RCC_LSICmd
                0x08001e20                RCC_PLLConfig
                0x08001e5c                RCC_PLLCmd
                0x08001e7c                RCC_PLLI2SConfig
                0x08001ea4                RCC_PLLI2SCmd
                0x08001ec4                RCC_ClockSecuritySystemCmd
                0x08001ee4                RCC_MCO1Config
                0x08001f20                RCC_MCO2Config
                0x08001f5c                RCC_SYSCLKConfig
                0x08001f94                RCC_GetSYSCLKSource
                0x08001fb4                RCC_HCLKConfig
                0x08001fec                RCC_PCLK1Config
                0x08002024                RCC_PCLK2Config
                0x0800205c                RCC_GetClocksFreq
                0x080021b0                RCC_RTCCLKConfig
                0x0800220c                RCC_RTCCLKCmd
                0x0800222c                RCC_BackupResetCmd
                0x0800224c                RCC_I2SCLKConfig
                0x08002268                RCC_TIMCLKPresConfig
                0x08002284                RCC_AHB1PeriphClockCmd
                0x080022c0                RCC_AHB2PeriphClockCmd
                0x080022fc                RCC_AHB3PeriphClockCmd
                0x08002338                RCC_APB1PeriphClockCmd
                0x08002374                RCC_APB2PeriphClockCmd
                0x080023b0                RCC_AHB1PeriphResetCmd
                0x080023ec                RCC_AHB2PeriphResetCmd
                0x08002428                RCC_AHB3PeriphResetCmd
                0x08002464                RCC_APB1PeriphResetCmd
                0x080024a0                RCC_APB2PeriphResetCmd
                0x080024dc                RCC_AHB1PeriphClockLPModeCmd
                0x08002518                RCC_AHB2PeriphClockLPModeCmd
                0x08002554                RCC_AHB3PeriphClockLPModeCmd
                0x08002590                RCC_APB1PeriphClockLPModeCmd
                0x080025cc                RCC_APB2PeriphClockLPModeCmd
                0x08002608                RCC_ITConfig
                0x08002650                RCC_GetFlagStatus
                0x080026c4                RCC_ClearFlag
                0x080026e0                RCC_GetITStatus
                0x08002718                RCC_ClearITPendingBit
 .text          0x08002738      0x488 Libraries\STM32F4xx_StdPeriph_Driver\src\stm32f4xx_gpio.o
                0x08002738                GPIO_DeInit
                0x08002858                GPIO_Init
                0x08002974                GPIO_StructInit
                0x080029a8                GPIO_PinLockConfig
                0x080029ec                GPIO_ReadInputDataBit
                0x08002a20                GPIO_ReadInputData
                0x08002a3c                GPIO_ReadOutputDataBit
                0x08002a70                GPIO_ReadOutputData
                0x08002a8c                GPIO_SetBits
                0x08002aa8                GPIO_ResetBits
                0x08002ac4                GPIO_WriteBit
                0x08002af4                GPIO_Write
                0x08002b10                GPIO_ToggleBits
                0x08002b34                GPIO_PinAFConfig
 .text          0x08002bc0      0x184 Libraries\STM32F4xx_StdPeriph_Driver\src\misc.o
                0x08002bc0                NVIC_PriorityGroupConfig
                0x08002be4                NVIC_Init
                0x08002ca0                NVIC_SetVectorTable
                0x08002ccc                NVIC_SystemLPConfig
                0x08002d0c                SysTick_CLKSourceConfig
 .text          0x08002d44      0x59c Libraries\FreeRTOS\timers.o
                0x08002d44                xTimerCreateTimerTask
                0x08002d90                xTimerCreate
                0x08002df0                xTimerGenericCommand
                0x08002e7c                pcTimerGetTimerName
                0x08003294                xTimerIsTimerActive
                0x080032c4                pvTimerGetTimerID
 .text          0x080032e0     0x1a24 Libraries\FreeRTOS\tasks.o
                0x080032e0                xTaskGenericCreate
                0x08003424                vTaskDelete
                0x08003508                vTaskDelayUntil
                0x080035d0                vTaskDelay
                0x08003654                uxTaskPriorityGet
                0x08003688                uxTaskPriorityGetFromISR
                0x080036e0                vTaskPrioritySet
                0x08003820                vTaskSuspend
                0x0800396c                vTaskResume
                0x08003a08                xTaskResumeFromISR
                0x08003ac8                vTaskStartScheduler
                0x08003b38                vTaskEndScheduler
                0x08003b64                vTaskSuspendAll
                0x08003b80                xTaskResumeAll
                0x08003c8c                xTaskGetTickCount
                0x08003cac                xTaskGetTickCountFromISR
                0x08003cd0                uxTaskGetNumberOfTasks
                0x08003ce8                xTaskIncrementTick
                0x08003e44                vTaskSwitchContext
                0x08003f18                vTaskPlaceOnEventList
                0x08003f98                vTaskPlaceOnUnorderedEventList
                0x08004028                vTaskPlaceOnEventListRestricted
                0x0800408c                xTaskRemoveFromEventList
                0x08004134                xTaskRemoveFromUnorderedEventList
                0x080041c4                vTaskSetTimeOutState
                0x080041f0                xTaskCheckForTimeOut
                0x08004278                vTaskMissedYield
                0x0800459c                xTaskGetCurrentTaskHandle
                0x080045bc                xTaskGetSchedulerState
                0x080045f8                vTaskPriorityInherit
                0x080046e4                xTaskPriorityDisinherit
                0x080047ac                uxTaskResetEventItemValue
                0x080047dc                pvTaskIncrementMutexHeldCount
                0x08004804                ulTaskNotifyTake
                0x080048ec                xTaskNotifyWait
                0x080049f8                xTaskNotify
                0x08004af4                xTaskNotifyFromISR
                0x08004c2c                vTaskNotifyGiveFromISR
 .text          0x08004d04      0xa18 Libraries\FreeRTOS\queue.o
                0x08004d04                xQueueGenericReset
                0x08004db8                xQueueGenericCreate
                0x08004e34                xQueueCreateMutex
                0x08004eb0                xQueueGenericSend
                0x08004ffc                xQueueGenericSendFromISR
                0x080050a0                xQueueGiveFromISR
                0x08005138                xQueueGenericReceive
                0x080052d0                xQueueReceiveFromISR
                0x08005370                xQueuePeekFromISR
                0x080053d4                uxQueueMessagesWaiting
                0x080053f4                uxQueueSpacesAvailable
                0x08005420                uxQueueMessagesWaitingFromISR
                0x0800543c                vQueueDelete
                0x08005640                xQueueIsQueueEmptyFromISR
                0x08005698                xQueueIsQueueFullFromISR
                0x080056c4                vQueueWaitForMessageRestricted
 .text          0x0800571c      0x164 Libraries\FreeRTOS\list.o
                0x0800571c                vListInitialise
                0x0800575c                vListInitialiseItem
                0x08005774                vListInsertEnd
                0x080057bc                vListInsert
                0x0800582c                uxListRemove
 .text          0x08005880      0x258 Libraries\FreeRTOS\Portable\port.o
                0x08005880                pxPortInitialiseStack
                0x08005900                SVC_Handler
                0x0800593c                xPortStartScheduler
                0x0800598c                vPortEndScheduler
                0x08005998                vPortEnterCritical
                0x080059c8                vPortExitCritical
                0x080059f8                PendSV_Handler
                0x08005a58                SysTick_Handler
                0x08005a9c                vPortSetupTimerInterrupt
 .text          0x08005ad8      0x350 Libraries\FreeRTOS\Portable\heap_4.o
                0x08005ad8                pvPortMalloc
                0x08005c08                vPortFree
                0x08005c78                xPortGetFreeHeapSize
                0x08005c90                xPortGetMinimumEverFreeHeapSize
                0x08005ca8                vPortInitialiseBlocks
 *(.text*)
 .text.Reset_Handler
                0x08005e28       0x58 src\startup_stm32f40xx.o
                0x08005e28                Reset_Handler
 .text.Default_Handler
                0x08005e80        0x4 src\startup_stm32f40xx.o
                0x08005e80                RTC_Alarm_IRQHandler
                0x08005e80                HASH_RNG_IRQHandler
                0x08005e80                EXTI2_IRQHandler
                0x08005e80                TIM8_CC_IRQHandler
                0x08005e80                TIM1_CC_IRQHandler
                0x08005e80                DMA2_Stream5_IRQHandler
                0x08005e80                DMA1_Stream5_IRQHandler
                0x08005e80                PVD_IRQHandler
                0x08005e80                SDIO_IRQHandler
                0x08005e80                TAMP_STAMP_IRQHandler
                0x08005e80                CAN2_RX1_IRQHandler
                0x08005e80                EXTI3_IRQHandler
                0x08005e80                TIM8_TRG_COM_TIM14_IRQHandler
                0x08005e80                TIM1_UP_TIM10_IRQHandler
                0x08005e80                TIM8_UP_TIM13_IRQHandler
                0x08005e80                I2C3_ER_IRQHandler
                0x08005e80                EXTI0_IRQHandler
                0x08005e80                I2C2_EV_IRQHandler
                0x08005e80                DMA1_Stream2_IRQHandler
                0x08005e80                CAN1_RX0_IRQHandler
                0x08005e80                FPU_IRQHandler
                0x08005e80                OTG_HS_WKUP_IRQHandler
                0x08005e80                CAN2_SCE_IRQHandler
                0x08005e80                DMA2_Stream2_IRQHandler
                0x08005e80                SPI1_IRQHandler
                0x08005e80                TIM6_DAC_IRQHandler
                0x08005e80                TIM1_BRK_TIM9_IRQHandler
                0x08005e80                DCMI_IRQHandler
                0x08005e80                CAN2_RX0_IRQHandler
                0x08005e80                DMA2_Stream3_IRQHandler
                0x08005e80                USART6_IRQHandler
                0x08005e80                CRYP_IRQHandler
                0x08005e80                CAN1_RX1_IRQHandler
                0x08005e80                UART5_IRQHandler
                0x08005e80                DMA2_Stream0_IRQHandler
                0x08005e80                TIM4_IRQHandler
                0x08005e80                I2C1_EV_IRQHandler
                0x08005e80                DMA1_Stream6_IRQHandler
                0x08005e80                DMA1_Stream1_IRQHandler
                0x08005e80                UART4_IRQHandler
                0x08005e80                TIM3_IRQHandler
                0x08005e80                RCC_IRQHandler
                0x08005e80                TIM8_BRK_TIM12_IRQHandler
                0x08005e80                Default_Handler
                0x08005e80                EXTI15_10_IRQHandler
                0x08005e80                ADC_IRQHandler
                0x08005e80                DMA1_Stream7_IRQHandler
                0x08005e80                TIM7_IRQHandler
                0x08005e80                CAN2_TX_IRQHandler
                0x08005e80                TIM5_IRQHandler
                0x08005e80                DMA2_Stream7_IRQHandler
                0x08005e80                I2C3_EV_IRQHandler
                0x08005e80                EXTI9_5_IRQHandler
                0x08005e80                RTC_WKUP_IRQHandler
                0x08005e80                ETH_WKUP_IRQHandler
                0x08005e80                SPI2_IRQHandler
                0x08005e80                OTG_HS_EP1_IN_IRQHandler
                0x08005e80                DMA1_Stream0_IRQHandler
                0x08005e80                CAN1_TX_IRQHandler
                0x08005e80                EXTI4_IRQHandler
                0x08005e80                FSMC_IRQHandler
                0x08005e80                ETH_IRQHandler
                0x08005e80                OTG_HS_EP1_OUT_IRQHandler
                0x08005e80                WWDG_IRQHandler
                0x08005e80                TIM2_IRQHandler
                0x08005e80                OTG_FS_WKUP_IRQHandler
                0x08005e80                TIM1_TRG_COM_TIM11_IRQHandler
                0x08005e80                OTG_HS_IRQHandler
                0x08005e80                EXTI1_IRQHandler
                0x08005e80                USART2_IRQHandler
                0x08005e80                I2C2_ER_IRQHandler
                0x08005e80                DMA2_Stream1_IRQHandler
                0x08005e80                CAN1_SCE_IRQHandler
                0x08005e80                FLASH_IRQHandler
                0x08005e80                DMA2_Stream4_IRQHandler
                0x08005e80                USART1_IRQHandler
                0x08005e80                OTG_FS_IRQHandler
                0x08005e80                SPI3_IRQHandler
                0x08005e80                DMA1_Stream4_IRQHandler
                0x08005e80                I2C1_ER_IRQHandler
                0x08005e80                DMA2_Stream6_IRQHandler
                0x08005e80                DMA1_Stream3_IRQHandler
 .text.__libc_init_array
                0x08005e84       0x4c c:/program files (x86)/atollic/truestudio for arm 5.4.1/armtools/bin/../lib/gcc/arm-atollic-eabi/4.8.3/../../../../arm-atollic-eabi/lib/armv7e-m/fpu\libc_s.a(lib_a-init.o)
                0x08005e84                __libc_init_array
 .text.memcmp   0x08005ed0       0x1e c:/program files (x86)/atollic/truestudio for arm 5.4.1/armtools/bin/../lib/gcc/arm-atollic-eabi/4.8.3/../../../../arm-atollic-eabi/lib/armv7e-m/fpu\libc_s.a(lib_a-memcmp.o)
                0x08005ed0                memcmp
 .text.memcpy   0x08005eee       0x12 c:/program files (x86)/atollic/truestudio for arm 5.4.1/armtools/bin/../lib/gcc/arm-atollic-eabi/4.8.3/../../../../arm-atollic-eabi/lib/armv7e-m/fpu\libc_s.a(lib_a-memcpy-stub.o)
                0x08005eee                memcpy
 .text.memset   0x08005f00       0x10 c:/program files (x86)/atollic/truestudio for arm 5.4.1/armtools/bin/../lib/gcc/arm-atollic-eabi/4.8.3/../../../../arm-atollic-eabi/lib/armv7e-m/fpu\libc_s.a(lib_a-memset.o)
                0x08005f00                memset
 *(.glue_7)
 .glue_7        0x00000000        0x0 linker stubs
 *(.glue_7t)
 .glue_7t       0x00000000        0x0 linker stubs
 *(.eh_frame)
 .eh_frame      0x08005f10        0x0 c:/program files (x86)/atollic/truestudio for arm 5.4.1/armtools/bin/../lib/gcc/arm-atollic-eabi/4.8.3/armv7e-m/fpu/crtbegin.o
 *(.init)
 .init          0x08005f10        0x4 c:/program files (x86)/atollic/truestudio for arm 5.4.1/armtools/bin/../lib/gcc/arm-atollic-eabi/4.8.3/armv7e-m/fpu/crti.o
                0x08005f10                _init
 .init          0x08005f14        0x8 c:/program files (x86)/atollic/truestudio for arm 5.4.1/armtools/bin/../lib/gcc/arm-atollic-eabi/4.8.3/armv7e-m/fpu/crtn.o
 *(.fini)
 .fini          0x08005f1c        0x4 c:/program files (x86)/atollic/truestudio for arm 5.4.1/armtools/bin/../lib/gcc/arm-atollic-eabi/4.8.3/armv7e-m/fpu/crti.o
                0x08005f1c                _fini
 .fini          0x08005f20        0x8 c:/program files (x86)/atollic/truestudio for arm 5.4.1/armtools/bin/../lib/gcc/arm-atollic-eabi/4.8.3/armv7e-m/fpu/crtn.o
                0x08005f28                . = ALIGN (0x4)
                0x08005f28                _etext = .

.vfp11_veneer   0x08005f28        0x0
 .vfp11_veneer  0x00000000        0x0 linker stubs

.v4_bx          0x08005f28        0x0
 .v4_bx         0x00000000        0x0 linker stubs

.iplt           0x08005f28        0x0
 .iplt          0x00000000        0x0 c:/program files (x86)/atollic/truestudio for arm 5.4.1/armtools/bin/../lib/gcc/arm-atollic-eabi/4.8.3/armv7e-m/fpu/crtbegin.o

.rodata         0x08005f28       0xd0
                0x08005f28                . = ALIGN (0x4)
 *(.rodata)
 .rodata        0x08005f28        0x4 src\swTimer.o
 .rodata        0x08005f2c       0x80 src\packet.o
 .rodata        0x08005fac       0x28 src\main.o
 .rodata        0x08005fd4        0x8 Libraries\FreeRTOS\timers.o
 .rodata        0x08005fdc        0x8 Libraries\FreeRTOS\tasks.o
 *(.rodata*)
 .rodata.ucExpectedStackBytes.5329
                0x08005fe4       0x14 Libraries\FreeRTOS\tasks.o
                0x08005ff8                . = ALIGN (0x4)

.rel.dyn        0x08005ff8        0x0
 .rel.iplt      0x00000000        0x0 c:/program files (x86)/atollic/truestudio for arm 5.4.1/armtools/bin/../lib/gcc/arm-atollic-eabi/4.8.3/armv7e-m/fpu/crtbegin.o

.ARM.extab
 *(.ARM.extab* .gnu.linkonce.armextab.*)

.ARM            0x08005ff8        0x0
                0x08005ff8                __exidx_start = .
 *(.ARM.exidx*)
                0x08005ff8                __exidx_end = .

.preinit_array  0x08005ff8        0x0
                0x08005ff8                PROVIDE (__preinit_array_start, .)
 *(.preinit_array*)
                0x08005ff8                PROVIDE (__preinit_array_end, .)

.init_array     0x08005ff8        0x4
                0x08005ff8                PROVIDE (__init_array_start, .)
 *(SORT(.init_array.*))
 *(.init_array*)
 .init_array    0x08005ff8        0x4 c:/program files (x86)/atollic/truestudio for arm 5.4.1/armtools/bin/../lib/gcc/arm-atollic-eabi/4.8.3/armv7e-m/fpu/crtbegin.o
                0x08005ffc                PROVIDE (__init_array_end, .)

.fini_array     0x08005ffc        0x4
                0x08005ffc                PROVIDE (__fini_array_start, .)
 *(SORT(.fini_array.*))
 *(.fini_array*)
 .fini_array    0x08005ffc        0x4 c:/program files (x86)/atollic/truestudio for arm 5.4.1/armtools/bin/../lib/gcc/arm-atollic-eabi/4.8.3/armv7e-m/fpu/crtbegin.o
                0x08006000                PROVIDE (__fini_array_end, .)
                0x08006000                _sidata = LOADADDR (.data)

.data           0x20000000       0x54 load address 0x08006000
                0x20000000                . = ALIGN (0x4)
                0x20000000                _sdata = .
 *(.data)
 *(.data*)
 .data.next_light_state
                0x20000000        0x4 src\trafficLight.o
                0x20000000                next_light_state
 .data.current_system_state
                0x20000004       0x10 src\trafficLight.o
                0x20000004                current_system_state
 .data.next_system_state
                0x20000014        0x4 src\trafficLight.o
                0x20000014                next_system_state
 .data.SystemCoreClock
                0x20000018        0x4 src\system_stm32f4xx.o
                0x20000018                SystemCoreClock
 .data.AHBPrescTable
                0x2000001c       0x10 src\system_stm32f4xx.o
                0x2000001c                AHBPrescTable
 .data.led_light_ns_pin
                0x2000002c        0x8 src\hardware.o
                0x2000002c                led_light_ns_pin
 .data.led_light_ew_pin
                0x20000034        0x8 src\hardware.o
                0x20000034                led_light_ew_pin
 .data.APBAHBPrescTable
                0x2000003c       0x10 Libraries\STM32F4xx_StdPeriph_Driver\src\stm32f4xx_rcc.o
 .data.xNextTaskUnblockTime
                0x2000004c        0x4 Libraries\FreeRTOS\tasks.o
 .data.uxCriticalNesting
                0x20000050        0x4 Libraries\FreeRTOS\Portable\port.o
                0x20000054                . = ALIGN (0x4)
                0x20000054                _edata = .
                0x08006054                _siccmram = LOADADDR (.ccmram)

.igot.plt       0x20000054        0x0 load address 0x08006054
 .igot.plt      0x00000000        0x0 c:/program files (x86)/atollic/truestudio for arm 5.4.1/armtools/bin/../lib/gcc/arm-atollic-eabi/4.8.3/armv7e-m/fpu/crtbegin.o

.ccmram         0x10000000        0x0 load address 0x08006054
                0x10000000                . = ALIGN (0x4)
                0x10000000                _sccmram = .
 *(.ccmram)
 *(.ccmram*)
                0x10000000                . = ALIGN (0x4)
                0x10000000                _eccmram = .
                0x10000000                . = ALIGN (0x4)

.bss            0x20000054    0x1c2d8
                0x20000054                _sbss = .
                0x20000054                __bss_start__ = _sbss
 *(.bss)
 .bss           0x20000054       0x1c c:/program files (x86)/atollic/truestudio for arm 5.4.1/armtools/bin/../lib/gcc/arm-atollic-eabi/4.8.3/armv7e-m/fpu/crtbegin.o
 *(.bss*)
 .bss.update_traffic
                0x20000070        0x1 src\trafficLight.o
                0x20000070                update_traffic
 .bss.average_power_index
                0x20000071        0x1 src\packet.o
                0x20000071                average_power_index
 .bss.counter.8195
                0x20000072        0x1 src\packet.o
 *fill*         0x20000073        0x1 
 .bss.xSetupHandle
                0x20000074        0x4 src\main.o
                0x20000074                xSetupHandle
 .bss.xConnectHandle
                0x20000078        0x4 src\main.o
                0x20000078                xConnectHandle
 .bss.xTrafficLightHandle
                0x2000007c        0x4 src\main.o
                0x2000007c                xTrafficLightHandle
 .bss.xActiveTimerList1
                0x20000080       0x14 Libraries\FreeRTOS\timers.o
 .bss.xActiveTimerList2
                0x20000094       0x14 Libraries\FreeRTOS\timers.o
 .bss.pxCurrentTimerList
                0x200000a8        0x4 Libraries\FreeRTOS\timers.o
 .bss.pxOverflowTimerList
                0x200000ac        0x4 Libraries\FreeRTOS\timers.o
 .bss.xTimerQueue
                0x200000b0        0x4 Libraries\FreeRTOS\timers.o
 .bss.xLastTime.5184
                0x200000b4        0x4 Libraries\FreeRTOS\timers.o
 .bss.pxCurrentTCB
                0x200000b8        0x4 Libraries\FreeRTOS\tasks.o
                0x200000b8                pxCurrentTCB
 .bss.pxReadyTasksLists
                0x200000bc       0x64 Libraries\FreeRTOS\tasks.o
 .bss.xDelayedTaskList1
                0x20000120       0x14 Libraries\FreeRTOS\tasks.o
 .bss.xDelayedTaskList2
                0x20000134       0x14 Libraries\FreeRTOS\tasks.o
 .bss.pxDelayedTaskList
                0x20000148        0x4 Libraries\FreeRTOS\tasks.o
 .bss.pxOverflowDelayedTaskList
                0x2000014c        0x4 Libraries\FreeRTOS\tasks.o
 .bss.xPendingReadyList
                0x20000150       0x14 Libraries\FreeRTOS\tasks.o
 .bss.xTasksWaitingTermination
                0x20000164       0x14 Libraries\FreeRTOS\tasks.o
 .bss.uxTasksDeleted
                0x20000178        0x4 Libraries\FreeRTOS\tasks.o
 .bss.xSuspendedTaskList
                0x2000017c       0x14 Libraries\FreeRTOS\tasks.o
 .bss.uxCurrentNumberOfTasks
                0x20000190        0x4 Libraries\FreeRTOS\tasks.o
 .bss.xTickCount
                0x20000194        0x4 Libraries\FreeRTOS\tasks.o
 .bss.uxTopReadyPriority
                0x20000198        0x4 Libraries\FreeRTOS\tasks.o
 .bss.xSchedulerRunning
                0x2000019c        0x4 Libraries\FreeRTOS\tasks.o
 .bss.uxPendedTicks
                0x200001a0        0x4 Libraries\FreeRTOS\tasks.o
 .bss.xYieldPending
                0x200001a4        0x4 Libraries\FreeRTOS\tasks.o
 .bss.xNumOfOverflows
                0x200001a8        0x4 Libraries\FreeRTOS\tasks.o
 .bss.uxTaskNumber
                0x200001ac        0x4 Libraries\FreeRTOS\tasks.o
 .bss.uxSchedulerSuspended
                0x200001b0        0x4 Libraries\FreeRTOS\tasks.o
 .bss.ucHeap    0x200001b4    0x1c000 Libraries\FreeRTOS\Portable\heap_4.o
 .bss.xStart    0x2001c1b4        0x8 Libraries\FreeRTOS\Portable\heap_4.o
 .bss.pxEnd     0x2001c1bc        0x4 Libraries\FreeRTOS\Portable\heap_4.o
 .bss.xFreeBytesRemaining
                0x2001c1c0        0x4 Libraries\FreeRTOS\Portable\heap_4.o
 .bss.xMinimumEverFreeBytesRemaining
                0x2001c1c4        0x4 Libraries\FreeRTOS\Portable\heap_4.o
 .bss.xBlockAllocatedBit
                0x2001c1c8        0x4 Libraries\FreeRTOS\Portable\heap_4.o
 *(COMMON)
 COMMON         0x2001c1cc      0x160 src\trafficLight.o
                0x2001c1cc                light_system_state
                0x2001c1d0                adcPin
                0x2001c1dc                process_packet
                0x2001c1e0                mode_savs
                0x2001c1e4                xPacketQueue
                0x2001c1e8                wifi_channel_active
                0x2001c1ea                wifi_next_channel
                0x2001c1eb                delay_done
                0x2001c1ec                sendTrafficLight
                0x2001c1f0                timer_NS
                0x2001c1f4                wifi_channel
                0x2001c1f8                adcClk
                0x2001c210                average_power
                0x2001c300                adcPort
                0x2001c318                timer_EW
                0x2001c319                my_mode
                0x2001c31c                received_string
                0x2001c32c                . = ALIGN (0x4)
                0x2001c32c                _ebss = .
                0x2001c32c                __bss_end__ = _ebss

._user_heap_stack
                0x2001c32c      0x400
                0x2001c32c                . = ALIGN (0x4)
                0x2001c32c                PROVIDE (end, .)
                0x2001c32c                PROVIDE (_end, .)
                0x2001c32c                . = (. + _Min_Heap_Size)
                0x2001c72c                . = (. + _Min_Stack_Size)
 *fill*         0x2001c32c      0x400 
                0x2001c72c                . = ALIGN (0x4)

.memory_b1_text
 *(.mb1text)
 *(.mb1text*)
 *(.mb1rodata)
 *(.mb1rodata*)

/DISCARD/
 libc.a(*)
 libm.a(*)
 libgcc.a(*)

.ARM.attributes
                0x00000000       0x30
 *(.ARM.attributes)
 .ARM.attributes
                0x00000000       0x22 c:/program files (x86)/atollic/truestudio for arm 5.4.1/armtools/bin/../lib/gcc/arm-atollic-eabi/4.8.3/armv7e-m/fpu/crti.o
 .ARM.attributes
                0x00000022       0x34 c:/program files (x86)/atollic/truestudio for arm 5.4.1/armtools/bin/../lib/gcc/arm-atollic-eabi/4.8.3/armv7e-m/fpu/crtbegin.o
 .ARM.attributes
                0x00000056       0x39 src\trafficLight.o
 .ARM.attributes
                0x0000008f       0x39 src\system_stm32f4xx.o
 .ARM.attributes
                0x000000c8       0x39 src\swTimer.o
 .ARM.attributes
                0x00000101       0x39 src\stm32f4xx_it.o
 .ARM.attributes
                0x0000013a       0x21 src\startup_stm32f40xx.o
 .ARM.attributes
                0x0000015b       0x39 src\packet.o
 .ARM.attributes
                0x00000194       0x39 src\main.o
 .ARM.attributes
                0x000001cd       0x39 src\hardware.o
 .ARM.attributes
                0x00000206       0x39 Libraries\STM32F4xx_StdPeriph_Driver\src\stm32f4xx_usart.o
 .ARM.attributes
                0x0000023f       0x39 Libraries\STM32F4xx_StdPeriph_Driver\src\stm32f4xx_rcc.o
 .ARM.attributes
                0x00000278       0x39 Libraries\STM32F4xx_StdPeriph_Driver\src\stm32f4xx_gpio.o
 .ARM.attributes
                0x000002b1       0x39 Libraries\STM32F4xx_StdPeriph_Driver\src\misc.o
 .ARM.attributes
                0x000002ea       0x39 Libraries\FreeRTOS\timers.o
 .ARM.attributes
                0x00000323       0x39 Libraries\FreeRTOS\tasks.o
 .ARM.attributes
                0x0000035c       0x39 Libraries\FreeRTOS\queue.o
 .ARM.attributes
                0x00000395       0x39 Libraries\FreeRTOS\list.o
 .ARM.attributes
                0x000003ce       0x39 Libraries\FreeRTOS\Portable\port.o
 .ARM.attributes
                0x00000407       0x39 Libraries\FreeRTOS\Portable\heap_4.o
 .ARM.attributes
                0x00000440       0x34 c:/program files (x86)/atollic/truestudio for arm 5.4.1/armtools/bin/../lib/gcc/arm-atollic-eabi/4.8.3/../../../../arm-atollic-eabi/lib/armv7e-m/fpu\libc_s.a(lib_a-init.o)
 .ARM.attributes
                0x00000474       0x34 c:/program files (x86)/atollic/truestudio for arm 5.4.1/armtools/bin/../lib/gcc/arm-atollic-eabi/4.8.3/../../../../arm-atollic-eabi/lib/armv7e-m/fpu\libc_s.a(lib_a-memcmp.o)
 .ARM.attributes
                0x000004a8       0x34 c:/program files (x86)/atollic/truestudio for arm 5.4.1/armtools/bin/../lib/gcc/arm-atollic-eabi/4.8.3/../../../../arm-atollic-eabi/lib/armv7e-m/fpu\libc_s.a(lib_a-memcpy-stub.o)
 .ARM.attributes
                0x000004dc       0x34 c:/program files (x86)/atollic/truestudio for arm 5.4.1/armtools/bin/../lib/gcc/arm-atollic-eabi/4.8.3/../../../../arm-atollic-eabi/lib/armv7e-m/fpu\libc_s.a(lib_a-memset.o)
 .ARM.attributes
                0x00000510       0x22 c:/program files (x86)/atollic/truestudio for arm 5.4.1/armtools/bin/../lib/gcc/arm-atollic-eabi/4.8.3/armv7e-m/fpu/crtn.o
OUTPUT(BaseStation.elf elf32-littlearm)

.debug_info     0x00000000     0x7ef4
 .debug_info    0x00000000      0x507 src\trafficLight.o
 .debug_info    0x00000507      0x5a3 src\system_stm32f4xx.o
 .debug_info    0x00000aaa      0x265 src\swTimer.o
 .debug_info    0x00000d0f      0x100 src\stm32f4xx_it.o
 .debug_info    0x00000e0f       0x79 src\startup_stm32f40xx.o
 .debug_info    0x00000e88      0xd51 src\packet.o
 .debug_info    0x00001bd9      0x7d2 src\main.o
 .debug_info    0x000023ab      0x934 src\hardware.o
 .debug_info    0x00002cdf      0x9c6 Libraries\STM32F4xx_StdPeriph_Driver\src\stm32f4xx_usart.o
 .debug_info    0x000036a5      0xc77 Libraries\STM32F4xx_StdPeriph_Driver\src\stm32f4xx_rcc.o
 .debug_info    0x0000431c      0x609 Libraries\STM32F4xx_StdPeriph_Driver\src\stm32f4xx_gpio.o
 .debug_info    0x00004925      0x541 Libraries\STM32F4xx_StdPeriph_Driver\src\misc.o
 .debug_info    0x00004e66      0x7e5 Libraries\FreeRTOS\timers.o
 .debug_info    0x0000564b     0x14b4 Libraries\FreeRTOS\tasks.o
 .debug_info    0x00006aff      0xb3a Libraries\FreeRTOS\queue.o
 .debug_info    0x00007639      0x29d Libraries\FreeRTOS\list.o
 .debug_info    0x000078d6      0x310 Libraries\FreeRTOS\Portable\port.o
 .debug_info    0x00007be6      0x30e Libraries\FreeRTOS\Portable\heap_4.o

.debug_abbrev   0x00000000     0x18cc
 .debug_abbrev  0x00000000      0x13e src\trafficLight.o
 .debug_abbrev  0x0000013e      0x138 src\system_stm32f4xx.o
 .debug_abbrev  0x00000276       0xbc src\swTimer.o
 .debug_abbrev  0x00000332       0x67 src\stm32f4xx_it.o
 .debug_abbrev  0x00000399       0x12 src\startup_stm32f40xx.o
 .debug_abbrev  0x000003ab      0x1f1 src\packet.o
 .debug_abbrev  0x0000059c      0x217 src\main.o
 .debug_abbrev  0x000007b3      0x138 src\hardware.o
 .debug_abbrev  0x000008eb      0x157 Libraries\STM32F4xx_StdPeriph_Driver\src\stm32f4xx_usart.o
 .debug_abbrev  0x00000a42      0x1e5 Libraries\STM32F4xx_StdPeriph_Driver\src\stm32f4xx_rcc.o
 .debug_abbrev  0x00000c27      0x1a5 Libraries\STM32F4xx_StdPeriph_Driver\src\stm32f4xx_gpio.o
 .debug_abbrev  0x00000dcc      0x147 Libraries\STM32F4xx_StdPeriph_Driver\src\misc.o
 .debug_abbrev  0x00000f13      0x188 Libraries\FreeRTOS\timers.o
 .debug_abbrev  0x0000109b      0x28f Libraries\FreeRTOS\tasks.o
 .debug_abbrev  0x0000132a      0x1d4 Libraries\FreeRTOS\queue.o
 .debug_abbrev  0x000014fe       0xbe Libraries\FreeRTOS\list.o
 .debug_abbrev  0x000015bc      0x19e Libraries\FreeRTOS\Portable\port.o
 .debug_abbrev  0x0000175a      0x172 Libraries\FreeRTOS\Portable\heap_4.o

.debug_aranges  0x00000000      0x248
 .debug_aranges
                0x00000000       0x20 src\trafficLight.o
 .debug_aranges
                0x00000020       0x20 src\system_stm32f4xx.o
 .debug_aranges
                0x00000040       0x20 src\swTimer.o
 .debug_aranges
                0x00000060       0x20 src\stm32f4xx_it.o
 .debug_aranges
                0x00000080       0x28 src\startup_stm32f40xx.o
 .debug_aranges
                0x000000a8       0x20 src\packet.o
 .debug_aranges
                0x000000c8       0x20 src\main.o
 .debug_aranges
                0x000000e8       0x20 src\hardware.o
 .debug_aranges
                0x00000108       0x20 Libraries\STM32F4xx_StdPeriph_Driver\src\stm32f4xx_usart.o
 .debug_aranges
                0x00000128       0x20 Libraries\STM32F4xx_StdPeriph_Driver\src\stm32f4xx_rcc.o
 .debug_aranges
                0x00000148       0x20 Libraries\STM32F4xx_StdPeriph_Driver\src\stm32f4xx_gpio.o
 .debug_aranges
                0x00000168       0x20 Libraries\STM32F4xx_StdPeriph_Driver\src\misc.o
 .debug_aranges
                0x00000188       0x20 Libraries\FreeRTOS\timers.o
 .debug_aranges
                0x000001a8       0x20 Libraries\FreeRTOS\tasks.o
 .debug_aranges
                0x000001c8       0x20 Libraries\FreeRTOS\queue.o
 .debug_aranges
                0x000001e8       0x20 Libraries\FreeRTOS\list.o
 .debug_aranges
                0x00000208       0x20 Libraries\FreeRTOS\Portable\port.o
 .debug_aranges
                0x00000228       0x20 Libraries\FreeRTOS\Portable\heap_4.o

.debug_line     0x00000000     0x3009
 .debug_line    0x00000000      0x217 src\trafficLight.o
 .debug_line    0x00000217      0x1da src\system_stm32f4xx.o
 .debug_line    0x000003f1      0x1ba src\swTimer.o
 .debug_line    0x000005ab      0x16d src\stm32f4xx_it.o
 .debug_line    0x00000718       0x7a src\startup_stm32f40xx.o
 .debug_line    0x00000792      0x368 src\packet.o
 .debug_line    0x00000afa      0x35b src\main.o
 .debug_line    0x00000e55      0x275 src\hardware.o
 .debug_line    0x000010ca      0x329 Libraries\STM32F4xx_StdPeriph_Driver\src\stm32f4xx_usart.o
 .debug_line    0x000013f3      0x35c Libraries\STM32F4xx_StdPeriph_Driver\src\stm32f4xx_rcc.o
 .debug_line    0x0000174f      0x280 Libraries\STM32F4xx_StdPeriph_Driver\src\stm32f4xx_gpio.o
 .debug_line    0x000019cf      0x1fb Libraries\STM32F4xx_StdPeriph_Driver\src\misc.o
 .debug_line    0x00001bca      0x282 Libraries\FreeRTOS\timers.o
 .debug_line    0x00001e4c      0x76f Libraries\FreeRTOS\tasks.o
 .debug_line    0x000025bb      0x46d Libraries\FreeRTOS\queue.o
 .debug_line    0x00002a28      0x1b9 Libraries\FreeRTOS\list.o
 .debug_line    0x00002be1      0x1ed Libraries\FreeRTOS\Portable\port.o
 .debug_line    0x00002dce      0x23b Libraries\FreeRTOS\Portable\heap_4.o

.debug_str      0x00000000     0x3490
 .debug_str     0x00000000      0x3f4 src\trafficLight.o
                                0x454 (size before relaxing)
 .debug_str     0x000003f4      0x205 src\system_stm32f4xx.o
                                0x3e8 (size before relaxing)
 .debug_str     0x000005f9       0xea src\swTimer.o
                                0x2c1 (size before relaxing)
 .debug_str     0x000006e3       0x7b src\stm32f4xx_it.o
                                0x206 (size before relaxing)
 .debug_str     0x0000075e      0x309 src\packet.o
                                0x7d9 (size before relaxing)
 .debug_str     0x00000a67      0x140 src\main.o
                                0x636 (size before relaxing)
 .debug_str     0x00000ba7      0x7be src\hardware.o
                                0xb98 (size before relaxing)
 .debug_str     0x00001365      0x3ff Libraries\STM32F4xx_StdPeriph_Driver\src\stm32f4xx_usart.o
                                0x6e5 (size before relaxing)
 .debug_str     0x00001764      0x533 Libraries\STM32F4xx_StdPeriph_Driver\src\stm32f4xx_rcc.o
                                0x8cf (size before relaxing)
 .debug_str     0x00001c97      0x186 Libraries\STM32F4xx_StdPeriph_Driver\src\stm32f4xx_gpio.o
                                0x4f9 (size before relaxing)
 .debug_str     0x00001e1d      0x144 Libraries\STM32F4xx_StdPeriph_Driver\src\misc.o
                                0x424 (size before relaxing)
 .debug_str     0x00001f61      0x40a Libraries\FreeRTOS\timers.o
                                0x680 (size before relaxing)
 .debug_str     0x0000236b      0xa3b Libraries\FreeRTOS\tasks.o
                                0xd33 (size before relaxing)
 .debug_str     0x00002da6      0x344 Libraries\FreeRTOS\queue.o
                                0x6a9 (size before relaxing)
 .debug_str     0x000030ea       0xb1 Libraries\FreeRTOS\list.o
                                0x2e1 (size before relaxing)
 .debug_str     0x0000319b      0x11a Libraries\FreeRTOS\Portable\port.o
                                0x359 (size before relaxing)
 .debug_str     0x000032b5      0x1db Libraries\FreeRTOS\Portable\heap_4.o
                                0x3a1 (size before relaxing)

.comment        0x00000000       0x82
 .comment       0x00000000       0x82 src\trafficLight.o
                                 0x83 (size before relaxing)
 .comment       0x00000000       0x83 src\system_stm32f4xx.o
 .comment       0x00000000       0x83 src\swTimer.o
 .comment       0x00000000       0x83 src\stm32f4xx_it.o
 .comment       0x00000000       0x83 src\packet.o
 .comment       0x00000000       0x83 src\main.o
 .comment       0x00000000       0x83 src\hardware.o
 .comment       0x00000000       0x83 Libraries\STM32F4xx_StdPeriph_Driver\src\stm32f4xx_usart.o
 .comment       0x00000000       0x83 Libraries\STM32F4xx_StdPeriph_Driver\src\stm32f4xx_rcc.o
 .comment       0x00000000       0x83 Libraries\STM32F4xx_StdPeriph_Driver\src\stm32f4xx_gpio.o
 .comment       0x00000000       0x83 Libraries\STM32F4xx_StdPeriph_Driver\src\misc.o
 .comment       0x00000000       0x83 Libraries\FreeRTOS\timers.o
 .comment       0x00000000       0x83 Libraries\FreeRTOS\tasks.o
 .comment       0x00000000       0x83 Libraries\FreeRTOS\queue.o
 .comment       0x00000000       0x83 Libraries\FreeRTOS\list.o
 .comment       0x00000000       0x83 Libraries\FreeRTOS\Portable\port.o
 .comment       0x00000000       0x83 Libraries\FreeRTOS\Portable\heap_4.o

.debug_frame    0x00000000     0x1d60
 .debug_frame   0x00000000       0x2c src\trafficLight.o
 .debug_frame   0x0000002c       0x64 src\system_stm32f4xx.o
 .debug_frame   0x00000090       0xcc src\swTimer.o
 .debug_frame   0x0000015c       0xa0 src\stm32f4xx_it.o
 .debug_frame   0x000001fc      0x1e4 src\packet.o
 .debug_frame   0x000003e0      0x138 src\main.o
 .debug_frame   0x00000518       0x70 src\hardware.o
 .debug_frame   0x00000588      0x344 Libraries\STM32F4xx_StdPeriph_Driver\src\stm32f4xx_usart.o
 .debug_frame   0x000008cc      0x4f4 Libraries\STM32F4xx_StdPeriph_Driver\src\stm32f4xx_rcc.o
 .debug_frame   0x00000dc0      0x19c Libraries\STM32F4xx_StdPeriph_Driver\src\stm32f4xx_gpio.o
 .debug_frame   0x00000f5c       0x9c Libraries\STM32F4xx_StdPeriph_Driver\src\misc.o
 .debug_frame   0x00000ff8      0x1e0 Libraries\FreeRTOS\timers.o
 .debug_frame   0x000011d8      0x5ac Libraries\FreeRTOS\tasks.o
 .debug_frame   0x00001784      0x2a4 Libraries\FreeRTOS\queue.o
 .debug_frame   0x00001a28       0x9c Libraries\FreeRTOS\list.o
 .debug_frame   0x00001ac4      0x12c Libraries\FreeRTOS\Portable\port.o
 .debug_frame   0x00001bf0       0xd0 Libraries\FreeRTOS\Portable\heap_4.o
 .debug_frame   0x00001cc0       0x2c c:/program files (x86)/atollic/truestudio for arm 5.4.1/armtools/bin/../lib/gcc/arm-atollic-eabi/4.8.3/../../../../arm-atollic-eabi/lib/armv7e-m/fpu\libc_s.a(lib_a-init.o)
 .debug_frame   0x00001cec       0x2c c:/program files (x86)/atollic/truestudio for arm 5.4.1/armtools/bin/../lib/gcc/arm-atollic-eabi/4.8.3/../../../../arm-atollic-eabi/lib/armv7e-m/fpu\libc_s.a(lib_a-memcmp.o)
 .debug_frame   0x00001d18       0x28 c:/program files (x86)/atollic/truestudio for arm 5.4.1/armtools/bin/../lib/gcc/arm-atollic-eabi/4.8.3/../../../../arm-atollic-eabi/lib/armv7e-m/fpu\libc_s.a(lib_a-memcpy-stub.o)
 .debug_frame   0x00001d40       0x20 c:/program files (x86)/atollic/truestudio for arm 5.4.1/armtools/bin/../lib/gcc/arm-atollic-eabi/4.8.3/../../../../arm-atollic-eabi/lib/armv7e-m/fpu\libc_s.a(lib_a-memset.o)

.debug_ranges   0x00000000       0x20
 .debug_ranges  0x00000000       0x20 src\startup_stm32f40xx.o

Cross Reference Table

Symbol                                            File
ADC_AnalogWatchdogCmd                             Libraries\STM32F4xx_StdPeriph_Driver\src\stm32f4xx_adc.o
ADC_AnalogWatchdogSingleChannelConfig             Libraries\STM32F4xx_StdPeriph_Driver\src\stm32f4xx_adc.o
ADC_AnalogWatchdogThresholdsConfig                Libraries\STM32F4xx_StdPeriph_Driver\src\stm32f4xx_adc.o
ADC_AutoInjectedConvCmd                           Libraries\STM32F4xx_StdPeriph_Driver\src\stm32f4xx_adc.o
ADC_ClearFlag                                     Libraries\STM32F4xx_StdPeriph_Driver\src\stm32f4xx_adc.o
ADC_ClearITPendingBit                             Libraries\STM32F4xx_StdPeriph_Driver\src\stm32f4xx_adc.o
ADC_Cmd                                           Libraries\STM32F4xx_StdPeriph_Driver\src\stm32f4xx_adc.o
ADC_CommonInit                                    Libraries\STM32F4xx_StdPeriph_Driver\src\stm32f4xx_adc.o
ADC_CommonStructInit                              Libraries\STM32F4xx_StdPeriph_Driver\src\stm32f4xx_adc.o
ADC_ContinuousModeCmd                             Libraries\STM32F4xx_StdPeriph_Driver\src\stm32f4xx_adc.o
ADC_DMACmd                                        Libraries\STM32F4xx_StdPeriph_Driver\src\stm32f4xx_adc.o
ADC_DMARequestAfterLastTransferCmd                Libraries\STM32F4xx_StdPeriph_Driver\src\stm32f4xx_adc.o
ADC_DeInit                                        Libraries\STM32F4xx_StdPeriph_Driver\src\stm32f4xx_adc.o
ADC_DiscModeChannelCountConfig                    Libraries\STM32F4xx_StdPeriph_Driver\src\stm32f4xx_adc.o
ADC_DiscModeCmd                                   Libraries\STM32F4xx_StdPeriph_Driver\src\stm32f4xx_adc.o
ADC_EOCOnEachRegularChannelCmd                    Libraries\STM32F4xx_StdPeriph_Driver\src\stm32f4xx_adc.o
ADC_ExternalTrigInjectedConvConfig                Libraries\STM32F4xx_StdPeriph_Driver\src\stm32f4xx_adc.o
ADC_ExternalTrigInjectedConvEdgeConfig            Libraries\STM32F4xx_StdPeriph_Driver\src\stm32f4xx_adc.o
ADC_GetConversionValue                            Libraries\STM32F4xx_StdPeriph_Driver\src\stm32f4xx_adc.o
ADC_GetFlagStatus                                 Libraries\STM32F4xx_StdPeriph_Driver\src\stm32f4xx_adc.o
ADC_GetITStatus                                   Libraries\STM32F4xx_StdPeriph_Driver\src\stm32f4xx_adc.o
ADC_GetInjectedConversionValue                    Libraries\STM32F4xx_StdPeriph_Driver\src\stm32f4xx_adc.o
ADC_GetMultiModeConversionValue                   Libraries\STM32F4xx_StdPeriph_Driver\src\stm32f4xx_adc.o
ADC_GetSoftwareStartConvStatus                    Libraries\STM32F4xx_StdPeriph_Driver\src\stm32f4xx_adc.o
ADC_GetSoftwareStartInjectedConvCmdStatus         Libraries\STM32F4xx_StdPeriph_Driver\src\stm32f4xx_adc.o
ADC_IRQHandler                                    src\startup_stm32f40xx.o
ADC_ITConfig                                      Libraries\STM32F4xx_StdPeriph_Driver\src\stm32f4xx_adc.o
ADC_Init                                          Libraries\STM32F4xx_StdPeriph_Driver\src\stm32f4xx_adc.o
ADC_InjectedChannelConfig                         Libraries\STM32F4xx_StdPeriph_Driver\src\stm32f4xx_adc.o
ADC_InjectedDiscModeCmd                           Libraries\STM32F4xx_StdPeriph_Driver\src\stm32f4xx_adc.o
ADC_InjectedSequencerLengthConfig                 Libraries\STM32F4xx_StdPeriph_Driver\src\stm32f4xx_adc.o
ADC_MultiModeDMARequestAfterLastTransferCmd       Libraries\STM32F4xx_StdPeriph_Driver\src\stm32f4xx_adc.o
ADC_RegularChannelConfig                          Libraries\STM32F4xx_StdPeriph_Driver\src\stm32f4xx_adc.o
ADC_SetInjectedOffset                             Libraries\STM32F4xx_StdPeriph_Driver\src\stm32f4xx_adc.o
ADC_SoftwareStartConv                             Libraries\STM32F4xx_StdPeriph_Driver\src\stm32f4xx_adc.o
ADC_SoftwareStartInjectedConv                     Libraries\STM32F4xx_StdPeriph_Driver\src\stm32f4xx_adc.o
ADC_StructInit                                    Libraries\STM32F4xx_StdPeriph_Driver\src\stm32f4xx_adc.o
ADC_TempSensorVrefintCmd                          Libraries\STM32F4xx_StdPeriph_Driver\src\stm32f4xx_adc.o
ADC_VBATCmd                                       Libraries\STM32F4xx_StdPeriph_Driver\src\stm32f4xx_adc.o
AHBPrescTable                                     src\system_stm32f4xx.o
BusFault_Handler                                  src\stm32f4xx_it.o
CAN1_RX0_IRQHandler                               src\startup_stm32f40xx.o
CAN1_RX1_IRQHandler                               src\startup_stm32f40xx.o
CAN1_SCE_IRQHandler                               src\startup_stm32f40xx.o
CAN1_TX_IRQHandler                                src\startup_stm32f40xx.o
CAN2_RX0_IRQHandler                               src\startup_stm32f40xx.o
CAN2_RX1_IRQHandler                               src\startup_stm32f40xx.o
CAN2_SCE_IRQHandler                               src\startup_stm32f40xx.o
CAN2_TX_IRQHandler                                src\startup_stm32f40xx.o
CAN_CancelTransmit                                Libraries\STM32F4xx_StdPeriph_Driver\src\stm32f4xx_can.o
CAN_ClearFlag                                     Libraries\STM32F4xx_StdPeriph_Driver\src\stm32f4xx_can.o
CAN_ClearITPendingBit                             Libraries\STM32F4xx_StdPeriph_Driver\src\stm32f4xx_can.o
CAN_DBGFreeze                                     Libraries\STM32F4xx_StdPeriph_Driver\src\stm32f4xx_can.o
CAN_DeInit                                        Libraries\STM32F4xx_StdPeriph_Driver\src\stm32f4xx_can.o
CAN_FIFORelease                                   Libraries\STM32F4xx_StdPeriph_Driver\src\stm32f4xx_can.o
CAN_FilterInit                                    Libraries\STM32F4xx_StdPeriph_Driver\src\stm32f4xx_can.o
CAN_GetFlagStatus                                 Libraries\STM32F4xx_StdPeriph_Driver\src\stm32f4xx_can.o
CAN_GetITStatus                                   Libraries\STM32F4xx_StdPeriph_Driver\src\stm32f4xx_can.o
CAN_GetLSBTransmitErrorCounter                    Libraries\STM32F4xx_StdPeriph_Driver\src\stm32f4xx_can.o
CAN_GetLastErrorCode                              Libraries\STM32F4xx_StdPeriph_Driver\src\stm32f4xx_can.o
CAN_GetReceiveErrorCounter                        Libraries\STM32F4xx_StdPeriph_Driver\src\stm32f4xx_can.o
CAN_ITConfig                                      Libraries\STM32F4xx_StdPeriph_Driver\src\stm32f4xx_can.o
CAN_Init                                          Libraries\STM32F4xx_StdPeriph_Driver\src\stm32f4xx_can.o
CAN_MessagePending                                Libraries\STM32F4xx_StdPeriph_Driver\src\stm32f4xx_can.o
CAN_OperatingModeRequest                          Libraries\STM32F4xx_StdPeriph_Driver\src\stm32f4xx_can.o
CAN_Receive                                       Libraries\STM32F4xx_StdPeriph_Driver\src\stm32f4xx_can.o
CAN_SlaveStartBank                                Libraries\STM32F4xx_StdPeriph_Driver\src\stm32f4xx_can.o
CAN_Sleep                                         Libraries\STM32F4xx_StdPeriph_Driver\src\stm32f4xx_can.o
CAN_StructInit                                    Libraries\STM32F4xx_StdPeriph_Driver\src\stm32f4xx_can.o
CAN_TTComModeCmd                                  Libraries\STM32F4xx_StdPeriph_Driver\src\stm32f4xx_can.o
CAN_Transmit                                      Libraries\STM32F4xx_StdPeriph_Driver\src\stm32f4xx_can.o
CAN_TransmitStatus                                Libraries\STM32F4xx_StdPeriph_Driver\src\stm32f4xx_can.o
CAN_WakeUp                                        Libraries\STM32F4xx_StdPeriph_Driver\src\stm32f4xx_can.o
CRC_CalcBlockCRC                                  Libraries\STM32F4xx_StdPeriph_Driver\src\stm32f4xx_crc.o
CRC_CalcCRC                                       Libraries\STM32F4xx_StdPeriph_Driver\src\stm32f4xx_crc.o
CRC_GetCRC                                        Libraries\STM32F4xx_StdPeriph_Driver\src\stm32f4xx_crc.o
CRC_GetIDRegister                                 Libraries\STM32F4xx_StdPeriph_Driver\src\stm32f4xx_crc.o
CRC_ResetDR                                       Libraries\STM32F4xx_StdPeriph_Driver\src\stm32f4xx_crc.o
CRC_SetIDRegister                                 Libraries\STM32F4xx_StdPeriph_Driver\src\stm32f4xx_crc.o
CRYP_AES_CBC                                      Libraries\STM32F4xx_StdPeriph_Driver\src\stm32f4xx_cryp_aes.o
CRYP_AES_CCM                                      Libraries\STM32F4xx_StdPeriph_Driver\src\stm32f4xx_cryp_aes.o
CRYP_AES_CTR                                      Libraries\STM32F4xx_StdPeriph_Driver\src\stm32f4xx_cryp_aes.o
CRYP_AES_ECB                                      Libraries\STM32F4xx_StdPeriph_Driver\src\stm32f4xx_cryp_aes.o
CRYP_AES_GCM                                      Libraries\STM32F4xx_StdPeriph_Driver\src\stm32f4xx_cryp_aes.o
CRYP_Cmd                                          Libraries\STM32F4xx_StdPeriph_Driver\src\stm32f4xx_cryp.o
                                                  Libraries\STM32F4xx_StdPeriph_Driver\src\stm32f4xx_cryp_aes.o
                                                  Libraries\STM32F4xx_StdPeriph_Driver\src\stm32f4xx_cryp_des.o
                                                  Libraries\STM32F4xx_StdPeriph_Driver\src\stm32f4xx_cryp_tdes.o
CRYP_DES_CBC                                      Libraries\STM32F4xx_StdPeriph_Driver\src\stm32f4xx_cryp_des.o
CRYP_DES_ECB                                      Libraries\STM32F4xx_StdPeriph_Driver\src\stm32f4xx_cryp_des.o
CRYP_DMACmd                                       Libraries\STM32F4xx_StdPeriph_Driver\src\stm32f4xx_cryp.o
CRYP_DataIn                                       Libraries\STM32F4xx_StdPeriph_Driver\src\stm32f4xx_cryp.o
                                                  Libraries\STM32F4xx_StdPeriph_Driver\src\stm32f4xx_cryp_aes.o
                                                  Libraries\STM32F4xx_StdPeriph_Driver\src\stm32f4xx_cryp_des.o
                                                  Libraries\STM32F4xx_StdPeriph_Driver\src\stm32f4xx_cryp_tdes.o
CRYP_DataOut                                      Libraries\STM32F4xx_StdPeriph_Driver\src\stm32f4xx_cryp.o
                                                  Libraries\STM32F4xx_StdPeriph_Driver\src\stm32f4xx_cryp_aes.o
                                                  Libraries\STM32F4xx_StdPeriph_Driver\src\stm32f4xx_cryp_des.o
                                                  Libraries\STM32F4xx_StdPeriph_Driver\src\stm32f4xx_cryp_tdes.o
CRYP_DeInit                                       Libraries\STM32F4xx_StdPeriph_Driver\src\stm32f4xx_cryp.o
CRYP_FIFOFlush                                    Libraries\STM32F4xx_StdPeriph_Driver\src\stm32f4xx_cryp.o
                                                  Libraries\STM32F4xx_StdPeriph_Driver\src\stm32f4xx_cryp_aes.o
                                                  Libraries\STM32F4xx_StdPeriph_Driver\src\stm32f4xx_cryp_des.o
                                                  Libraries\STM32F4xx_StdPeriph_Driver\src\stm32f4xx_cryp_tdes.o
CRYP_GetCmdStatus                                 Libraries\STM32F4xx_StdPeriph_Driver\src\stm32f4xx_cryp.o
                                                  Libraries\STM32F4xx_StdPeriph_Driver\src\stm32f4xx_cryp_aes.o
                                                  Libraries\STM32F4xx_StdPeriph_Driver\src\stm32f4xx_cryp_des.o
                                                  Libraries\STM32F4xx_StdPeriph_Driver\src\stm32f4xx_cryp_tdes.o
CRYP_GetFlagStatus                                Libraries\STM32F4xx_StdPeriph_Driver\src\stm32f4xx_cryp.o
                                                  Libraries\STM32F4xx_StdPeriph_Driver\src\stm32f4xx_cryp_aes.o
                                                  Libraries\STM32F4xx_StdPeriph_Driver\src\stm32f4xx_cryp_des.o
                                                  Libraries\STM32F4xx_StdPeriph_Driver\src\stm32f4xx_cryp_tdes.o
CRYP_GetITStatus                                  Libraries\STM32F4xx_StdPeriph_Driver\src\stm32f4xx_cryp.o
CRYP_IRQHandler                                   src\startup_stm32f40xx.o
CRYP_ITConfig                                     Libraries\STM32F4xx_StdPeriph_Driver\src\stm32f4xx_cryp.o
CRYP_IVInit                                       Libraries\STM32F4xx_StdPeriph_Driver\src\stm32f4xx_cryp.o
                                                  Libraries\STM32F4xx_StdPeriph_Driver\src\stm32f4xx_cryp_aes.o
                                                  Libraries\STM32F4xx_StdPeriph_Driver\src\stm32f4xx_cryp_des.o
                                                  Libraries\STM32F4xx_StdPeriph_Driver\src\stm32f4xx_cryp_tdes.o
CRYP_IVStructInit                                 Libraries\STM32F4xx_StdPeriph_Driver\src\stm32f4xx_cryp.o
CRYP_Init                                         Libraries\STM32F4xx_StdPeriph_Driver\src\stm32f4xx_cryp.o
                                                  Libraries\STM32F4xx_StdPeriph_Driver\src\stm32f4xx_cryp_aes.o
                                                  Libraries\STM32F4xx_StdPeriph_Driver\src\stm32f4xx_cryp_des.o
                                                  Libraries\STM32F4xx_StdPeriph_Driver\src\stm32f4xx_cryp_tdes.o
CRYP_KeyInit                                      Libraries\STM32F4xx_StdPeriph_Driver\src\stm32f4xx_cryp.o
                                                  Libraries\STM32F4xx_StdPeriph_Driver\src\stm32f4xx_cryp_aes.o
                                                  Libraries\STM32F4xx_StdPeriph_Driver\src\stm32f4xx_cryp_des.o
                                                  Libraries\STM32F4xx_StdPeriph_Driver\src\stm32f4xx_cryp_tdes.o
CRYP_KeyStructInit                                Libraries\STM32F4xx_StdPeriph_Driver\src\stm32f4xx_cryp.o
                                                  Libraries\STM32F4xx_StdPeriph_Driver\src\stm32f4xx_cryp_aes.o
                                                  Libraries\STM32F4xx_StdPeriph_Driver\src\stm32f4xx_cryp_des.o
                                                  Libraries\STM32F4xx_StdPeriph_Driver\src\stm32f4xx_cryp_tdes.o
CRYP_PhaseConfig                                  Libraries\STM32F4xx_StdPeriph_Driver\src\stm32f4xx_cryp.o
                                                  Libraries\STM32F4xx_StdPeriph_Driver\src\stm32f4xx_cryp_aes.o
CRYP_RestoreContext                               Libraries\STM32F4xx_StdPeriph_Driver\src\stm32f4xx_cryp.o
CRYP_SaveContext                                  Libraries\STM32F4xx_StdPeriph_Driver\src\stm32f4xx_cryp.o
CRYP_StructInit                                   Libraries\STM32F4xx_StdPeriph_Driver\src\stm32f4xx_cryp.o
CRYP_TDES_CBC                                     Libraries\STM32F4xx_StdPeriph_Driver\src\stm32f4xx_cryp_tdes.o
CRYP_TDES_ECB                                     Libraries\STM32F4xx_StdPeriph_Driver\src\stm32f4xx_cryp_tdes.o
DAC_ClearFlag                                     Libraries\STM32F4xx_StdPeriph_Driver\src\stm32f4xx_dac.o
DAC_ClearITPendingBit                             Libraries\STM32F4xx_StdPeriph_Driver\src\stm32f4xx_dac.o
DAC_Cmd                                           Libraries\STM32F4xx_StdPeriph_Driver\src\stm32f4xx_dac.o
DAC_DMACmd                                        Libraries\STM32F4xx_StdPeriph_Driver\src\stm32f4xx_dac.o
DAC_DeInit                                        Libraries\STM32F4xx_StdPeriph_Driver\src\stm32f4xx_dac.o
DAC_DualSoftwareTriggerCmd                        Libraries\STM32F4xx_StdPeriph_Driver\src\stm32f4xx_dac.o
DAC_GetDataOutputValue                            Libraries\STM32F4xx_StdPeriph_Driver\src\stm32f4xx_dac.o
DAC_GetFlagStatus                                 Libraries\STM32F4xx_StdPeriph_Driver\src\stm32f4xx_dac.o
DAC_GetITStatus                                   Libraries\STM32F4xx_StdPeriph_Driver\src\stm32f4xx_dac.o
DAC_ITConfig                                      Libraries\STM32F4xx_StdPeriph_Driver\src\stm32f4xx_dac.o
DAC_Init                                          Libraries\STM32F4xx_StdPeriph_Driver\src\stm32f4xx_dac.o
DAC_SetChannel1Data                               Libraries\STM32F4xx_StdPeriph_Driver\src\stm32f4xx_dac.o
DAC_SetChannel2Data                               Libraries\STM32F4xx_StdPeriph_Driver\src\stm32f4xx_dac.o
DAC_SetDualChannelData                            Libraries\STM32F4xx_StdPeriph_Driver\src\stm32f4xx_dac.o
DAC_SoftwareTriggerCmd                            Libraries\STM32F4xx_StdPeriph_Driver\src\stm32f4xx_dac.o
DAC_StructInit                                    Libraries\STM32F4xx_StdPeriph_Driver\src\stm32f4xx_dac.o
DAC_WaveGenerationCmd                             Libraries\STM32F4xx_StdPeriph_Driver\src\stm32f4xx_dac.o
DBGMCU_APB1PeriphConfig                           Libraries\STM32F4xx_StdPeriph_Driver\src\stm32f4xx_dbgmcu.o
DBGMCU_APB2PeriphConfig                           Libraries\STM32F4xx_StdPeriph_Driver\src\stm32f4xx_dbgmcu.o
DBGMCU_Config                                     Libraries\STM32F4xx_StdPeriph_Driver\src\stm32f4xx_dbgmcu.o
DBGMCU_GetDEVID                                   Libraries\STM32F4xx_StdPeriph_Driver\src\stm32f4xx_dbgmcu.o
DBGMCU_GetREVID                                   Libraries\STM32F4xx_StdPeriph_Driver\src\stm32f4xx_dbgmcu.o
DCMI_CROPCmd                                      Libraries\STM32F4xx_StdPeriph_Driver\src\stm32f4xx_dcmi.o
DCMI_CROPConfig                                   Libraries\STM32F4xx_StdPeriph_Driver\src\stm32f4xx_dcmi.o
DCMI_CaptureCmd                                   Libraries\STM32F4xx_StdPeriph_Driver\src\stm32f4xx_dcmi.o
DCMI_ClearFlag                                    Libraries\STM32F4xx_StdPeriph_Driver\src\stm32f4xx_dcmi.o
DCMI_ClearITPendingBit                            Libraries\STM32F4xx_StdPeriph_Driver\src\stm32f4xx_dcmi.o
DCMI_Cmd                                          Libraries\STM32F4xx_StdPeriph_Driver\src\stm32f4xx_dcmi.o
DCMI_DeInit                                       Libraries\STM32F4xx_StdPeriph_Driver\src\stm32f4xx_dcmi.o
DCMI_GetFlagStatus                                Libraries\STM32F4xx_StdPeriph_Driver\src\stm32f4xx_dcmi.o
DCMI_GetITStatus                                  Libraries\STM32F4xx_StdPeriph_Driver\src\stm32f4xx_dcmi.o
DCMI_IRQHandler                                   src\startup_stm32f40xx.o
DCMI_ITConfig                                     Libraries\STM32F4xx_StdPeriph_Driver\src\stm32f4xx_dcmi.o
DCMI_Init                                         Libraries\STM32F4xx_StdPeriph_Driver\src\stm32f4xx_dcmi.o
DCMI_JPEGCmd                                      Libraries\STM32F4xx_StdPeriph_Driver\src\stm32f4xx_dcmi.o
DCMI_ReadData                                     Libraries\STM32F4xx_StdPeriph_Driver\src\stm32f4xx_dcmi.o
DCMI_SetEmbeddedSynchroCodes                      Libraries\STM32F4xx_StdPeriph_Driver\src\stm32f4xx_dcmi.o
DCMI_StructInit                                   Libraries\STM32F4xx_StdPeriph_Driver\src\stm32f4xx_dcmi.o
DMA1_Stream0_IRQHandler                           src\startup_stm32f40xx.o
DMA1_Stream1_IRQHandler                           src\startup_stm32f40xx.o
DMA1_Stream2_IRQHandler                           src\startup_stm32f40xx.o
DMA1_Stream3_IRQHandler                           src\startup_stm32f40xx.o
DMA1_Stream4_IRQHandler                           src\startup_stm32f40xx.o
DMA1_Stream5_IRQHandler                           src\startup_stm32f40xx.o
DMA1_Stream6_IRQHandler                           src\startup_stm32f40xx.o
DMA1_Stream7_IRQHandler                           src\startup_stm32f40xx.o
DMA2_Stream0_IRQHandler                           src\startup_stm32f40xx.o
DMA2_Stream1_IRQHandler                           src\startup_stm32f40xx.o
DMA2_Stream2_IRQHandler                           src\startup_stm32f40xx.o
DMA2_Stream3_IRQHandler                           src\startup_stm32f40xx.o
DMA2_Stream4_IRQHandler                           src\startup_stm32f40xx.o
DMA2_Stream5_IRQHandler                           src\startup_stm32f40xx.o
DMA2_Stream6_IRQHandler                           src\startup_stm32f40xx.o
DMA2_Stream7_IRQHandler                           src\startup_stm32f40xx.o
DMA_ClearFlag                                     Libraries\STM32F4xx_StdPeriph_Driver\src\stm32f4xx_dma.o
DMA_ClearITPendingBit                             Libraries\STM32F4xx_StdPeriph_Driver\src\stm32f4xx_dma.o
DMA_Cmd                                           Libraries\STM32F4xx_StdPeriph_Driver\src\stm32f4xx_dma.o
DMA_DeInit                                        Libraries\STM32F4xx_StdPeriph_Driver\src\stm32f4xx_dma.o
DMA_DoubleBufferModeCmd                           Libraries\STM32F4xx_StdPeriph_Driver\src\stm32f4xx_dma.o
DMA_DoubleBufferModeConfig                        Libraries\STM32F4xx_StdPeriph_Driver\src\stm32f4xx_dma.o
DMA_FlowControllerConfig                          Libraries\STM32F4xx_StdPeriph_Driver\src\stm32f4xx_dma.o
DMA_GetCmdStatus                                  Libraries\STM32F4xx_StdPeriph_Driver\src\stm32f4xx_dma.o
DMA_GetCurrDataCounter                            Libraries\STM32F4xx_StdPeriph_Driver\src\stm32f4xx_dma.o
DMA_GetCurrentMemoryTarget                        Libraries\STM32F4xx_StdPeriph_Driver\src\stm32f4xx_dma.o
DMA_GetFIFOStatus                                 Libraries\STM32F4xx_StdPeriph_Driver\src\stm32f4xx_dma.o
DMA_GetFlagStatus                                 Libraries\STM32F4xx_StdPeriph_Driver\src\stm32f4xx_dma.o
DMA_GetITStatus                                   Libraries\STM32F4xx_StdPeriph_Driver\src\stm32f4xx_dma.o
DMA_ITConfig                                      Libraries\STM32F4xx_StdPeriph_Driver\src\stm32f4xx_dma.o
DMA_Init                                          Libraries\STM32F4xx_StdPeriph_Driver\src\stm32f4xx_dma.o
DMA_MemoryTargetConfig                            Libraries\STM32F4xx_StdPeriph_Driver\src\stm32f4xx_dma.o
DMA_PeriphIncOffsetSizeConfig                     Libraries\STM32F4xx_StdPeriph_Driver\src\stm32f4xx_dma.o
DMA_SetCurrDataCounter                            Libraries\STM32F4xx_StdPeriph_Driver\src\stm32f4xx_dma.o
DMA_StructInit                                    Libraries\STM32F4xx_StdPeriph_Driver\src\stm32f4xx_dma.o
DebugMon_Handler                                  src\stm32f4xx_it.o
Default_Handler                                   src\startup_stm32f40xx.o
ETH_IRQHandler                                    src\startup_stm32f40xx.o
ETH_WKUP_IRQHandler                               src\startup_stm32f40xx.o
EXTI0_IRQHandler                                  src\startup_stm32f40xx.o
EXTI15_10_IRQHandler                              src\startup_stm32f40xx.o
EXTI1_IRQHandler                                  src\startup_stm32f40xx.o
EXTI2_IRQHandler                                  src\startup_stm32f40xx.o
EXTI3_IRQHandler                                  src\startup_stm32f40xx.o
EXTI4_IRQHandler                                  src\startup_stm32f40xx.o
EXTI9_5_IRQHandler                                src\startup_stm32f40xx.o
EXTI_ClearFlag                                    Libraries\STM32F4xx_StdPeriph_Driver\src\stm32f4xx_exti.o
EXTI_ClearITPendingBit                            Libraries\STM32F4xx_StdPeriph_Driver\src\stm32f4xx_exti.o
EXTI_DeInit                                       Libraries\STM32F4xx_StdPeriph_Driver\src\stm32f4xx_exti.o
EXTI_GenerateSWInterrupt                          Libraries\STM32F4xx_StdPeriph_Driver\src\stm32f4xx_exti.o
EXTI_GetFlagStatus                                Libraries\STM32F4xx_StdPeriph_Driver\src\stm32f4xx_exti.o
EXTI_GetITStatus                                  Libraries\STM32F4xx_StdPeriph_Driver\src\stm32f4xx_exti.o
EXTI_Init                                         Libraries\STM32F4xx_StdPeriph_Driver\src\stm32f4xx_exti.o
EXTI_StructInit                                   Libraries\STM32F4xx_StdPeriph_Driver\src\stm32f4xx_exti.o
FLASH_ClearFlag                                   Libraries\STM32F4xx_StdPeriph_Driver\src\stm32f4xx_flash.o
FLASH_DataCacheCmd                                Libraries\STM32F4xx_StdPeriph_Driver\src\stm32f4xx_flash.o
FLASH_DataCacheReset                              Libraries\STM32F4xx_StdPeriph_Driver\src\stm32f4xx_flash.o
FLASH_EraseAllSectors                             Libraries\STM32F4xx_StdPeriph_Driver\src\stm32f4xx_flash.o
FLASH_EraseSector                                 Libraries\STM32F4xx_StdPeriph_Driver\src\stm32f4xx_flash.o
FLASH_GetFlagStatus                               Libraries\STM32F4xx_StdPeriph_Driver\src\stm32f4xx_flash.o
FLASH_GetStatus                                   Libraries\STM32F4xx_StdPeriph_Driver\src\stm32f4xx_flash.o
FLASH_IRQHandler                                  src\startup_stm32f40xx.o
FLASH_ITConfig                                    Libraries\STM32F4xx_StdPeriph_Driver\src\stm32f4xx_flash.o
FLASH_InstructionCacheCmd                         Libraries\STM32F4xx_StdPeriph_Driver\src\stm32f4xx_flash.o
FLASH_InstructionCacheReset                       Libraries\STM32F4xx_StdPeriph_Driver\src\stm32f4xx_flash.o
FLASH_Lock                                        Libraries\STM32F4xx_StdPeriph_Driver\src\stm32f4xx_flash.o
FLASH_OB_BORConfig                                Libraries\STM32F4xx_StdPeriph_Driver\src\stm32f4xx_flash.o
FLASH_OB_GetBOR                                   Libraries\STM32F4xx_StdPeriph_Driver\src\stm32f4xx_flash.o
FLASH_OB_GetRDP                                   Libraries\STM32F4xx_StdPeriph_Driver\src\stm32f4xx_flash.o
FLASH_OB_GetUser                                  Libraries\STM32F4xx_StdPeriph_Driver\src\stm32f4xx_flash.o
FLASH_OB_GetWRP                                   Libraries\STM32F4xx_StdPeriph_Driver\src\stm32f4xx_flash.o
FLASH_OB_GetWRP1                                  Libraries\STM32F4xx_StdPeriph_Driver\src\stm32f4xx_flash.o
FLASH_OB_Launch                                   Libraries\STM32F4xx_StdPeriph_Driver\src\stm32f4xx_flash.o
FLASH_OB_Lock                                     Libraries\STM32F4xx_StdPeriph_Driver\src\stm32f4xx_flash.o
FLASH_OB_RDPConfig                                Libraries\STM32F4xx_StdPeriph_Driver\src\stm32f4xx_flash.o
FLASH_OB_Unlock                                   Libraries\STM32F4xx_StdPeriph_Driver\src\stm32f4xx_flash.o
FLASH_OB_UserConfig                               Libraries\STM32F4xx_StdPeriph_Driver\src\stm32f4xx_flash.o
FLASH_OB_WRP1Config                               Libraries\STM32F4xx_StdPeriph_Driver\src\stm32f4xx_flash.o
FLASH_OB_WRPConfig                                Libraries\STM32F4xx_StdPeriph_Driver\src\stm32f4xx_flash.o
FLASH_PrefetchBufferCmd                           Libraries\STM32F4xx_StdPeriph_Driver\src\stm32f4xx_flash.o
FLASH_ProgramByte                                 Libraries\STM32F4xx_StdPeriph_Driver\src\stm32f4xx_flash.o
FLASH_ProgramDoubleWord                           Libraries\STM32F4xx_StdPeriph_Driver\src\stm32f4xx_flash.o
FLASH_ProgramHalfWord                             Libraries\STM32F4xx_StdPeriph_Driver\src\stm32f4xx_flash.o
FLASH_ProgramWord                                 Libraries\STM32F4xx_StdPeriph_Driver\src\stm32f4xx_flash.o
FLASH_SetLatency                                  Libraries\STM32F4xx_StdPeriph_Driver\src\stm32f4xx_flash.o
FLASH_Unlock                                      Libraries\STM32F4xx_StdPeriph_Driver\src\stm32f4xx_flash.o
FLASH_WaitForLastOperation                        Libraries\STM32F4xx_StdPeriph_Driver\src\stm32f4xx_flash.o
FPU_IRQHandler                                    src\startup_stm32f40xx.o
FSMC_ClearFlag                                    Libraries\STM32F4xx_StdPeriph_Driver\src\stm32f4xx_fsmc.o
FSMC_ClearITPendingBit                            Libraries\STM32F4xx_StdPeriph_Driver\src\stm32f4xx_fsmc.o
FSMC_GetECC                                       Libraries\STM32F4xx_StdPeriph_Driver\src\stm32f4xx_fsmc.o
FSMC_GetFlagStatus                                Libraries\STM32F4xx_StdPeriph_Driver\src\stm32f4xx_fsmc.o
FSMC_GetITStatus                                  Libraries\STM32F4xx_StdPeriph_Driver\src\stm32f4xx_fsmc.o
FSMC_IRQHandler                                   src\startup_stm32f40xx.o
FSMC_ITConfig                                     Libraries\STM32F4xx_StdPeriph_Driver\src\stm32f4xx_fsmc.o
FSMC_NANDCmd                                      Libraries\STM32F4xx_StdPeriph_Driver\src\stm32f4xx_fsmc.o
FSMC_NANDDeInit                                   Libraries\STM32F4xx_StdPeriph_Driver\src\stm32f4xx_fsmc.o
FSMC_NANDECCCmd                                   Libraries\STM32F4xx_StdPeriph_Driver\src\stm32f4xx_fsmc.o
FSMC_NANDInit                                     Libraries\STM32F4xx_StdPeriph_Driver\src\stm32f4xx_fsmc.o
FSMC_NANDStructInit                               Libraries\STM32F4xx_StdPeriph_Driver\src\stm32f4xx_fsmc.o
FSMC_NORSRAMCmd                                   Libraries\STM32F4xx_StdPeriph_Driver\src\stm32f4xx_fsmc.o
FSMC_NORSRAMDeInit                                Libraries\STM32F4xx_StdPeriph_Driver\src\stm32f4xx_fsmc.o
FSMC_NORSRAMInit                                  Libraries\STM32F4xx_StdPeriph_Driver\src\stm32f4xx_fsmc.o
FSMC_NORSRAMStructInit                            Libraries\STM32F4xx_StdPeriph_Driver\src\stm32f4xx_fsmc.o
FSMC_PCCARDCmd                                    Libraries\STM32F4xx_StdPeriph_Driver\src\stm32f4xx_fsmc.o
FSMC_PCCARDDeInit                                 Libraries\STM32F4xx_StdPeriph_Driver\src\stm32f4xx_fsmc.o
FSMC_PCCARDInit                                   Libraries\STM32F4xx_StdPeriph_Driver\src\stm32f4xx_fsmc.o
FSMC_PCCARDStructInit                             Libraries\STM32F4xx_StdPeriph_Driver\src\stm32f4xx_fsmc.o
GPIO_DeInit                                       Libraries\STM32F4xx_StdPeriph_Driver\src\stm32f4xx_gpio.o
GPIO_Init                                         Libraries\STM32F4xx_StdPeriph_Driver\src\stm32f4xx_gpio.o
                                                  src\hardware.o
GPIO_PinAFConfig                                  Libraries\STM32F4xx_StdPeriph_Driver\src\stm32f4xx_gpio.o
                                                  src\hardware.o
GPIO_PinLockConfig                                Libraries\STM32F4xx_StdPeriph_Driver\src\stm32f4xx_gpio.o
GPIO_ReadInputData                                Libraries\STM32F4xx_StdPeriph_Driver\src\stm32f4xx_gpio.o
GPIO_ReadInputDataBit                             Libraries\STM32F4xx_StdPeriph_Driver\src\stm32f4xx_gpio.o
GPIO_ReadOutputData                               Libraries\STM32F4xx_StdPeriph_Driver\src\stm32f4xx_gpio.o
GPIO_ReadOutputDataBit                            Libraries\STM32F4xx_StdPeriph_Driver\src\stm32f4xx_gpio.o
GPIO_ResetBits                                    Libraries\STM32F4xx_StdPeriph_Driver\src\stm32f4xx_gpio.o
GPIO_SetBits                                      Libraries\STM32F4xx_StdPeriph_Driver\src\stm32f4xx_gpio.o
GPIO_StructInit                                   Libraries\STM32F4xx_StdPeriph_Driver\src\stm32f4xx_gpio.o
GPIO_ToggleBits                                   Libraries\STM32F4xx_StdPeriph_Driver\src\stm32f4xx_gpio.o
GPIO_Write                                        Libraries\STM32F4xx_StdPeriph_Driver\src\stm32f4xx_gpio.o
GPIO_WriteBit                                     Libraries\STM32F4xx_StdPeriph_Driver\src\stm32f4xx_gpio.o
HASH_AutoStartDigest                              Libraries\STM32F4xx_StdPeriph_Driver\src\stm32f4xx_hash.o
HASH_ClearFlag                                    Libraries\STM32F4xx_StdPeriph_Driver\src\stm32f4xx_hash.o
HASH_ClearITPendingBit                            Libraries\STM32F4xx_StdPeriph_Driver\src\stm32f4xx_hash.o
HASH_DMACmd                                       Libraries\STM32F4xx_StdPeriph_Driver\src\stm32f4xx_hash.o
HASH_DataIn                                       Libraries\STM32F4xx_StdPeriph_Driver\src\stm32f4xx_hash.o
                                                  Libraries\STM32F4xx_StdPeriph_Driver\src\stm32f4xx_hash_md5.o
                                                  Libraries\STM32F4xx_StdPeriph_Driver\src\stm32f4xx_hash_sha1.o
HASH_DeInit                                       Libraries\STM32F4xx_StdPeriph_Driver\src\stm32f4xx_hash.o
                                                  Libraries\STM32F4xx_StdPeriph_Driver\src\stm32f4xx_hash_md5.o
                                                  Libraries\STM32F4xx_StdPeriph_Driver\src\stm32f4xx_hash_sha1.o
HASH_GetDigest                                    Libraries\STM32F4xx_StdPeriph_Driver\src\stm32f4xx_hash.o
                                                  Libraries\STM32F4xx_StdPeriph_Driver\src\stm32f4xx_hash_md5.o
                                                  Libraries\STM32F4xx_StdPeriph_Driver\src\stm32f4xx_hash_sha1.o
HASH_GetFlagStatus                                Libraries\STM32F4xx_StdPeriph_Driver\src\stm32f4xx_hash.o
                                                  Libraries\STM32F4xx_StdPeriph_Driver\src\stm32f4xx_hash_md5.o
                                                  Libraries\STM32F4xx_StdPeriph_Driver\src\stm32f4xx_hash_sha1.o
HASH_GetITStatus                                  Libraries\STM32F4xx_StdPeriph_Driver\src\stm32f4xx_hash.o
HASH_GetInFIFOWordsNbr                            Libraries\STM32F4xx_StdPeriph_Driver\src\stm32f4xx_hash.o
HASH_ITConfig                                     Libraries\STM32F4xx_StdPeriph_Driver\src\stm32f4xx_hash.o
HASH_Init                                         Libraries\STM32F4xx_StdPeriph_Driver\src\stm32f4xx_hash.o
                                                  Libraries\STM32F4xx_StdPeriph_Driver\src\stm32f4xx_hash_md5.o
                                                  Libraries\STM32F4xx_StdPeriph_Driver\src\stm32f4xx_hash_sha1.o
HASH_MD5                                          Libraries\STM32F4xx_StdPeriph_Driver\src\stm32f4xx_hash_md5.o
HASH_RNG_IRQHandler                               src\startup_stm32f40xx.o
HASH_Reset                                        Libraries\STM32F4xx_StdPeriph_Driver\src\stm32f4xx_hash.o
HASH_RestoreContext                               Libraries\STM32F4xx_StdPeriph_Driver\src\stm32f4xx_hash.o
HASH_SHA1                                         Libraries\STM32F4xx_StdPeriph_Driver\src\stm32f4xx_hash_sha1.o
HASH_SaveContext                                  Libraries\STM32F4xx_StdPeriph_Driver\src\stm32f4xx_hash.o
HASH_SetLastWordValidBitsNbr                      Libraries\STM32F4xx_StdPeriph_Driver\src\stm32f4xx_hash.o
                                                  Libraries\STM32F4xx_StdPeriph_Driver\src\stm32f4xx_hash_md5.o
                                                  Libraries\STM32F4xx_StdPeriph_Driver\src\stm32f4xx_hash_sha1.o
HASH_StartDigest                                  Libraries\STM32F4xx_StdPeriph_Driver\src\stm32f4xx_hash.o
                                                  Libraries\STM32F4xx_StdPeriph_Driver\src\stm32f4xx_hash_md5.o
                                                  Libraries\STM32F4xx_StdPeriph_Driver\src\stm32f4xx_hash_sha1.o
HASH_StructInit                                   Libraries\STM32F4xx_StdPeriph_Driver\src\stm32f4xx_hash.o
HMAC_MD5                                          Libraries\STM32F4xx_StdPeriph_Driver\src\stm32f4xx_hash_md5.o
HMAC_SHA1                                         Libraries\STM32F4xx_StdPeriph_Driver\src\stm32f4xx_hash_sha1.o
HardFault_Handler                                 src\stm32f4xx_it.o
I2C1_ER_IRQHandler                                src\startup_stm32f40xx.o
I2C1_EV_IRQHandler                                src\startup_stm32f40xx.o
I2C2_ER_IRQHandler                                src\startup_stm32f40xx.o
I2C2_EV_IRQHandler                                src\startup_stm32f40xx.o
I2C3_ER_IRQHandler                                src\startup_stm32f40xx.o
I2C3_EV_IRQHandler                                src\startup_stm32f40xx.o
I2C_ARPCmd                                        Libraries\STM32F4xx_StdPeriph_Driver\src\stm32f4xx_i2c.o
I2C_AcknowledgeConfig                             Libraries\STM32F4xx_StdPeriph_Driver\src\stm32f4xx_i2c.o
I2C_AnalogFilterCmd                               Libraries\STM32F4xx_StdPeriph_Driver\src\stm32f4xx_i2c.o
I2C_CalculatePEC                                  Libraries\STM32F4xx_StdPeriph_Driver\src\stm32f4xx_i2c.o
I2C_CheckEvent                                    Libraries\STM32F4xx_StdPeriph_Driver\src\stm32f4xx_i2c.o
I2C_ClearFlag                                     Libraries\STM32F4xx_StdPeriph_Driver\src\stm32f4xx_i2c.o
I2C_ClearITPendingBit                             Libraries\STM32F4xx_StdPeriph_Driver\src\stm32f4xx_i2c.o
I2C_Cmd                                           Libraries\STM32F4xx_StdPeriph_Driver\src\stm32f4xx_i2c.o
I2C_DMACmd                                        Libraries\STM32F4xx_StdPeriph_Driver\src\stm32f4xx_i2c.o
I2C_DMALastTransferCmd                            Libraries\STM32F4xx_StdPeriph_Driver\src\stm32f4xx_i2c.o
I2C_DeInit                                        Libraries\STM32F4xx_StdPeriph_Driver\src\stm32f4xx_i2c.o
I2C_DigitalFilterConfig                           Libraries\STM32F4xx_StdPeriph_Driver\src\stm32f4xx_i2c.o
I2C_DualAddressCmd                                Libraries\STM32F4xx_StdPeriph_Driver\src\stm32f4xx_i2c.o
I2C_FastModeDutyCycleConfig                       Libraries\STM32F4xx_StdPeriph_Driver\src\stm32f4xx_i2c.o
I2C_GeneralCallCmd                                Libraries\STM32F4xx_StdPeriph_Driver\src\stm32f4xx_i2c.o
I2C_GenerateSTART                                 Libraries\STM32F4xx_StdPeriph_Driver\src\stm32f4xx_i2c.o
I2C_GenerateSTOP                                  Libraries\STM32F4xx_StdPeriph_Driver\src\stm32f4xx_i2c.o
I2C_GetFlagStatus                                 Libraries\STM32F4xx_StdPeriph_Driver\src\stm32f4xx_i2c.o
I2C_GetITStatus                                   Libraries\STM32F4xx_StdPeriph_Driver\src\stm32f4xx_i2c.o
I2C_GetLastEvent                                  Libraries\STM32F4xx_StdPeriph_Driver\src\stm32f4xx_i2c.o
I2C_GetPEC                                        Libraries\STM32F4xx_StdPeriph_Driver\src\stm32f4xx_i2c.o
I2C_ITConfig                                      Libraries\STM32F4xx_StdPeriph_Driver\src\stm32f4xx_i2c.o
I2C_Init                                          Libraries\STM32F4xx_StdPeriph_Driver\src\stm32f4xx_i2c.o
I2C_NACKPositionConfig                            Libraries\STM32F4xx_StdPeriph_Driver\src\stm32f4xx_i2c.o
I2C_OwnAddress2Config                             Libraries\STM32F4xx_StdPeriph_Driver\src\stm32f4xx_i2c.o
I2C_PECPositionConfig                             Libraries\STM32F4xx_StdPeriph_Driver\src\stm32f4xx_i2c.o
I2C_ReadRegister                                  Libraries\STM32F4xx_StdPeriph_Driver\src\stm32f4xx_i2c.o
I2C_ReceiveData                                   Libraries\STM32F4xx_StdPeriph_Driver\src\stm32f4xx_i2c.o
I2C_SMBusAlertConfig                              Libraries\STM32F4xx_StdPeriph_Driver\src\stm32f4xx_i2c.o
I2C_Send7bitAddress                               Libraries\STM32F4xx_StdPeriph_Driver\src\stm32f4xx_i2c.o
I2C_SendData                                      Libraries\STM32F4xx_StdPeriph_Driver\src\stm32f4xx_i2c.o
I2C_SoftwareResetCmd                              Libraries\STM32F4xx_StdPeriph_Driver\src\stm32f4xx_i2c.o
I2C_StretchClockCmd                               Libraries\STM32F4xx_StdPeriph_Driver\src\stm32f4xx_i2c.o
I2C_StructInit                                    Libraries\STM32F4xx_StdPeriph_Driver\src\stm32f4xx_i2c.o
I2C_TransmitPEC                                   Libraries\STM32F4xx_StdPeriph_Driver\src\stm32f4xx_i2c.o
I2S_Cmd                                           Libraries\STM32F4xx_StdPeriph_Driver\src\stm32f4xx_spi.o
I2S_FullDuplexConfig                              Libraries\STM32F4xx_StdPeriph_Driver\src\stm32f4xx_spi.o
I2S_Init                                          Libraries\STM32F4xx_StdPeriph_Driver\src\stm32f4xx_spi.o
I2S_StructInit                                    Libraries\STM32F4xx_StdPeriph_Driver\src\stm32f4xx_spi.o
IWDG_Enable                                       Libraries\STM32F4xx_StdPeriph_Driver\src\stm32f4xx_iwdg.o
IWDG_GetFlagStatus                                Libraries\STM32F4xx_StdPeriph_Driver\src\stm32f4xx_iwdg.o
IWDG_ReloadCounter                                Libraries\STM32F4xx_StdPeriph_Driver\src\stm32f4xx_iwdg.o
IWDG_SetPrescaler                                 Libraries\STM32F4xx_StdPeriph_Driver\src\stm32f4xx_iwdg.o
IWDG_SetReload                                    Libraries\STM32F4xx_StdPeriph_Driver\src\stm32f4xx_iwdg.o
IWDG_WriteAccessCmd                               Libraries\STM32F4xx_StdPeriph_Driver\src\stm32f4xx_iwdg.o
MemManage_Handler                                 src\stm32f4xx_it.o
NMI_Handler                                       src\stm32f4xx_it.o
NVIC_Init                                         Libraries\STM32F4xx_StdPeriph_Driver\src\misc.o
                                                  src\hardware.o
NVIC_PriorityGroupConfig                          Libraries\STM32F4xx_StdPeriph_Driver\src\misc.o
                                                  src\main.o
NVIC_SetVectorTable                               Libraries\STM32F4xx_StdPeriph_Driver\src\misc.o
NVIC_SystemLPConfig                               Libraries\STM32F4xx_StdPeriph_Driver\src\misc.o
OTG_FS_IRQHandler                                 src\startup_stm32f40xx.o
OTG_FS_WKUP_IRQHandler                            src\startup_stm32f40xx.o
OTG_HS_EP1_IN_IRQHandler                          src\startup_stm32f40xx.o
OTG_HS_EP1_OUT_IRQHandler                         src\startup_stm32f40xx.o
OTG_HS_IRQHandler                                 src\startup_stm32f40xx.o
OTG_HS_WKUP_IRQHandler                            src\startup_stm32f40xx.o
PVD_IRQHandler                                    src\startup_stm32f40xx.o
PWR_BackupAccessCmd                               Libraries\STM32F4xx_StdPeriph_Driver\src\stm32f4xx_pwr.o
PWR_BackupRegulatorCmd                            Libraries\STM32F4xx_StdPeriph_Driver\src\stm32f4xx_pwr.o
PWR_ClearFlag                                     Libraries\STM32F4xx_StdPeriph_Driver\src\stm32f4xx_pwr.o
PWR_DeInit                                        Libraries\STM32F4xx_StdPeriph_Driver\src\stm32f4xx_pwr.o
PWR_EnterSTANDBYMode                              Libraries\STM32F4xx_StdPeriph_Driver\src\stm32f4xx_pwr.o
PWR_EnterSTOPMode                                 Libraries\STM32F4xx_StdPeriph_Driver\src\stm32f4xx_pwr.o
PWR_FlashPowerDownCmd                             Libraries\STM32F4xx_StdPeriph_Driver\src\stm32f4xx_pwr.o
PWR_GetFlagStatus                                 Libraries\STM32F4xx_StdPeriph_Driver\src\stm32f4xx_pwr.o
PWR_MainRegulatorModeConfig                       Libraries\STM32F4xx_StdPeriph_Driver\src\stm32f4xx_pwr.o
PWR_PVDCmd                                        Libraries\STM32F4xx_StdPeriph_Driver\src\stm32f4xx_pwr.o
PWR_PVDLevelConfig                                Libraries\STM32F4xx_StdPeriph_Driver\src\stm32f4xx_pwr.o
PWR_WakeUpPinCmd                                  Libraries\STM32F4xx_StdPeriph_Driver\src\stm32f4xx_pwr.o
PendSV_Handler                                    Libraries\FreeRTOS\Portable\port.o
                                                  src\startup_stm32f40xx.o
RCC_AHB1PeriphClockCmd                            Libraries\STM32F4xx_StdPeriph_Driver\src\stm32f4xx_rcc.o
                                                  src\hardware.o
RCC_AHB1PeriphClockLPModeCmd                      Libraries\STM32F4xx_StdPeriph_Driver\src\stm32f4xx_rcc.o
RCC_AHB1PeriphResetCmd                            Libraries\STM32F4xx_StdPeriph_Driver\src\stm32f4xx_rcc.o
                                                  Libraries\STM32F4xx_StdPeriph_Driver\src\stm32f4xx_gpio.o
RCC_AHB2PeriphClockCmd                            Libraries\STM32F4xx_StdPeriph_Driver\src\stm32f4xx_rcc.o
RCC_AHB2PeriphClockLPModeCmd                      Libraries\STM32F4xx_StdPeriph_Driver\src\stm32f4xx_rcc.o
RCC_AHB2PeriphResetCmd                            Libraries\STM32F4xx_StdPeriph_Driver\src\stm32f4xx_rcc.o
                                                  Libraries\STM32F4xx_StdPeriph_Driver\src\stm32f4xx_cryp.o